******************************************************************************
                  TI ARM Linker PC v16.9.6                     
******************************************************************************
>> Linked Sun Apr 08 01:21:04 2018

OUTPUT FILE NAME:   <PointRace_3_Car.out>
ENTRY POINT SYMBOL: "_c_int00"  address: 00006d9d


MEMORY CONFIGURATION

         name            origin    length      used     unused   attr    fill
----------------------  --------  ---------  --------  --------  ----  --------
  FLASH                 00000000   00040000  00008232  00037dce  R  X
  SRAM                  20000000   00008000  000002dc  00007d24  RW X


SEGMENT ALLOCATION MAP

run origin  load origin   length   init length attrs members
----------  ----------- ---------- ----------- ----- -------
00000000    00000000    00008238   00008238    r-x
  00000000    00000000    0000026c   0000026c    r-- .intvecs
  0000026c    0000026c    000070aa   000070aa    r-x .text
  00007318    00007318    00000ebc   00000ebc    r-- .const
  000081d8    000081d8    00000060   00000060    r-- .cinit
20000000    20000000    000002dc   00000000    rw-
  20000000    20000000    00000200   00000000    rw- .stack
  20000200    20000200    00000094   00000000    rw- .data
  20000294    20000294    00000048   00000000    rw- .bss


SECTION ALLOCATION MAP

 output                                  attributes/
section   page    origin      length       input sections
--------  ----  ----------  ----------   ----------------
.intvecs   0    00000000    0000026c     
                  00000000    0000026c     tm4c123gh6pm_startup_ccs.obj (.intvecs)

.text      0    0000026c    000070aa     
                  0000026c    00002b24     inv_mpu.obj (.text)
                  00002d90    00001088     inv_mpu_dmp_motion_driver.obj (.text)
                  00003e18    0000049c     uartstdio.obj (.text)
                  000042b4    00000488     main.obj (.text)
                  0000473c    00000484     uart_echo.obj (.text)
                  00004bc0    000003e4     rtsv7M4_T_le_v4SPD16_eabi.lib : e_asin.obj (.text)
                  00004fa4    00000340     I2C.obj (.text)
                  000052e4    000002ec     rtsv7M4_T_le_v4SPD16_eabi.lib : s_atan.obj (.text)
                  000055d0    000002bc     mpu6050.obj (.text)
                  0000588c    0000021e     rtsv7M4_T_le_v4SPD16_eabi.lib : ll_div_t2.obj (.text)
                  00005aaa    00000002                                   : i_div0.obj (.text)
                  00005aac    000001fc     Timer.obj (.text)
                  00005ca8    000001ec     rtsv7M4_T_le_v4SPD16_eabi.lib : e_atan2.obj (.text)
                  00005e94    000001b6                                   : fd_add_t2.obj (.text)
                  0000604a    00000194     mpu6050_firRefi.obj (.text)
                  000061de    00000002     rtsv7M4_T_le_v4SPD16_eabi.lib : l_div0.obj (.text)
                  000061e0    00000170                                   : e_sqrt.obj (.text)
                  00006350    00000138     motor.obj (.text)
                  00006488    00000136     rtsv7M4_T_le_v4SPD16_eabi.lib : fd_div_t2.obj (.text)
                  000065be    00000132     driverlib.lib : gpio.obj (.text:GPIOPadConfigSet)
                  000066f0    00000110                   : sysctl.obj (.text:SysCtlClockGet)
                  00006800    000000fc     rtsv7M4_T_le_v4SPD16_eabi.lib : fd_mul_t2.obj (.text)
                  000068fc    000000f4     driverlib.lib : sysctl.obj (.text:SysCtlClockSet)
                  000069f0    0000009c     rtsv7M4_T_le_v4SPD16_eabi.lib : memcpy_t2.obj (.text)
                  00006a8c    00000086                                   : fd_cmp_t2.obj (.text:__aeabi_cdrcmple)
                  00006b12    0000007a                                   : memset_t2.obj (.text)
                  00006b8c    00000070                                   : autoinit.obj (.text)
                  00006bfc    0000006e                                   : fd_tos_t2.obj (.text)
                  00006c6a    00000002                                   : mpu_init.obj (.text)
                  00006c6c    00000068     driverlib.lib : interrupt.obj (.text:IntEnable)
                  00006cd4    00000068     rtsv7M4_T_le_v4SPD16_eabi.lib : copy_decompress_lzss.obj (.text:decompress:lzss)
                  00006d3c    00000060     driverlib.lib : timer.obj (.text:TimerConfigure)
                  00006d9c    00000054     rtsv7M4_T_le_v4SPD16_eabi.lib : boot.obj (.text)
                  00006df0    00000054                                   : exit.obj (.text)
                  00006e44    0000004c                                   : cpy_tbl.obj (.text)
                  00006e90    00000048     driverlib.lib : gpio.obj (.text:GPIOPinConfigure)
                  00006ed8    00000048     rtsv7M4_T_le_v4SPD16_eabi.lib : fd_toi_t2.obj (.text)
                  00006f20    00000046     driverlib.lib : uart.obj (.text:UARTConfigSetExpClk)
                  00006f66    00000040     rtsv7M4_T_le_v4SPD16_eabi.lib : u_divt2.obj (.text)
                  00006fa6    00000002                                   : startup.obj (.text)
                  00006fa8    00000038     driverlib.lib : sysctl.obj (.text:SysCtlPeripheralPresent)
                  00006fe0    00000038     delay.obj (.text)
                  00007018    00000038     rtsv7M4_T_le_v4SPD16_eabi.lib : fs_tod_t2.obj (.text)
                  00007050    00000034     driverlib.lib : sysctl.obj (.text:SysCtlPeripheralEnable)
                  00007084    0000002e     rtsv7M4_T_le_v4SPD16_eabi.lib : i_tofd_t2.obj (.text)
                  000070b2    0000002a     driverlib.lib : gpio.obj (.text:GPIODirModeSet)
                  000070dc    00000024     Beep.obj (.text)
                  00007100    00000024     rtsv7M4_T_le_v4SPD16_eabi.lib : memcmp.obj (.text)
                  00007124    00000020     driverlib.lib : uart.obj (.text:UARTDisable)
                  00007144    00000020     rtsv7M4_T_le_v4SPD16_eabi.lib : u_tofd_t2.obj (.text)
                  00007164    00000018     driverlib.lib : gpio.obj (.text:GPIOPinTypeGPIOOutput)
                  0000717c    00000018                   : timer.obj (.text:TimerDisable)
                  00007194    00000018     rtsv7M4_T_le_v4SPD16_eabi.lib : args_main.obj (.text)
                  000071ac    00000018                                   : ll_mul_t2.obj (.text)
                  000071c4    00000014     driverlib.lib : uart.obj (.text:UARTEnable)
                  000071d8    00000014     rtsv7M4_T_le_v4SPD16_eabi.lib : _lock.obj (.text)
                  000071ec    00000012     driverlib.lib : gpio.obj (.text:GPIOPinTypeGPIOInput)
                  000071fe    00000012                   : gpio.obj (.text:GPIOPinTypeUART)
                  00007210    00000012                   : timer.obj (.text:TimerLoadSet)
                  00007222    00000002     --HOLE-- [fill = 0]
                  00007224    00000010                   : fpu.obj (.text:FPULazyStackingEnable)
                  00007234    00000010                   : interrupt.obj (.text:IntMasterDisable)
                  00007244    00000010                   : interrupt.obj (.text:IntMasterEnable)
                  00007254    0000000e                   : timer.obj (.text:TimerEnable)
                  00007262    0000000e                   : uart.obj (.text:UARTCharGetNonBlocking)
                  00007270    0000000e                   : uart.obj (.text:UARTCharPutNonBlocking)
                  0000727e    0000000e                   : uart.obj (.text:UARTCharsAvail)
                  0000728c    0000000e     rtsv7M4_T_le_v4SPD16_eabi.lib : copy_decompress_none.obj (.text:decompress:none)
                  0000729a    0000000c     driverlib.lib : cpu.obj (.text:CPUcpsid)
                  000072a6    0000000c                   : cpu.obj (.text:CPUcpsie)
                  000072b2    0000000c     rtsv7M4_T_le_v4SPD16_eabi.lib : copy_zero_init.obj (.text:decompress:ZI)
                  000072be    0000000c     tm4c123gh6pm_startup_ccs.obj (.text)
                  000072ca    0000000a     driverlib.lib : uart.obj (.text:UARTCharGet)
                  000072d4    0000000a                   : uart.obj (.text:UARTCharPut)
                  000072de    0000000a                   : uart.obj (.text:UARTIntStatus)
                  000072e8    00000008                   : timer.obj (.text:TimerIntEnable)
                  000072f0    00000008                   : uart.obj (.text:UARTIntEnable)
                  000072f8    00000006                   : gpio.obj (.text:GPIOPinRead)
                  000072fe    00000006                   : gpio.obj (.text:GPIOPinWrite)
                  00007304    00000006                   : sysctl.obj (.text:SysCtlDelay)
                  0000730a    00000004                   : timer.obj (.text:TimerIntClear)
                  0000730e    00000004                   : uart.obj (.text:UARTIntClear)
                  00007312    00000004     rtsv7M4_T_le_v4SPD16_eabi.lib : pre_init.obj (.text)

.const     0    00007318    00000ebc     
                  00007318    00000bf6     inv_mpu_dmp_motion_driver.obj (.const:.string:dmp_memory)
                  00007f0e    00000002     inv_mpu_dmp_motion_driver.obj (.const)
                  00007f10    00000098     rtsv7M4_T_le_v4SPD16_eabi.lib : s_atan.obj (.const:$O1$$)
                  00007fa8    00000090     driverlib.lib : gpio.obj (.const:g_pui32GPIOBaseAddrs)
                  00008038    00000070                   : interrupt.obj (.const)
                  000080a8    0000006c                   : sysctl.obj (.const:g_pui32Xtals)
                  00008114    00000028     inv_mpu.obj (.const:test)
                  0000813c    0000001b     inv_mpu.obj (.const:reg)
                  00008157    00000001     --HOLE-- [fill = 0]
                  00008158    00000012     uartstdio.obj (.const:.string)
                  0000816a    0000000c     inv_mpu_dmp_motion_driver.obj (.const:.string:$P$T4$5)
                  00008176    00000002     --HOLE-- [fill = 0]
                  00008178    0000000c     uartstdio.obj (.const:g_ui32UARTBase)
                  00008184    0000000c     uartstdio.obj (.const:g_ui32UARTPeriph)
                  00008190    0000000c     inv_mpu.obj (.const:hw)
                  0000819c    0000000b     inv_mpu_dmp_motion_driver.obj (.const:.string:$P$T7$8)
                  000081a7    0000000b     inv_mpu_dmp_motion_driver.obj (.const:.string:$P$T8$9)
                  000081b2    00000009     inv_mpu_dmp_motion_driver.obj (.const:.string:$P$T5$6)
                  000081bb    00000009     inv_mpu_dmp_motion_driver.obj (.const:.string:$P$T6$7)
                  000081c4    00000004     uartstdio.obj (.const)
                  000081c8    00000003     inv_mpu_dmp_motion_driver.obj (.const:.string:$P$T0$1)
                  000081cb    00000003     inv_mpu_dmp_motion_driver.obj (.const:.string:$P$T1$2)
                  000081ce    00000003     inv_mpu_dmp_motion_driver.obj (.const:.string:$P$T2$3)
                  000081d1    00000003     inv_mpu_dmp_motion_driver.obj (.const:.string:$P$T3$4)

.cinit     0    000081d8    00000060     
                  000081d8    0000003b     (.cinit..data.load) [load image, compression = lzss]
                  00008213    00000001     --HOLE-- [fill = 0]
                  00008214    0000000c     (__TI_handler_table)
                  00008220    00000008     (.cinit..bss.load) [load image, compression = zero_init]
                  00008228    00000010     (__TI_cinit_table)

.init_array 
*          0    00000000    00000000     UNINITIALIZED

.stack     0    20000000    00000200     UNINITIALIZED
                  20000000    00000200     --HOLE--

.data      0    20000200    00000094     UNINITIALIZED
                  20000200    0000002c     inv_mpu.obj (.data:st)
                  2000022c    00000014     Timer.obj (.data)
                  20000240    00000010     inv_mpu_dmp_motion_driver.obj (.data:dmp)
                  20000250    00000010     main.obj (.data)
                  20000260    0000000c     rtsv7M4_T_le_v4SPD16_eabi.lib : exit.obj (.data:$O1$$)
                  2000026c    00000009     inv_mpu.obj (.data:gyro_orientation)
                  20000275    00000003     --HOLE--
                  20000278    00000008     rtsv7M4_T_le_v4SPD16_eabi.lib : _lock.obj (.data:$O1$$)
                  20000280    00000005     uartstdio.obj (.data)
                  20000285    00000003     --HOLE--
                  20000288    00000004     rtsv7M4_T_le_v4SPD16_eabi.lib : errno.obj (.data)
                  2000028c    00000004                                   : stkdepth_vars.obj (.data)
                  20000290    00000004     uart_echo.obj (.data)

.bss       0    20000294    00000048     UNINITIALIZED
                  20000294    00000010     (.common:ReciveData_UART0)
                  200002a4    00000010     (.common:ReciveData_UART1)
                  200002b4    0000000c     (.common:CharTable)
                  200002c0    00000004     (.common:CharNum)
                  200002c4    00000004     (.common:pitch)
                  200002c8    00000004     (.common:roll)
                  200002cc    00000004     (.common:yaw)
                  200002d0    00000002     (.common:aacx)
                  200002d2    00000002     (.common:aacy)
                  200002d4    00000002     (.common:aacz)
                  200002d6    00000002     (.common:gyrox)
                  200002d8    00000002     (.common:gyroy)
                  200002da    00000002     (.common:gyroz)

MODULE SUMMARY

       Module                          code    ro data   rw data
       ------                          ----    -------   -------
    .\
       main.obj                        1160    0         56     
       tm4c123gh6pm_startup_ccs.obj    12      620       0      
    +--+-------------------------------+-------+---------+---------+
       Total:                          1172    620       56     
                                                                
    .\Beep\
       Beep.obj                        36      0         0      
    +--+-------------------------------+-------+---------+---------+
       Total:                          36      0         0      
                                                                
    .\Hardware\DMP\
       inv_mpu.obj                     11044   79        53     
       inv_mpu_dmp_motion_driver.obj   4232    3128      16     
    +--+-------------------------------+-------+---------+---------+
       Total:                          15276   3207      69     
                                                                
    .\Hardware\I2C\
       I2C.obj                         832     0         0      
    +--+-------------------------------+-------+---------+---------+
       Total:                          832     0         0      
                                                                
    .\Hardware\MPU6050\
       mpu6050.obj                     700     0         0      
       mpu6050_firRefi.obj             404     0         0      
    +--+-------------------------------+-------+---------+---------+
       Total:                          1104    0         0      
                                                                
    .\Motor\
       motor.obj                       312     0         0      
    +--+-------------------------------+-------+---------+---------+
       Total:                          312     0         0      
                                                                
    .\Timer\
       Timer.obj                       508     0         20     
    +--+-------------------------------+-------+---------+---------+
       Total:                          508     0         20     
                                                                
    .\delay\
       delay.obj                       56      0         0      
    +--+-------------------------------+-------+---------+---------+
       Total:                          56      0         0      
                                                                
    .\uart\
       uartstdio.obj                   1180    46        5      
       uart_echo.obj                   1156    0         36     
    +--+-------------------------------+-------+---------+---------+
       Total:                          2336    46        41     
                                                                
    D:/ti/TivaWare_C_Series-2.1.4.178/driverlib/ccs/Debug/driverlib.lib
       sysctl.obj                      630     108       0      
       gpio.obj                        492     144       0      
       interrupt.obj                   136     112       0      
       uart.obj                        206     0         0      
       timer.obj                       164     0         0      
       cpu.obj                         24      0         0      
       fpu.obj                         16      0         0      
    +--+-------------------------------+-------+---------+---------+
       Total:                          1668    364       0      
                                                                
    D:\Project_Program\Ccs_V7\ccsv7\tools\compiler\ti-cgt-arm_16.9.6.LTS\lib\rtsv7M4_T_le_v4SPD16_eabi.lib
       e_asin.obj                      996     0         0      
       s_atan.obj                      748     152       0      
       ll_div_t2.obj                   542     0         0      
       e_atan2.obj                     492     0         0      
       fd_add_t2.obj                   438     0         0      
       e_sqrt.obj                      368     0         0      
       fd_div_t2.obj                   310     0         0      
       fd_mul_t2.obj                   252     0         0      
       memcpy_t2.obj                   156     0         0      
       fd_cmp_t2.obj                   134     0         0      
       memset_t2.obj                   122     0         0      
       autoinit.obj                    112     0         0      
       fd_tos_t2.obj                   110     0         0      
       copy_decompress_lzss.obj        104     0         0      
       exit.obj                        84      0         12     
       boot.obj                        84      0         0      
       cpy_tbl.obj                     76      0         0      
       fd_toi_t2.obj                   72      0         0      
       u_divt2.obj                     64      0         0      
       fs_tod_t2.obj                   56      0         0      
       i_tofd_t2.obj                   46      0         0      
       memcmp.obj                      36      0         0      
       u_tofd_t2.obj                   32      0         0      
       _lock.obj                       20      0         8      
       args_main.obj                   24      0         0      
       ll_mul_t2.obj                   24      0         0      
       copy_decompress_none.obj        14      0         0      
       copy_zero_init.obj              12      0         0      
       errno.obj                       0       0         4      
       pre_init.obj                    4       0         0      
       stkdepth_vars.obj               0       0         4      
       i_div0.obj                      2       0         0      
       l_div0.obj                      2       0         0      
       mpu_init.obj                    2       0         0      
       startup.obj                     2       0         0      
    +--+-------------------------------+-------+---------+---------+
       Total:                          5540    152       28     
                                                                
       Stack:                          0       0         512    
       Linker Generated:               0       95        0      
    +--+-------------------------------+-------+---------+---------+
       Grand Total:                    28840   4484      726    


LINKER GENERATED COPY TABLES

__TI_cinit_table @ 00008228 records: 2, size/record: 8, table size: 16
	.data: load addr=000081d8, load size=0000003b bytes, run addr=20000200, run size=00000094 bytes, compression=lzss
	.bss: load addr=00008220, load size=00000008 bytes, run addr=20000294, run size=00000048 bytes, compression=zero_init


LINKER GENERATED HANDLER TABLE

__TI_handler_table @ 00008214 records: 3, size/record: 4, table size: 12
	index: 0, handler: __TI_decompress_lzss
	index: 1, handler: __TI_decompress_none
	index: 2, handler: __TI_zero_init


GLOBAL SYMBOLS: SORTED ALPHABETICALLY BY Name 

address   name                            
-------   ----                            
000070dd  Beep_Configure                  
20000238  Beep_Counter                    
20000234  Beep_Flag                       
2000023c  Beep_Fre                        
00006df1  C$$EXIT                         
0000729b  CPUcpsid                        
000072a7  CPUcpsie                        
200002c0  CharNum                         
200002b4  CharTable                       
20000250  CountBan                        
20000230  Counter                         
00007225  FPULazyStackingEnable           
20000258  FlagSend                        
20000259  Flag_Stop                       
000070b3  GPIODirModeSet                  
000065bf  GPIOPadConfigSet                
00006e91  GPIOPinConfigure                
000072f9  GPIOPinRead                     
000071ed  GPIOPinTypeGPIOInput            
00007165  GPIOPinTypeGPIOOutput           
000071ff  GPIOPinTypeUART                 
000072ff  GPIOPinWrite                    
000050f7  IIC_Ack                         
00004fa5  IIC_Init                        
0000514b  IIC_NAck                        
0000523d  IIC_Read_Byte                   
0000519f  IIC_Send_Byte                   
00004fdb  IIC_Start                       
00005031  IIC_Stop                        
00005087  IIC_Wait_Ack                    
00006c6d  IntEnable                       
00007235  IntMasterDisable                
00007245  IntMasterEnable                 
00005827  MPU_Get_Accelerometer           
000057cd  MPU_Get_Gyroscope               
00005753  MPU_Get_Temperature             
000056c3  MPU_Init                        
0000608d  MPU_Read_Byte                   
000060cf  MPU_Read_Len                    
000055e7  MPU_Set_Accel_Fsr               
000055d1  MPU_Set_Gyro_Fsr                
000055fd  MPU_Set_LPF                     
0000566b  MPU_Set_Rate                    
0000604b  MPU_Write_Byte                  
00006165  MPU_Write_Len                   
00005aad  MotorContolTimer                
00006351  MotorInit                       
20000292  MotorOrderDirection             
20000293  MotorOrderDisplacement          
000063ad  MotorSet                        
20000294  ReciveData_UART0                
200002a4  ReciveData_UART1                
20000290  ReciveData_i_UART0              
20000291  ReciveData_i_UART1              
000072bf  ResetISR                        
UNDEFED   SHT$$INIT_ARRAY$$Base           
UNDEFED   SHT$$INIT_ARRAY$$Limit          
20000254  SendCount                       
000066f1  SysCtlClockGet                  
000068fd  SysCtlClockSet                  
00007305  SysCtlDelay                     
00007051  SysCtlPeripheralEnable          
00006fa9  SysCtlPeripheralPresent         
2000022c  Time_Flag                       
00005b21  Timer0IntHandler                
00005bfb  Timer1IntHandler                
00006d3d  TimerConfigure                  
0000717d  TimerDisable                    
00007255  TimerEnable                     
0000730b  TimerIntClear                   
000072e9  TimerIntEnable                  
00007211  TimerLoadSet                    
000047a9  UART0Send                       
00004831  UART1IntHandler                 
00004ab1  UART1Send                       
000072cb  UARTCharGet                     
00007263  UARTCharGetNonBlocking          
000072d5  UARTCharPut                     
00007271  UARTCharPutNonBlocking          
0000727f  UARTCharsAvail                  
00006f21  UARTConfigSetExpClk             
00007125  UARTDisable                     
000071c5  UARTEnable                      
0000730f  UARTIntClear                    
000072f1  UARTIntEnable                   
0000473d  UARTIntHandler                  
000072df  UARTIntStatus                   
00003e19  UARTStdioConfig                 
00003f5f  UARTgetc                        
00003ea5  UARTgets                        
0000427f  UARTprintf                      
00003f85  UARTvprintf                     
00003e5f  UARTwrite                       
000047d1  Uart0Iint                       
00004af9  Uart1Iint                       
20000200  __STACK_END                     
00000200  __STACK_SIZE                    
20000200  __STACK_TOP                     
00008228  __TI_CINIT_Base                 
00008238  __TI_CINIT_Limit                
00008214  __TI_Handler_Table_Base         
00008220  __TI_Handler_Table_Limit        
00006b8d  __TI_auto_init                  
20000260  __TI_cleanup_ptr                
00006cd5  __TI_decompress_lzss            
0000728d  __TI_decompress_none            
20000264  __TI_dtors_ptr                  
20000268  __TI_enable_exit_profile_output 
ffffffff  __TI_pprof_out_hndl             
ffffffff  __TI_prof_data_size             
ffffffff  __TI_prof_data_start            
00000000  __TI_static_base__              
000072b3  __TI_zero_init                  
00006a8d  __aeabi_cdrcmple                
00006bfd  __aeabi_d2f                     
00006ed9  __aeabi_d2iz                    
00005e9f  __aeabi_dadd                    
00006489  __aeabi_ddiv                    
00006801  __aeabi_dmul                    
00005e95  __aeabi_dsub                    
00007019  __aeabi_f2d                     
00007085  __aeabi_i2d                     
00005aab  __aeabi_idiv0                   
000061df  __aeabi_ldiv0                   
0000588d  __aeabi_ldivmod                 
000071ad  __aeabi_lmul                    
00006b13  __aeabi_memclr                  
00006b13  __aeabi_memclr4                 
00006b13  __aeabi_memclr8                 
000069f1  __aeabi_memcpy                  
000069f1  __aeabi_memcpy4                 
000069f1  __aeabi_memcpy8                 
00006b15  __aeabi_memset                  
00006b15  __aeabi_memset4                 
00006b15  __aeabi_memset8                 
00007145  __aeabi_ui2d                    
00006f67  __aeabi_uidiv                   
00006f67  __aeabi_uidivmod                
ffffffff  __binit__                       
ffffffff  __c_args__                      
00006c6b  __mpu_init                      
20000000  __stack                         
00007195  _args_main                      
00006d9d  _c_int00                        
20000278  _lock                           
000071e7  _nop                            
000071df  _register_lock                  
000071d9  _register_unlock                
00006fa7  _system_post_cinit              
00007313  _system_pre_init                
2000027c  _unlock                         
200002d0  aacx                            
200002d2  aacy                            
200002d4  aacz                            
00006df5  abort                           
00004bc1  asin                            
00004bc1  asinl                           
000052e5  atan                            
00005ca9  atan2                           
00005ca9  atan2l                          
000052e5  atanl                           
ffffffff  binit                           
00006e45  copy_in                         
00006fe1  delay_ms                        
00006ffb  delay_us                        
00003a87  dmp_enable_6x_lp_quat           
00003787  dmp_enable_feature              
000039f5  dmp_enable_gyro_cal             
00003a45  dmp_enable_lp_quat              
000039e1  dmp_get_enabled_features        
00003251  dmp_get_fifo_rate               
00003671  dmp_get_pedometer_step_count    
000036f7  dmp_get_pedometer_walk_time     
00002d91  dmp_load_motion_driver_firmware 
00003ba1  dmp_read_fifo                   
00003df3  dmp_register_android_orient_cb  
00003de1  dmp_register_tap_cb             
00003089  dmp_set_accel_bias              
000031d1  dmp_set_fifo_rate               
00002f2d  dmp_set_gyro_bias               
00003b3f  dmp_set_interrupt_mode          
00002da5  dmp_set_orientation             
000036bd  dmp_set_pedometer_step_count    
00003743  dmp_set_pedometer_walk_time     
00003581  dmp_set_shake_reject_thresh     
000035dd  dmp_set_shake_reject_time       
00003621  dmp_set_shake_reject_timeout    
00003471  dmp_set_tap_axes                
000034c9  dmp_set_tap_count               
00003269  dmp_set_tap_thresh              
0000350d  dmp_set_tap_time                
00003545  dmp_set_tap_time_multi          
20000288  errno                           
00006dfd  exit                            
00000000  g_pfnVectors                    
200002d6  gyrox                           
200002d8  gyroy                           
200002da  gyroz                           
00008190  hw                              
00002981  inv_orientation_matrix_to_scalar
000029e9  inv_row_2_scale                 
000042b5  main                            
2000028c  main_func_sp                    
00007101  memcmp                          
000069f1  memcpy                          
00006b1b  memset                          
00002a69  mget_ms                         
000011a9  mpu_configure_fifo              
00002b5d  mpu_dmp_get_data                
00002a79  mpu_dmp_init                    
00000dc1  mpu_get_accel_fsr               
00000825  mpu_get_accel_reg               
00001131  mpu_get_accel_sens              
00002647  mpu_get_compass_fsr             
00002637  mpu_get_compass_reg             
000010af  mpu_get_compass_sample_rate     
0000261d  mpu_get_dmp_state               
00001191  mpu_get_fifo_config             
00000cd7  mpu_get_gyro_fsr                
000006d9  mpu_get_gyro_reg                
000010e1  mpu_get_gyro_sens               
0000137f  mpu_get_int_status              
00000eb1  mpu_get_lpf                     
0000123b  mpu_get_power_state             
00000fd9  mpu_get_sample_rate             
00000899  mpu_get_temperature             
000003d9  mpu_init                        
0000246d  mpu_load_firmware               
000005e3  mpu_lp_accel_mode               
00002665  mpu_lp_motion_interrupt         
000013e1  mpu_read_fifo                   
00001685  mpu_read_fifo_stream            
000023d5  mpu_read_mem                    
0000037d  mpu_read_reg                    
0000030f  mpu_reg_dump                    
00000ae1  mpu_reset_fifo                  
000021cd  mpu_run_self_test               
0000094d  mpu_set_accel_bias              
00000e21  mpu_set_accel_fsr               
0000176d  mpu_set_bypass                  
000010c9  mpu_set_compass_sample_rate     
00002589  mpu_set_dmp_state               
00000d29  mpu_set_gyro_fsr                
00001909  mpu_set_int_latched             
000018f3  mpu_set_int_level               
00000f31  mpu_set_lpf                     
00000ff9  mpu_set_sample_rate             
0000126d  mpu_set_sensors                 
00002341  mpu_write_mem                   
2000025c  parameter_Ang                   
200002c4  pitch                           
0000813c  reg                             
200002c8  roll                            
000028d5  run_self_test                   
00002631  setup_compass                   
000061e1  sqrt                            
000061e1  sqrtl                           
00008114  test                            
200002cc  yaw                             


GLOBAL SYMBOLS: SORTED BY Symbol Address 

address   name                            
-------   ----                            
00000000  __TI_static_base__              
00000000  g_pfnVectors                    
00000200  __STACK_SIZE                    
0000030f  mpu_reg_dump                    
0000037d  mpu_read_reg                    
000003d9  mpu_init                        
000005e3  mpu_lp_accel_mode               
000006d9  mpu_get_gyro_reg                
00000825  mpu_get_accel_reg               
00000899  mpu_get_temperature             
0000094d  mpu_set_accel_bias              
00000ae1  mpu_reset_fifo                  
00000cd7  mpu_get_gyro_fsr                
00000d29  mpu_set_gyro_fsr                
00000dc1  mpu_get_accel_fsr               
00000e21  mpu_set_accel_fsr               
00000eb1  mpu_get_lpf                     
00000f31  mpu_set_lpf                     
00000fd9  mpu_get_sample_rate             
00000ff9  mpu_set_sample_rate             
000010af  mpu_get_compass_sample_rate     
000010c9  mpu_set_compass_sample_rate     
000010e1  mpu_get_gyro_sens               
00001131  mpu_get_accel_sens              
00001191  mpu_get_fifo_config             
000011a9  mpu_configure_fifo              
0000123b  mpu_get_power_state             
0000126d  mpu_set_sensors                 
0000137f  mpu_get_int_status              
000013e1  mpu_read_fifo                   
00001685  mpu_read_fifo_stream            
0000176d  mpu_set_bypass                  
000018f3  mpu_set_int_level               
00001909  mpu_set_int_latched             
000021cd  mpu_run_self_test               
00002341  mpu_write_mem                   
000023d5  mpu_read_mem                    
0000246d  mpu_load_firmware               
00002589  mpu_set_dmp_state               
0000261d  mpu_get_dmp_state               
00002631  setup_compass                   
00002637  mpu_get_compass_reg             
00002647  mpu_get_compass_fsr             
00002665  mpu_lp_motion_interrupt         
000028d5  run_self_test                   
00002981  inv_orientation_matrix_to_scalar
000029e9  inv_row_2_scale                 
00002a69  mget_ms                         
00002a79  mpu_dmp_init                    
00002b5d  mpu_dmp_get_data                
00002d91  dmp_load_motion_driver_firmware 
00002da5  dmp_set_orientation             
00002f2d  dmp_set_gyro_bias               
00003089  dmp_set_accel_bias              
000031d1  dmp_set_fifo_rate               
00003251  dmp_get_fifo_rate               
00003269  dmp_set_tap_thresh              
00003471  dmp_set_tap_axes                
000034c9  dmp_set_tap_count               
0000350d  dmp_set_tap_time                
00003545  dmp_set_tap_time_multi          
00003581  dmp_set_shake_reject_thresh     
000035dd  dmp_set_shake_reject_time       
00003621  dmp_set_shake_reject_timeout    
00003671  dmp_get_pedometer_step_count    
000036bd  dmp_set_pedometer_step_count    
000036f7  dmp_get_pedometer_walk_time     
00003743  dmp_set_pedometer_walk_time     
00003787  dmp_enable_feature              
000039e1  dmp_get_enabled_features        
000039f5  dmp_enable_gyro_cal             
00003a45  dmp_enable_lp_quat              
00003a87  dmp_enable_6x_lp_quat           
00003b3f  dmp_set_interrupt_mode          
00003ba1  dmp_read_fifo                   
00003de1  dmp_register_tap_cb             
00003df3  dmp_register_android_orient_cb  
00003e19  UARTStdioConfig                 
00003e5f  UARTwrite                       
00003ea5  UARTgets                        
00003f5f  UARTgetc                        
00003f85  UARTvprintf                     
0000427f  UARTprintf                      
000042b5  main                            
0000473d  UARTIntHandler                  
000047a9  UART0Send                       
000047d1  Uart0Iint                       
00004831  UART1IntHandler                 
00004ab1  UART1Send                       
00004af9  Uart1Iint                       
00004bc1  asin                            
00004bc1  asinl                           
00004fa5  IIC_Init                        
00004fdb  IIC_Start                       
00005031  IIC_Stop                        
00005087  IIC_Wait_Ack                    
000050f7  IIC_Ack                         
0000514b  IIC_NAck                        
0000519f  IIC_Send_Byte                   
0000523d  IIC_Read_Byte                   
000052e5  atan                            
000052e5  atanl                           
000055d1  MPU_Set_Gyro_Fsr                
000055e7  MPU_Set_Accel_Fsr               
000055fd  MPU_Set_LPF                     
0000566b  MPU_Set_Rate                    
000056c3  MPU_Init                        
00005753  MPU_Get_Temperature             
000057cd  MPU_Get_Gyroscope               
00005827  MPU_Get_Accelerometer           
0000588d  __aeabi_ldivmod                 
00005aab  __aeabi_idiv0                   
00005aad  MotorContolTimer                
00005b21  Timer0IntHandler                
00005bfb  Timer1IntHandler                
00005ca9  atan2                           
00005ca9  atan2l                          
00005e95  __aeabi_dsub                    
00005e9f  __aeabi_dadd                    
0000604b  MPU_Write_Byte                  
0000608d  MPU_Read_Byte                   
000060cf  MPU_Read_Len                    
00006165  MPU_Write_Len                   
000061df  __aeabi_ldiv0                   
000061e1  sqrt                            
000061e1  sqrtl                           
00006351  MotorInit                       
000063ad  MotorSet                        
00006489  __aeabi_ddiv                    
000065bf  GPIOPadConfigSet                
000066f1  SysCtlClockGet                  
00006801  __aeabi_dmul                    
000068fd  SysCtlClockSet                  
000069f1  __aeabi_memcpy                  
000069f1  __aeabi_memcpy4                 
000069f1  __aeabi_memcpy8                 
000069f1  memcpy                          
00006a8d  __aeabi_cdrcmple                
00006b13  __aeabi_memclr                  
00006b13  __aeabi_memclr4                 
00006b13  __aeabi_memclr8                 
00006b15  __aeabi_memset                  
00006b15  __aeabi_memset4                 
00006b15  __aeabi_memset8                 
00006b1b  memset                          
00006b8d  __TI_auto_init                  
00006bfd  __aeabi_d2f                     
00006c6b  __mpu_init                      
00006c6d  IntEnable                       
00006cd5  __TI_decompress_lzss            
00006d3d  TimerConfigure                  
00006d9d  _c_int00                        
00006df1  C$$EXIT                         
00006df5  abort                           
00006dfd  exit                            
00006e45  copy_in                         
00006e91  GPIOPinConfigure                
00006ed9  __aeabi_d2iz                    
00006f21  UARTConfigSetExpClk             
00006f67  __aeabi_uidiv                   
00006f67  __aeabi_uidivmod                
00006fa7  _system_post_cinit              
00006fa9  SysCtlPeripheralPresent         
00006fe1  delay_ms                        
00006ffb  delay_us                        
00007019  __aeabi_f2d                     
00007051  SysCtlPeripheralEnable          
00007085  __aeabi_i2d                     
000070b3  GPIODirModeSet                  
000070dd  Beep_Configure                  
00007101  memcmp                          
00007125  UARTDisable                     
00007145  __aeabi_ui2d                    
00007165  GPIOPinTypeGPIOOutput           
0000717d  TimerDisable                    
00007195  _args_main                      
000071ad  __aeabi_lmul                    
000071c5  UARTEnable                      
000071d9  _register_unlock                
000071df  _register_lock                  
000071e7  _nop                            
000071ed  GPIOPinTypeGPIOInput            
000071ff  GPIOPinTypeUART                 
00007211  TimerLoadSet                    
00007225  FPULazyStackingEnable           
00007235  IntMasterDisable                
00007245  IntMasterEnable                 
00007255  TimerEnable                     
00007263  UARTCharGetNonBlocking          
00007271  UARTCharPutNonBlocking          
0000727f  UARTCharsAvail                  
0000728d  __TI_decompress_none            
0000729b  CPUcpsid                        
000072a7  CPUcpsie                        
000072b3  __TI_zero_init                  
000072bf  ResetISR                        
000072cb  UARTCharGet                     
000072d5  UARTCharPut                     
000072df  UARTIntStatus                   
000072e9  TimerIntEnable                  
000072f1  UARTIntEnable                   
000072f9  GPIOPinRead                     
000072ff  GPIOPinWrite                    
00007305  SysCtlDelay                     
0000730b  TimerIntClear                   
0000730f  UARTIntClear                    
00007313  _system_pre_init                
00008114  test                            
0000813c  reg                             
00008190  hw                              
00008214  __TI_Handler_Table_Base         
00008220  __TI_Handler_Table_Limit        
00008228  __TI_CINIT_Base                 
00008238  __TI_CINIT_Limit                
20000000  __stack                         
20000200  __STACK_END                     
20000200  __STACK_TOP                     
2000022c  Time_Flag                       
20000230  Counter                         
20000234  Beep_Flag                       
20000238  Beep_Counter                    
2000023c  Beep_Fre                        
20000250  CountBan                        
20000254  SendCount                       
20000258  FlagSend                        
20000259  Flag_Stop                       
2000025c  parameter_Ang                   
20000260  __TI_cleanup_ptr                
20000264  __TI_dtors_ptr                  
20000268  __TI_enable_exit_profile_output 
20000278  _lock                           
2000027c  _unlock                         
20000288  errno                           
2000028c  main_func_sp                    
20000290  ReciveData_i_UART0              
20000291  ReciveData_i_UART1              
20000292  MotorOrderDirection             
20000293  MotorOrderDisplacement          
20000294  ReciveData_UART0                
200002a4  ReciveData_UART1                
200002b4  CharTable                       
200002c0  CharNum                         
200002c4  pitch                           
200002c8  roll                            
200002cc  yaw                             
200002d0  aacx                            
200002d2  aacy                            
200002d4  aacz                            
200002d6  gyrox                           
200002d8  gyroy                           
200002da  gyroz                           
ffffffff  __TI_pprof_out_hndl             
ffffffff  __TI_prof_data_size             
ffffffff  __TI_prof_data_start            
ffffffff  __binit__                       
ffffffff  __c_args__                      
ffffffff  binit                           
UNDEFED   SHT$$INIT_ARRAY$$Base           
UNDEFED   SHT$$INIT_ARRAY$$Limit          

[259 symbols]
