******************************************************************************
                  TI ARM Linker PC v16.9.6                     
******************************************************************************
>> Linked Tue Mar 27 16:44:55 2018

OUTPUT FILE NAME:   <PointRace_3_Car.out>
ENTRY POINT SYMBOL: "_c_int00"  address: 00000fb9


MEMORY CONFIGURATION

         name            origin    length      used     unused   attr    fill
----------------------  --------  ---------  --------  --------  ----  --------
  FLASH                 00000000   00040000  0000145c  0003eba4  R  X
  SRAM                  20000000   00008000  0000023c  00007dc4  RW X


SEGMENT ALLOCATION MAP

run origin  load origin   length   init length attrs members
----------  ----------- ---------- ----------- ----- -------
00000000    00000000    00001460   00001460    r-x
  00000000    00000000    0000026c   0000026c    r-- .intvecs
  0000026c    0000026c    0000104c   0000104c    r-x .text
  000012b8    000012b8    0000016c   0000016c    r-- .const
  00001428    00001428    00000038   00000038    r-- .cinit
20000000    20000000    0000023c   00000000    rw-
  20000000    20000000    00000200   00000000    rw- .stack
  20000200    20000200    00000020   00000000    rw- .bss
  20000220    20000220    0000001c   00000000    rw- .data


SECTION ALLOCATION MAP

 output                                  attributes/
section   page    origin      length       input sections
--------  ----  ----------  ----------   ----------------
.intvecs   0    00000000    0000026c     
                  00000000    0000026c     tm4c123gh6pm_startup_ccs.obj (.intvecs)

.text      0    0000026c    0000104c     
                  0000026c    00000524     motor.obj (.text)
                  00000790    0000022c     uart_echo.obj (.text)
                  000009bc    00000132     driverlib.lib : gpio.obj (.text:GPIOPadConfigSet)
                  00000aee    00000002     rtsv7M4_T_le_v4SPD16_eabi.lib : mpu_init.obj (.text)
                  00000af0    00000110     driverlib.lib : sysctl.obj (.text:SysCtlClockGet)
                  00000c00    000000f4                   : sysctl.obj (.text:SysCtlClockSet)
                  00000cf4    0000009c     rtsv7M4_T_le_v4SPD16_eabi.lib : memcpy_t2.obj (.text)
                  00000d90    0000007a                                   : memset_t2.obj (.text)
                  00000e0a    00000002                                   : startup.obj (.text)
                  00000e0c    00000070                                   : autoinit.obj (.text)
                  00000e7c    0000006c     main.obj (.text)
                  00000ee8    00000068     driverlib.lib : interrupt.obj (.text:IntEnable)
                  00000f50    00000068     rtsv7M4_T_le_v4SPD16_eabi.lib : copy_decompress_lzss.obj (.text:decompress:lzss)
                  00000fb8    00000054                                   : boot.obj (.text)
                  0000100c    00000054                                   : exit.obj (.text)
                  00001060    0000004c                                   : cpy_tbl.obj (.text)
                  000010ac    00000048     driverlib.lib : gpio.obj (.text:GPIOPinConfigure)
                  000010f4    00000046                   : uart.obj (.text:UARTConfigSetExpClk)
                  0000113a    00000002     --HOLE-- [fill = 0]
                  0000113c    00000034                   : sysctl.obj (.text:SysCtlPeripheralEnable)
                  00001170    0000002a                   : gpio.obj (.text:GPIODirModeSet)
                  0000119a    00000002     --HOLE-- [fill = 0]
                  0000119c    00000020                   : uart.obj (.text:UARTDisable)
                  000011bc    00000018                   : gpio.obj (.text:GPIOPinTypeGPIOOutput)
                  000011d4    00000018     rtsv7M4_T_le_v4SPD16_eabi.lib : args_main.obj (.text)
                  000011ec    00000014     driverlib.lib : uart.obj (.text:UARTEnable)
                  00001200    00000014     rtsv7M4_T_le_v4SPD16_eabi.lib : _lock.obj (.text)
                  00001214    00000012     driverlib.lib : gpio.obj (.text:GPIOPinTypeUART)
                  00001226    00000010                   : interrupt.obj (.text:IntMasterEnable)
                  00001236    0000000e                   : uart.obj (.text:UARTCharGetNonBlocking)
                  00001244    0000000e                   : uart.obj (.text:UARTCharPutNonBlocking)
                  00001252    0000000e                   : uart.obj (.text:UARTCharsAvail)
                  00001260    0000000e     rtsv7M4_T_le_v4SPD16_eabi.lib : copy_decompress_none.obj (.text:decompress:none)
                  0000126e    0000000c     driverlib.lib : cpu.obj (.text:CPUcpsie)
                  0000127a    0000000c     rtsv7M4_T_le_v4SPD16_eabi.lib : copy_zero_init.obj (.text:decompress:ZI)
                  00001286    0000000c     tm4c123gh6pm_startup_ccs.obj (.text)
                  00001292    0000000a     driverlib.lib : uart.obj (.text:UARTIntStatus)
                  0000129c    00000008                   : uart.obj (.text:UARTIntEnable)
                  000012a4    00000006                   : gpio.obj (.text:GPIOPinWrite)
                  000012aa    00000006                   : sysctl.obj (.text:SysCtlDelay)
                  000012b0    00000004                   : uart.obj (.text:UARTIntClear)
                  000012b4    00000004     rtsv7M4_T_le_v4SPD16_eabi.lib : pre_init.obj (.text)

.const     0    000012b8    0000016c     
                  000012b8    00000090     driverlib.lib : gpio.obj (.const:g_pui32GPIOBaseAddrs)
                  00001348    00000070                   : interrupt.obj (.const)
                  000013b8    0000006c                   : sysctl.obj (.const:g_pui32Xtals)

.cinit     0    00001428    00000038     
                  00001428    00000011     (.cinit..data.load) [load image, compression = lzss]
                  00001439    00000003     --HOLE-- [fill = 0]
                  0000143c    0000000c     (__TI_handler_table)
                  00001448    00000008     (.cinit..bss.load) [load image, compression = zero_init]
                  00001450    00000010     (__TI_cinit_table)

.init_array 
*          0    00000000    00000000     UNINITIALIZED

.stack     0    20000000    00000200     UNINITIALIZED
                  20000000    00000200     --HOLE--

.bss       0    20000200    00000020     UNINITIALIZED
                  20000200    00000010     (.common:ReciveData_UART0)
                  20000210    00000010     (.common:ReciveData_UART1)

.data      0    20000220    0000001c     UNINITIALIZED
                  20000220    0000000c     rtsv7M4_T_le_v4SPD16_eabi.lib : exit.obj (.data:$O1$$)
                  2000022c    00000008                                   : _lock.obj (.data:$O1$$)
                  20000234    00000004                                   : stkdepth_vars.obj (.data)
                  20000238    00000002     motor.obj (.data)
                  2000023a    00000002     uart_echo.obj (.data)

MODULE SUMMARY

       Module                         code   ro data   rw data
       ------                         ----   -------   -------
    .\
       tm4c123gh6pm_startup_ccs.obj   12     620       0      
       main.obj                       108    0         0      
    +--+------------------------------+------+---------+---------+
       Total:                         120    620       0      
                                                              
    .\Motor\
       motor.obj                      1316   0         2      
    +--+------------------------------+------+---------+---------+
       Total:                         1316   0         2      
                                                              
    .\uart\
       uart_echo.obj                  556    0         34     
    +--+------------------------------+------+---------+---------+
       Total:                         556    0         34     
                                                              
    D:/ti/TivaWare_C_Series-2.1.4.178/driverlib/ccs/Debug/driverlib.lib
       sysctl.obj                     574    108       0      
       gpio.obj                       468    144       0      
       interrupt.obj                  120    112       0      
       uart.obj                       186    0         0      
       cpu.obj                        12     0         0      
    +--+------------------------------+------+---------+---------+
       Total:                         1360   364       0      
                                                              
    D:\Project_Program\Ccs_V7\ccsv7\tools\compiler\ti-cgt-arm_16.9.6.LTS\lib\rtsv7M4_T_le_v4SPD16_eabi.lib
       memcpy_t2.obj                  156    0         0      
       memset_t2.obj                  122    0         0      
       autoinit.obj                   112    0         0      
       copy_decompress_lzss.obj       104    0         0      
       exit.obj                       84     0         12     
       boot.obj                       84     0         0      
       cpy_tbl.obj                    76     0         0      
       _lock.obj                      20     0         8      
       args_main.obj                  24     0         0      
       copy_decompress_none.obj       14     0         0      
       copy_zero_init.obj             12     0         0      
       pre_init.obj                   4      0         0      
       stkdepth_vars.obj              0      0         4      
       mpu_init.obj                   2      0         0      
       startup.obj                    2      0         0      
    +--+------------------------------+------+---------+---------+
       Total:                         816    0         24     
                                                              
       Stack:                         0      0         512    
       Linker Generated:              0      53        0      
    +--+------------------------------+------+---------+---------+
       Grand Total:                   4168   1037      572    


LINKER GENERATED COPY TABLES

__TI_cinit_table @ 00001450 records: 2, size/record: 8, table size: 16
	.data: load addr=00001428, load size=00000011 bytes, run addr=20000220, run size=0000001c bytes, compression=lzss
	.bss: load addr=00001448, load size=00000008 bytes, run addr=20000200, run size=00000020 bytes, compression=zero_init


LINKER GENERATED HANDLER TABLE

__TI_handler_table @ 0000143c records: 3, size/record: 4, table size: 12
	index: 0, handler: __TI_decompress_lzss
	index: 1, handler: __TI_decompress_none
	index: 2, handler: __TI_zero_init


GLOBAL SYMBOLS: SORTED ALPHABETICALLY BY Name 

address   name                           
-------   ----                           
0000100d  C$$EXIT                        
0000126f  CPUcpsie                       
00001171  GPIODirModeSet                 
000009bd  GPIOPadConfigSet               
000010ad  GPIOPinConfigure               
000011bd  GPIOPinTypeGPIOOutput          
00001215  GPIOPinTypeUART                
000012a5  GPIOPinWrite                   
00000ee9  IntEnable                      
00001227  IntMasterEnable                
0000026d  Motor_Configure                
20000200  ReciveData_UART0               
20000210  ReciveData_UART1               
2000023a  ReciveData_i_UART0             
2000023b  ReciveData_i_UART1             
00001287  ResetISR                       
UNDEFED   SHT$$INIT_ARRAY$$Base          
UNDEFED   SHT$$INIT_ARRAY$$Limit         
00000455  SetMotor_Eight                 
000002a7  SetMotor_Four                  
00000af1  SysCtlClockGet                 
00000c01  SysCtlClockSet                 
000012ab  SysCtlDelay                    
0000113d  SysCtlPeripheralEnable         
000007fd  UART0Send                      
00000879  UART1IntHandler                
000008e5  UART1Send                      
00001237  UARTCharGetNonBlocking         
00001245  UARTCharPutNonBlocking         
00001253  UARTCharsAvail                 
000010f5  UARTConfigSetExpClk            
0000119d  UARTDisable                    
000011ed  UARTEnable                     
000012b1  UARTIntClear                   
0000129d  UARTIntEnable                  
00000791  UARTIntHandler                 
00001293  UARTIntStatus                  
00000825  Uart0Iint                      
0000090d  Uart1Iint                      
20000200  __STACK_END                    
00000200  __STACK_SIZE                   
20000200  __STACK_TOP                    
00001450  __TI_CINIT_Base                
00001460  __TI_CINIT_Limit               
0000143c  __TI_Handler_Table_Base        
00001448  __TI_Handler_Table_Limit       
00000e0d  __TI_auto_init                 
20000220  __TI_cleanup_ptr               
00000f51  __TI_decompress_lzss           
00001261  __TI_decompress_none           
20000224  __TI_dtors_ptr                 
20000228  __TI_enable_exit_profile_output
ffffffff  __TI_pprof_out_hndl            
ffffffff  __TI_prof_data_size            
ffffffff  __TI_prof_data_start           
00000000  __TI_static_base__             
0000127b  __TI_zero_init                 
00000d91  __aeabi_memclr                 
00000d91  __aeabi_memclr4                
00000d91  __aeabi_memclr8                
00000cf5  __aeabi_memcpy                 
00000cf5  __aeabi_memcpy4                
00000cf5  __aeabi_memcpy8                
00000d93  __aeabi_memset                 
00000d93  __aeabi_memset4                
00000d93  __aeabi_memset8                
ffffffff  __binit__                      
ffffffff  __c_args__                     
00000aef  __mpu_init                     
20000000  __stack                        
000011d5  _args_main                     
00000fb9  _c_int00                       
2000022c  _lock                          
0000120f  _nop                           
00001207  _register_lock                 
00001201  _register_unlock               
00000e0b  _system_post_cinit             
000012b5  _system_pre_init               
20000230  _unlock                        
00001011  abort                          
ffffffff  binit                          
00001061  copy_in                        
00001019  exit                           
00000000  g_pfnVectors                   
00000e7d  main                           
20000234  main_func_sp                   
00000cf5  memcpy                         
00000d99  memset                         


GLOBAL SYMBOLS: SORTED BY Symbol Address 

address   name                           
-------   ----                           
00000000  __TI_static_base__             
00000000  g_pfnVectors                   
00000200  __STACK_SIZE                   
0000026d  Motor_Configure                
000002a7  SetMotor_Four                  
00000455  SetMotor_Eight                 
00000791  UARTIntHandler                 
000007fd  UART0Send                      
00000825  Uart0Iint                      
00000879  UART1IntHandler                
000008e5  UART1Send                      
0000090d  Uart1Iint                      
000009bd  GPIOPadConfigSet               
00000aef  __mpu_init                     
00000af1  SysCtlClockGet                 
00000c01  SysCtlClockSet                 
00000cf5  __aeabi_memcpy                 
00000cf5  __aeabi_memcpy4                
00000cf5  __aeabi_memcpy8                
00000cf5  memcpy                         
00000d91  __aeabi_memclr                 
00000d91  __aeabi_memclr4                
00000d91  __aeabi_memclr8                
00000d93  __aeabi_memset                 
00000d93  __aeabi_memset4                
00000d93  __aeabi_memset8                
00000d99  memset                         
00000e0b  _system_post_cinit             
00000e0d  __TI_auto_init                 
00000e7d  main                           
00000ee9  IntEnable                      
00000f51  __TI_decompress_lzss           
00000fb9  _c_int00                       
0000100d  C$$EXIT                        
00001011  abort                          
00001019  exit                           
00001061  copy_in                        
000010ad  GPIOPinConfigure               
000010f5  UARTConfigSetExpClk            
0000113d  SysCtlPeripheralEnable         
00001171  GPIODirModeSet                 
0000119d  UARTDisable                    
000011bd  GPIOPinTypeGPIOOutput          
000011d5  _args_main                     
000011ed  UARTEnable                     
00001201  _register_unlock               
00001207  _register_lock                 
0000120f  _nop                           
00001215  GPIOPinTypeUART                
00001227  IntMasterEnable                
00001237  UARTCharGetNonBlocking         
00001245  UARTCharPutNonBlocking         
00001253  UARTCharsAvail                 
00001261  __TI_decompress_none           
0000126f  CPUcpsie                       
0000127b  __TI_zero_init                 
00001287  ResetISR                       
00001293  UARTIntStatus                  
0000129d  UARTIntEnable                  
000012a5  GPIOPinWrite                   
000012ab  SysCtlDelay                    
000012b1  UARTIntClear                   
000012b5  _system_pre_init               
0000143c  __TI_Handler_Table_Base        
00001448  __TI_Handler_Table_Limit       
00001450  __TI_CINIT_Base                
00001460  __TI_CINIT_Limit               
20000000  __stack                        
20000200  ReciveData_UART0               
20000200  __STACK_END                    
20000200  __STACK_TOP                    
20000210  ReciveData_UART1               
20000220  __TI_cleanup_ptr               
20000224  __TI_dtors_ptr                 
20000228  __TI_enable_exit_profile_output
2000022c  _lock                          
20000230  _unlock                        
20000234  main_func_sp                   
2000023a  ReciveData_i_UART0             
2000023b  ReciveData_i_UART1             
ffffffff  __TI_pprof_out_hndl            
ffffffff  __TI_prof_data_size            
ffffffff  __TI_prof_data_start           
ffffffff  __binit__                      
ffffffff  __c_args__                     
ffffffff  binit                          
UNDEFED   SHT$$INIT_ARRAY$$Base          
UNDEFED   SHT$$INIT_ARRAY$$Limit         

[88 symbols]
