******************************************************************************
                  TI ARM Linker PC v16.9.6                     
******************************************************************************
>> Linked Mon Mar 26 19:23:32 2018

OUTPUT FILE NAME:   <PointRace_3_Car.out>
ENTRY POINT SYMBOL: "_c_int00"  address: 00003d05


MEMORY CONFIGURATION

         name            origin    length      used     unused   attr    fill
----------------------  --------  ---------  --------  --------  ----  --------
  FLASH                 00000000   00040000  000046be  0003b942  R  X
  SRAM                  20000000   00008000  000005f8  00007a08  RW X


SEGMENT ALLOCATION MAP

run origin  load origin   length   init length attrs members
----------  ----------- ---------- ----------- ----- -------
00000000    00000000    000046c0   000046c0    r-x
  00000000    00000000    0000026c   0000026c    r-- .intvecs
  0000026c    0000026c    0000411a   0000411a    r-x .text
  00004388    00004388    000002a0   000002a0    r-- .const
  00004628    00004628    00000098   00000098    r-- .cinit
20000000    20000000    000005f8   00000000    rw-
  20000000    20000000    00000208   00000000    rw- .data
  20000208    20000208    00000200   00000000    rw- .stack
  20000408    20000408    000001e8   00000000    rw- .bss
  200005f0    200005f0    00000008   00000000    rw- .sysmem


SECTION ALLOCATION MAP

 output                                  attributes/
section   page    origin      length       input sections
--------  ----  ----------  ----------   ----------------
.intvecs   0    00000000    0000026c     
                  00000000    0000026c     tm4c123gh6pm_startup_ccs.obj (.intvecs)

.text      0    0000026c    0000411a     
                  0000026c    0000113e     rtsv7M4_T_le_v4SPD16_eabi.lib : _printfi.obj (.text)
                  000013aa    00000002                                   : i_div0.obj (.text)
                  000013ac    00000524     motor.obj (.text)
                  000018d0    0000049c     uartstdio.obj (.text)
                  00001d6c    000003d0     rtsv7M4_T_le_v4SPD16_eabi.lib : memory.obj (.text)
                  0000213c    0000024c     usart.obj (.text)
                  00002388    000001f4     rtsv7M4_T_le_v4SPD16_eabi.lib : ull_div_t2.obj (.text)
                  0000257c    000001c4                                   : fopen.obj (.text)
                  00002740    000001b6                                   : fd_add_t2.obj (.text)
                  000028f6    00000136                                   : fd_div_t2.obj (.text)
                  00002a2c    00000134                                   : fputs.obj (.text)
                  00002b60    00000132     driverlib.lib : gpio.obj (.text:GPIOPadConfigSet)
                  00002c92    00000002     rtsv7M4_T_le_v4SPD16_eabi.lib : mpu_init.obj (.text)
                  00002c94    00000110     driverlib.lib : sysctl.obj (.text:SysCtlClockGet)
                  00002da4    000000fc     rtsv7M4_T_le_v4SPD16_eabi.lib : fd_mul_t2.obj (.text)
                  00002ea0    000000fc                                   : s_scalbn.obj (.text)
                  00002f9c    000000f4     driverlib.lib : sysctl.obj (.text:SysCtlClockSet)
                  00003090    000000dc     rtsv7M4_T_le_v4SPD16_eabi.lib : setvbuf.obj (.text)
                  0000316c    000000c8                                   : fflush.obj (.text)
                  00003234    000000bc                                   : open.obj (.text)
                  000032f0    000000ac                                   : _io_perm.obj (.text)
                  0000339c    0000009c                                   : memcpy_t2.obj (.text)
                  00003438    00000098                                   : fclose.obj (.text)
                  000034d0    00000098                                   : fputc.obj (.text)
                  00003568    00000088     main.obj (.text)
                  000035f0    00000086     rtsv7M4_T_le_v4SPD16_eabi.lib : fd_cmp_t2.obj (.text:__aeabi_cdcmple)
                  00003676    00000086                                   : fd_cmp_t2.obj (.text:__aeabi_cdrcmple)
                  000036fc    0000007a                                   : memset_t2.obj (.text)
                  00003776    00000002                                   : startup.obj (.text)
                  00003778    00000070                                   : autoinit.obj (.text)
                  000037e8    00000070                                   : getdevice.obj (.text)
                  00003858    00000070                                   : printf.obj (.text)
                  000038c8    00000068     driverlib.lib : interrupt.obj (.text:IntEnable)
                  00003930    00000068     rtsv7M4_T_le_v4SPD16_eabi.lib : copy_decompress_lzss.obj (.text:decompress:lzss)
                  00003998    00000068                                   : hostlseek.obj (.text)
                  00003a00    00000068                                   : hostrename.obj (.text)
                  00003a68    00000068                                   : trgmsg.obj (.text)
                  00003ad0    00000064                                   : fseek.obj (.text)
                  00003b34    00000064                                   : s_frexp.obj (.text)
                  00003b98    00000060                                   : hostopen.obj (.text)
                  00003bf8    0000005c                                   : close.obj (.text)
                  00003c54    00000058                                   : hostread.obj (.text)
                  00003cac    00000058                                   : hostwrite.obj (.text)
                  00003d04    00000054                                   : boot.obj (.text)
                  00003d58    00000054                                   : exit.obj (.text)
                  00003dac    00000054                                   : ltoa.obj (.text)
                  00003e00    0000004c                                   : atoi.obj (.text)
                  00003e4c    0000004c                                   : cpy_tbl.obj (.text)
                  00003e98    00000048     driverlib.lib : gpio.obj (.text:GPIOPinConfigure)
                  00003ee0    00000048     rtsv7M4_T_le_v4SPD16_eabi.lib : fd_toi_t2.obj (.text)
                  00003f28    00000046     driverlib.lib : uart.obj (.text:UARTConfigSetExpClk)
                  00003f6e    00000002     --HOLE-- [fill = 0]
                  00003f70    00000044     rtsv7M4_T_le_v4SPD16_eabi.lib : hostclose.obj (.text)
                  00003fb4    00000044                                   : hostunlink.obj (.text)
                  00003ff8    00000040                                   : u_divt2.obj (.text)
                  00004038    00000038     driverlib.lib : sysctl.obj (.text:SysCtlPeripheralPresent)
                  00004070    00000036     rtsv7M4_T_le_v4SPD16_eabi.lib : strncpy.obj (.text)
                  000040a6    00000002     --HOLE-- [fill = 0]
                  000040a8    00000034     driverlib.lib : sysctl.obj (.text:SysCtlPeripheralEnable)
                  000040dc    0000002e     rtsv7M4_T_le_v4SPD16_eabi.lib : i_tofd_t2.obj (.text)
                  0000410a    00000002     --HOLE-- [fill = 0]
                  0000410c    0000002c                                   : unlink.obj (.text)
                  00004138    0000002a     driverlib.lib : gpio.obj (.text:GPIODirModeSet)
                  00004162    00000002     --HOLE-- [fill = 0]
                  00004164    00000028     rtsv7M4_T_le_v4SPD16_eabi.lib : lseek.obj (.text)
                  0000418c    00000028                                   : write.obj (.text)
                  000041b4    00000020     driverlib.lib : uart.obj (.text:UARTDisable)
                  000041d4    00000020     rtsv7M4_T_le_v4SPD16_eabi.lib : memchr.obj (.text)
                  000041f4    0000001c                                   : memccpy.obj (.text)
                  00004210    00000018     driverlib.lib : gpio.obj (.text:GPIOPinTypeGPIOOutput)
                  00004228    00000018     rtsv7M4_T_le_v4SPD16_eabi.lib : args_main.obj (.text)
                  00004240    00000018                                   : strcmp.obj (.text)
                  00004258    00000016                                   : strchr.obj (.text)
                  0000426e    00000014     driverlib.lib : uart.obj (.text:UARTEnable)
                  00004282    00000002     --HOLE-- [fill = 0]
                  00004284    00000014     rtsv7M4_T_le_v4SPD16_eabi.lib : _lock.obj (.text)
                  00004298    00000014                                   : s_copysign.obj (.text)
                  000042ac    00000014                                   : strcpy.obj (.text)
                  000042c0    00000014                                   : strlen.obj (.text)
                  000042d4    00000012     driverlib.lib : gpio.obj (.text:GPIOPinTypeUART)
                  000042e6    0000000e                   : uart.obj (.text:UARTCharGetNonBlocking)
                  000042f4    0000000e                   : uart.obj (.text:UARTCharPutNonBlocking)
                  00004302    0000000e                   : uart.obj (.text:UARTCharsAvail)
                  00004310    0000000e     rtsv7M4_T_le_v4SPD16_eabi.lib : copy_decompress_none.obj (.text:decompress:none)
                  0000431e    0000000c                                   : copy_zero_init.obj (.text:decompress:ZI)
                  0000432a    0000000c     tm4c123gh6pm_startup_ccs.obj (.text)
                  00004336    0000000a     driverlib.lib : uart.obj (.text:UARTCharGet)
                  00004340    0000000a                   : uart.obj (.text:UARTCharPut)
                  0000434a    0000000a                   : uart.obj (.text:UARTFIFOEnable)
                  00004354    0000000a                   : uart.obj (.text:UARTIntStatus)
                  0000435e    00000008                   : uart.obj (.text:UARTIntEnable)
                  00004366    00000006                   : gpio.obj (.text:GPIOPinWrite)
                  0000436c    00000006                   : sysctl.obj (.text:SysCtlDelay)
                  00004372    00000006                   : uart.obj (.text:UARTClockSourceSet)
                  00004378    00000006                   : uart.obj (.text:UARTFIFOLevelSet)
                  0000437e    00000004                   : uart.obj (.text:UARTIntClear)
                  00004382    00000004     rtsv7M4_T_le_v4SPD16_eabi.lib : pre_init.obj (.text)

.const     0    00004388    000002a0     
                  00004388    00000101     rtsv7M4_T_le_v4SPD16_eabi.lib : ctype.obj (.const:.string:_ctypes_)
                  00004489    00000003     --HOLE-- [fill = 0]
                  0000448c    00000090     driverlib.lib : gpio.obj (.const:g_pui32GPIOBaseAddrs)
                  0000451c    00000070                   : interrupt.obj (.const)
                  0000458c    0000006c                   : sysctl.obj (.const:g_pui32Xtals)
                  000045f8    00000012     uartstdio.obj (.const:.string)
                  0000460a    00000002     --HOLE-- [fill = 0]
                  0000460c    0000000c     uartstdio.obj (.const:g_ui32UARTBase)
                  00004618    0000000c     uartstdio.obj (.const:g_ui32UARTPeriph)
                  00004624    00000004     uartstdio.obj (.const)

.cinit     0    00004628    00000098     
                  00004628    0000006e     (.cinit..data.load) [load image, compression = lzss]
                  00004696    00000002     --HOLE-- [fill = 0]
                  00004698    0000000c     (__TI_handler_table)
                  000046a4    00000004     --HOLE-- [fill = 0]
                  000046a8    00000008     (.cinit..bss.load) [load image, compression = zero_init]
                  000046b0    00000010     (__TI_cinit_table)

.init_array 
*          0    00000000    00000000     UNINITIALIZED

.data      0    20000000    00000208     UNINITIALIZED
                  20000000    000000f0     rtsv7M4_T_le_v4SPD16_eabi.lib : defs.obj (.data:_ftable)
                  200000f0    00000078                                   : write.obj (.data:_device)
                  20000168    00000050                                   : write.obj (.data:_stream)
                  200001b8    00000010                                   : defs.obj (.data)
                  200001c8    0000000c                                   : exit.obj (.data:$O1$$)
                  200001d4    0000000c                                   : memory.obj (.data:$O1$$)
                  200001e0    00000008                                   : _lock.obj (.data:$O1$$)
                  200001e8    00000005     uartstdio.obj (.data)
                  200001ed    00000002     motor.obj (.data)
                  200001ef    00000001     --HOLE--
                  200001f0    00000005     usart.obj (.data)
                  200001f5    00000003     --HOLE--
                  200001f8    00000004     rtsv7M4_T_le_v4SPD16_eabi.lib : errno.obj (.data)
                  200001fc    00000004                                   : fopen.obj (.data)
                  20000200    00000004                                   : open.obj (.data)
                  20000204    00000004                                   : stkdepth_vars.obj (.data)

.stack     0    20000208    00000200     UNINITIALIZED
                  20000208    00000200     --HOLE--

.bss       0    20000408    000001e8     UNINITIALIZED
                  20000408    00000120     rtsv7M4_T_le_v4SPD16_eabi.lib : trgmsg.obj (.bss:_CIOBUF_)
                  20000528    000000a0     (.common:__TI_tmpnams)
                  200005c8    00000010     (.common:ReciveData)
                  200005d8    00000010     (.common:rx_buffer_2)
                  200005e8    00000008     (.common:parmbuf)

.sysmem    0    200005f0    00000008     UNINITIALIZED
                  200005f0    00000008     rtsv7M4_T_le_v4SPD16_eabi.lib : memory.obj (.sysmem)

MODULE SUMMARY

       Module                         code    ro data   rw data
       ------                         ----    -------   -------
    .\
       tm4c123gh6pm_startup_ccs.obj   12      620       0      
       main.obj                       136     0         16     
    +--+------------------------------+-------+---------+---------+
       Total:                         148     620       16     
                                                               
    .\Motor\
       motor.obj                      1316    0         2      
    +--+------------------------------+-------+---------+---------+
       Total:                         1316    0         2      
                                                               
    .\usart\
       uartstdio.obj                  1180    46        5      
       usart.obj                      588     0         21     
    +--+------------------------------+-------+---------+---------+
       Total:                         1768    46        26     
                                                               
    D:/ti/TivaWare_C_Series-2.1.4.178/driverlib/ccs/Debug/driverlib.lib
       sysctl.obj                     630     108       0      
       gpio.obj                       468     144       0      
       uart.obj                       228     0         0      
       interrupt.obj                  104     112       0      
    +--+------------------------------+-------+---------+---------+
       Total:                         1430    364       0      
                                                               
    D:\Project_Program\Ccs_V7\ccsv7\tools\compiler\ti-cgt-arm_16.9.6.LTS\lib\rtsv7M4_T_le_v4SPD16_eabi.lib
       _printfi.obj                   4414    0         0      
       memory.obj                     976     0         12     
       ull_div_t2.obj                 500     0         0      
       fopen.obj                      452     0         4      
       fd_add_t2.obj                  438     0         0      
       defs.obj                       0       0         416    
       trgmsg.obj                     104     0         288    
       fd_div_t2.obj                  310     0         0      
       fputs.obj                      308     0         0      
       fd_cmp_t2.obj                  268     0         0      
       ctype.obj                      0       257       0      
       fd_mul_t2.obj                  252     0         0      
       s_scalbn.obj                   252     0         0      
       write.obj                      40      0         200    
       setvbuf.obj                    220     0         0      
       fflush.obj                     200     0         0      
       open.obj                       188     0         4      
       _io_perm.obj                   172     0         0      
       memcpy_t2.obj                  156     0         0      
       fclose.obj                     152     0         0      
       fputc.obj                      152     0         0      
       memset_t2.obj                  122     0         0      
       autoinit.obj                   112     0         0      
       getdevice.obj                  112     0         0      
       printf.obj                     112     0         0      
       copy_decompress_lzss.obj       104     0         0      
       hostlseek.obj                  104     0         0      
       hostopen.obj                   96      0         8      
       hostrename.obj                 104     0         0      
       fseek.obj                      100     0         0      
       s_frexp.obj                    100     0         0      
       exit.obj                       84      0         12     
       close.obj                      92      0         0      
       hostread.obj                   88      0         0      
       hostwrite.obj                  88      0         0      
       boot.obj                       84      0         0      
       ltoa.obj                       84      0         0      
       atoi.obj                       76      0         0      
       cpy_tbl.obj                    76      0         0      
       fd_toi_t2.obj                  72      0         0      
       hostclose.obj                  68      0         0      
       hostunlink.obj                 68      0         0      
       u_divt2.obj                    64      0         0      
       strncpy.obj                    54      0         0      
       i_tofd_t2.obj                  46      0         0      
       unlink.obj                     44      0         0      
       lseek.obj                      40      0         0      
       memchr.obj                     32      0         0      
       _lock.obj                      20      0         8      
       memccpy.obj                    28      0         0      
       args_main.obj                  24      0         0      
       strcmp.obj                     24      0         0      
       strchr.obj                     22      0         0      
       s_copysign.obj                 20      0         0      
       strcpy.obj                     20      0         0      
       strlen.obj                     20      0         0      
       copy_decompress_none.obj       14      0         0      
       copy_zero_init.obj             12      0         0      
       errno.obj                      0       0         4      
       pre_init.obj                   4       0         0      
       stkdepth_vars.obj              0       0         4      
       i_div0.obj                     2       0         0      
       mpu_init.obj                   2       0         0      
       startup.obj                    2       0         0      
    +--+------------------------------+-------+---------+---------+
       Total:                         11994   257       960    
                                                               
       Heap:                          0       0         8      
       Stack:                         0       0         512    
       Linker Generated:              0       146       0      
    +--+------------------------------+-------+---------+---------+
       Grand Total:                   16656   1433      1524   


LINKER GENERATED COPY TABLES

__TI_cinit_table @ 000046b0 records: 2, size/record: 8, table size: 16
	.data: load addr=00004628, load size=0000006e bytes, run addr=20000000, run size=00000208 bytes, compression=lzss
	.bss: load addr=000046a8, load size=00000008 bytes, run addr=20000408, run size=000001e8 bytes, compression=zero_init


LINKER GENERATED HANDLER TABLE

__TI_handler_table @ 00004698 records: 3, size/record: 4, table size: 12
	index: 0, handler: __TI_decompress_lzss
	index: 1, handler: __TI_decompress_none
	index: 2, handler: __TI_zero_init


GLOBAL SYMBOLS: SORTED ALPHABETICALLY BY Name 

address   name                           
-------   ----                           
00003d59  C$$EXIT                        
00003a97  C$$IO$$                        
0000213d  ConfigureUART0                 
0000225f  ConfigureUART2                 
00004139  GPIODirModeSet                 
00002b61  GPIOPadConfigSet               
00003e99  GPIOPinConfigure               
00004211  GPIOPinTypeGPIOOutput          
000042d5  GPIOPinTypeUART                
00004367  GPIOPinWrite                   
00003f71  HOSTclose                      
00003999  HOSTlseek                      
00003b99  HOSTopen                       
00003c55  HOSTread                       
00003a01  HOSTrename                     
00003fb5  HOSTunlink                     
00003cad  HOSTwrite                      
000038c9  IntEnable                      
000013ad  Motor_Configure                
200005c8  ReciveData                     
200001f4  ReciveData_i                   
0000432b  ResetISR                       
UNDEFED   SHT$$INIT_ARRAY$$Base          
UNDEFED   SHT$$INIT_ARRAY$$Limit         
00001595  SetMotor_Eight                 
000013e7  SetMotor_Four                  
00002c95  SysCtlClockGet                 
00002f9d  SysCtlClockSet                 
0000436d  SysCtlDelay                    
000040a9  SysCtlPeripheralEnable         
00004039  SysCtlPeripheralPresent        
000021af  UART0_IntHandler               
00002187  UART0_Send                     
000022e7  UART2_IntHandler               
000022bf  UART2_Send                     
00004337  UARTCharGet                    
000042e7  UARTCharGetNonBlocking         
00004341  UARTCharPut                    
000042f5  UARTCharPutNonBlocking         
00004303  UARTCharsAvail                 
00004373  UARTClockSourceSet             
00003f29  UARTConfigSetExpClk            
000041b5  UARTDisable                    
0000426f  UARTEnable                     
0000434b  UARTFIFOEnable                 
00004379  UARTFIFOLevelSet               
0000437f  UARTIntClear                   
0000435f  UARTIntEnable                  
00004355  UARTIntStatus                  
000018d1  UARTStdioConfig                
00001a17  UARTgetc                       
0000195d  UARTgets                       
00001d37  UARTprintf                     
00001a3d  UARTvprintf                    
00001917  UARTwrite                      
20000408  __CIOBUF_                      
20000408  __STACK_END                    
00000200  __STACK_SIZE                   
20000408  __STACK_TOP                    
00000008  __SYSMEM_SIZE                  
000046b0  __TI_CINIT_Base                
000046c0  __TI_CINIT_Limit               
00004698  __TI_Handler_Table_Base        
000046a4  __TI_Handler_Table_Limit       
00003779  __TI_auto_init                 
00002645  __TI_cleanup                   
200001c8  __TI_cleanup_ptr               
00003439  __TI_closefile                 
00003931  __TI_decompress_lzss           
00004311  __TI_decompress_none           
0000316d  __TI_doflush                   
200001cc  __TI_dtors_ptr                 
200001d0  __TI_enable_exit_profile_output
200001b8  __TI_ft_end                    
ffffffff  __TI_pprof_out_hndl            
00000ab1  __TI_printfi                   
ffffffff  __TI_prof_data_size            
ffffffff  __TI_prof_data_start           
00003353  __TI_rd_ok                     
00003a9b  __TI_readmsg                   
00000000  __TI_static_base__             
20000528  __TI_tmpnams                   
00003a69  __TI_writemsg                  
000032f1  __TI_wrt_ok                    
0000431f  __TI_zero_init                 
000035f1  __aeabi_cdcmpeq                
000035f1  __aeabi_cdcmple                
00003677  __aeabi_cdrcmple               
00003ee1  __aeabi_d2iz                   
0000274b  __aeabi_dadd                   
000028f7  __aeabi_ddiv                   
00002da5  __aeabi_dmul                   
00002741  __aeabi_dsub                   
000040dd  __aeabi_i2d                    
000013ab  __aeabi_idiv0                  
000036fd  __aeabi_memclr                 
000036fd  __aeabi_memclr4                
000036fd  __aeabi_memclr8                
0000339d  __aeabi_memcpy                 
0000339d  __aeabi_memcpy4                
0000339d  __aeabi_memcpy8                
000036ff  __aeabi_memset                 
000036ff  __aeabi_memset4                
000036ff  __aeabi_memset8                
200001c4  __aeabi_stderr                 
200001bc  __aeabi_stdin                  
200001c0  __aeabi_stdout                 
00003ff9  __aeabi_uidiv                  
00003ff9  __aeabi_uidivmod               
00002389  __aeabi_uldivmod               
ffffffff  __binit__                      
ffffffff  __c_args__                     
00002c93  __mpu_init                     
20000208  __stack                        
00004229  _args_main                     
00003d05  _c_int00                       
00004388  _ctypes_                       
200000f0  _device                        
20000000  _ftable                        
200001e0  _lock                          
00004293  _nop                           
0000428b  _register_lock                 
00004285  _register_unlock               
20000168  _stream                        
200005f0  _sys_memory                    
00003777  _system_post_cinit             
00004383  _system_pre_init               
200001e4  _unlock                        
00003d5d  abort                          
00003e01  atoi                           
ffffffff  binit                          
0000210d  calloc                         
00003bf9  close                          
00003e4d  copy_in                        
00004299  copysign                       
00004299  copysignl                      
200001f8  errno                          
00003d65  exit                           
0000349f  fclose                         
000031b9  fflush                         
000037e9  finddevice                     
0000269b  fopen                          
000034d1  fputc                          
00002a2d  fputs                          
00001e57  free                           
00002671  freopen                        
00003b35  frexp                          
00003b35  frexpl                         
00003ad1  fseek                          
00000000  g_pfnVectors                   
00003813  getdevice                      
00002ea1  ldexp                          
00002ea1  ldexpl                         
00004165  lseek                          
00003dad  ltoa                           
00003569  main                           
20000204  main_func_sp                   
00001ded  malloc                         
00002021  memalign                       
000041f5  memccpy                        
000041d5  memchr                         
0000339d  memcpy                         
00003705  memset                         
00001d6d  minit                          
00003235  open                           
200005e8  parmbuf                        
00003861  printf                         
000034d1  putc                           
00003555  putchar                        
00002b39  puts                           
00001f17  realloc                        
0000410d  remove                         
200005d8  rx_buffer_2                    
00002ea1  scalbn                         
00002ea1  scalbnl                        
00003091  setvbuf                        
00004259  strchr                         
00004241  strcmp                         
000042ad  strcpy                         
000042c1  strlen                         
00004071  strncpy                        
200001f0  temp                           
0000410d  unlink                         
0000418d  write                          


GLOBAL SYMBOLS: SORTED BY Symbol Address 

address   name                           
-------   ----                           
00000000  __TI_static_base__             
00000000  g_pfnVectors                   
00000008  __SYSMEM_SIZE                  
00000200  __STACK_SIZE                   
00000ab1  __TI_printfi                   
000013ab  __aeabi_idiv0                  
000013ad  Motor_Configure                
000013e7  SetMotor_Four                  
00001595  SetMotor_Eight                 
000018d1  UARTStdioConfig                
00001917  UARTwrite                      
0000195d  UARTgets                       
00001a17  UARTgetc                       
00001a3d  UARTvprintf                    
00001d37  UARTprintf                     
00001d6d  minit                          
00001ded  malloc                         
00001e57  free                           
00001f17  realloc                        
00002021  memalign                       
0000210d  calloc                         
0000213d  ConfigureUART0                 
00002187  UART0_Send                     
000021af  UART0_IntHandler               
0000225f  ConfigureUART2                 
000022bf  UART2_Send                     
000022e7  UART2_IntHandler               
00002389  __aeabi_uldivmod               
00002645  __TI_cleanup                   
00002671  freopen                        
0000269b  fopen                          
00002741  __aeabi_dsub                   
0000274b  __aeabi_dadd                   
000028f7  __aeabi_ddiv                   
00002a2d  fputs                          
00002b39  puts                           
00002b61  GPIOPadConfigSet               
00002c93  __mpu_init                     
00002c95  SysCtlClockGet                 
00002da5  __aeabi_dmul                   
00002ea1  ldexp                          
00002ea1  ldexpl                         
00002ea1  scalbn                         
00002ea1  scalbnl                        
00002f9d  SysCtlClockSet                 
00003091  setvbuf                        
0000316d  __TI_doflush                   
000031b9  fflush                         
00003235  open                           
000032f1  __TI_wrt_ok                    
00003353  __TI_rd_ok                     
0000339d  __aeabi_memcpy                 
0000339d  __aeabi_memcpy4                
0000339d  __aeabi_memcpy8                
0000339d  memcpy                         
00003439  __TI_closefile                 
0000349f  fclose                         
000034d1  fputc                          
000034d1  putc                           
00003555  putchar                        
00003569  main                           
000035f1  __aeabi_cdcmpeq                
000035f1  __aeabi_cdcmple                
00003677  __aeabi_cdrcmple               
000036fd  __aeabi_memclr                 
000036fd  __aeabi_memclr4                
000036fd  __aeabi_memclr8                
000036ff  __aeabi_memset                 
000036ff  __aeabi_memset4                
000036ff  __aeabi_memset8                
00003705  memset                         
00003777  _system_post_cinit             
00003779  __TI_auto_init                 
000037e9  finddevice                     
00003813  getdevice                      
00003861  printf                         
000038c9  IntEnable                      
00003931  __TI_decompress_lzss           
00003999  HOSTlseek                      
00003a01  HOSTrename                     
00003a69  __TI_writemsg                  
00003a97  C$$IO$$                        
00003a9b  __TI_readmsg                   
00003ad1  fseek                          
00003b35  frexp                          
00003b35  frexpl                         
00003b99  HOSTopen                       
00003bf9  close                          
00003c55  HOSTread                       
00003cad  HOSTwrite                      
00003d05  _c_int00                       
00003d59  C$$EXIT                        
00003d5d  abort                          
00003d65  exit                           
00003dad  ltoa                           
00003e01  atoi                           
00003e4d  copy_in                        
00003e99  GPIOPinConfigure               
00003ee1  __aeabi_d2iz                   
00003f29  UARTConfigSetExpClk            
00003f71  HOSTclose                      
00003fb5  HOSTunlink                     
00003ff9  __aeabi_uidiv                  
00003ff9  __aeabi_uidivmod               
00004039  SysCtlPeripheralPresent        
00004071  strncpy                        
000040a9  SysCtlPeripheralEnable         
000040dd  __aeabi_i2d                    
0000410d  remove                         
0000410d  unlink                         
00004139  GPIODirModeSet                 
00004165  lseek                          
0000418d  write                          
000041b5  UARTDisable                    
000041d5  memchr                         
000041f5  memccpy                        
00004211  GPIOPinTypeGPIOOutput          
00004229  _args_main                     
00004241  strcmp                         
00004259  strchr                         
0000426f  UARTEnable                     
00004285  _register_unlock               
0000428b  _register_lock                 
00004293  _nop                           
00004299  copysign                       
00004299  copysignl                      
000042ad  strcpy                         
000042c1  strlen                         
000042d5  GPIOPinTypeUART                
000042e7  UARTCharGetNonBlocking         
000042f5  UARTCharPutNonBlocking         
00004303  UARTCharsAvail                 
00004311  __TI_decompress_none           
0000431f  __TI_zero_init                 
0000432b  ResetISR                       
00004337  UARTCharGet                    
00004341  UARTCharPut                    
0000434b  UARTFIFOEnable                 
00004355  UARTIntStatus                  
0000435f  UARTIntEnable                  
00004367  GPIOPinWrite                   
0000436d  SysCtlDelay                    
00004373  UARTClockSourceSet             
00004379  UARTFIFOLevelSet               
0000437f  UARTIntClear                   
00004383  _system_pre_init               
00004388  _ctypes_                       
00004698  __TI_Handler_Table_Base        
000046a4  __TI_Handler_Table_Limit       
000046b0  __TI_CINIT_Base                
000046c0  __TI_CINIT_Limit               
20000000  _ftable                        
200000f0  _device                        
20000168  _stream                        
200001b8  __TI_ft_end                    
200001bc  __aeabi_stdin                  
200001c0  __aeabi_stdout                 
200001c4  __aeabi_stderr                 
200001c8  __TI_cleanup_ptr               
200001cc  __TI_dtors_ptr                 
200001d0  __TI_enable_exit_profile_output
200001e0  _lock                          
200001e4  _unlock                        
200001f0  temp                           
200001f4  ReciveData_i                   
200001f8  errno                          
20000204  main_func_sp                   
20000208  __stack                        
20000408  __CIOBUF_                      
20000408  __STACK_END                    
20000408  __STACK_TOP                    
20000528  __TI_tmpnams                   
200005c8  ReciveData                     
200005d8  rx_buffer_2                    
200005e8  parmbuf                        
200005f0  _sys_memory                    
ffffffff  __TI_pprof_out_hndl            
ffffffff  __TI_prof_data_size            
ffffffff  __TI_prof_data_start           
ffffffff  __binit__                      
ffffffff  __c_args__                     
ffffffff  binit                          
UNDEFED   SHT$$INIT_ARRAY$$Base          
UNDEFED   SHT$$INIT_ARRAY$$Limit         

[184 symbols]
