******************************************************************************
                  TI ARM Linker PC v16.9.6                     
******************************************************************************
>> Linked Sat Mar 31 21:53:58 2018

OUTPUT FILE NAME:   <PointRace_3_Car.out>
ENTRY POINT SYMBOL: "_c_int00"  address: 000016f1


MEMORY CONFIGURATION

         name            origin    length      used     unused   attr    fill
----------------------  --------  ---------  --------  --------  ----  --------
  FLASH                 00000000   00040000  00001daa  0003e256  R  X
  SRAM                  20000000   00008000  00000258  00007da8  RW X


SEGMENT ALLOCATION MAP

run origin  load origin   length   init length attrs members
----------  ----------- ---------- ----------- ----- -------
00000000    00000000    00001db0   00001db0    r-x
  00000000    00000000    0000026c   0000026c    r-- .intvecs
  0000026c    0000026c    0000195a   0000195a    r-x .text
  00001bc8    00001bc8    0000019c   0000019c    r-- .const
  00001d68    00001d68    00000048   00000048    r-- .cinit
20000000    20000000    00000258   00000000    rw-
  20000000    20000000    00000200   00000000    rw- .stack
  20000200    20000200    00000038   00000000    rw- .data
  20000238    20000238    00000020   00000000    rw- .bss


SECTION ALLOCATION MAP

 output                                  attributes/
section   page    origin      length       input sections
--------  ----  ----------  ----------   ----------------
.intvecs   0    00000000    0000026c     
                  00000000    0000026c     tm4c123gh6pm_startup_ccs.obj (.intvecs)

.text      0    0000026c    0000195a     
                  0000026c    0000049c     uartstdio.obj (.text)
                  00000708    00000310     uart_echo.obj (.text)
                  00000a18    000001e4     main.obj (.text)
                  00000bfc    0000019c     Timer.obj (.text)
                  00000d98    00000138     motor.obj (.text)
                  00000ed0    00000136     rtsv7M4_T_le_v4SPD16_eabi.lib : fd_div_t2.obj (.text)
                  00001006    00000132     driverlib.lib : gpio.obj (.text:GPIOPadConfigSet)
                  00001138    00000110                   : sysctl.obj (.text:SysCtlClockGet)
                  00001248    000000fc     rtsv7M4_T_le_v4SPD16_eabi.lib : fd_mul_t2.obj (.text)
                  00001344    000000f4     driverlib.lib : sysctl.obj (.text:SysCtlClockSet)
                  00001438    0000009c     rtsv7M4_T_le_v4SPD16_eabi.lib : memcpy_t2.obj (.text)
                  000014d4    0000007a                                   : memset_t2.obj (.text)
                  0000154e    00000002                                   : i_div0.obj (.text)
                  00001550    00000070                                   : autoinit.obj (.text)
                  000015c0    00000068     driverlib.lib : interrupt.obj (.text:IntEnable)
                  00001628    00000068     rtsv7M4_T_le_v4SPD16_eabi.lib : copy_decompress_lzss.obj (.text:decompress:lzss)
                  00001690    00000060     driverlib.lib : timer.obj (.text:TimerConfigure)
                  000016f0    00000054     rtsv7M4_T_le_v4SPD16_eabi.lib : boot.obj (.text)
                  00001744    00000054                                   : exit.obj (.text)
                  00001798    0000004c                                   : cpy_tbl.obj (.text)
                  000017e4    00000048     driverlib.lib : gpio.obj (.text:GPIOPinConfigure)
                  0000182c    00000048     rtsv7M4_T_le_v4SPD16_eabi.lib : fd_toi_t2.obj (.text)
                  00001874    00000046     driverlib.lib : uart.obj (.text:UARTConfigSetExpClk)
                  000018ba    00000044     rtsv7M4_T_le_v4SPD16_eabi.lib : fd_tou_t2.obj (.text)
                  000018fe    00000040                                   : u_divt2.obj (.text)
                  0000193e    00000002                                   : mpu_init.obj (.text)
                  00001940    00000038     driverlib.lib : sysctl.obj (.text:SysCtlPeripheralPresent)
                  00001978    00000034                   : sysctl.obj (.text:SysCtlPeripheralEnable)
                  000019ac    0000002e     rtsv7M4_T_le_v4SPD16_eabi.lib : i_tofd_t2.obj (.text)
                  000019da    0000002a     driverlib.lib : gpio.obj (.text:GPIODirModeSet)
                  00001a04    00000020                   : uart.obj (.text:UARTDisable)
                  00001a24    00000020     rtsv7M4_T_le_v4SPD16_eabi.lib : u_tofd_t2.obj (.text)
                  00001a44    00000018     driverlib.lib : gpio.obj (.text:GPIOPinTypeGPIOOutput)
                  00001a5c    00000018                   : timer.obj (.text:TimerDisable)
                  00001a74    00000018     rtsv7M4_T_le_v4SPD16_eabi.lib : args_main.obj (.text)
                  00001a8c    00000014     driverlib.lib : uart.obj (.text:UARTEnable)
                  00001aa0    00000014     rtsv7M4_T_le_v4SPD16_eabi.lib : _lock.obj (.text)
                  00001ab4    00000012     driverlib.lib : gpio.obj (.text:GPIOPinTypeUART)
                  00001ac6    00000012                   : timer.obj (.text:TimerLoadSet)
                  00001ad8    00000010                   : fpu.obj (.text:FPULazyStackingEnable)
                  00001ae8    00000010                   : interrupt.obj (.text:IntMasterDisable)
                  00001af8    00000010                   : interrupt.obj (.text:IntMasterEnable)
                  00001b08    0000000e                   : timer.obj (.text:TimerEnable)
                  00001b16    0000000e                   : uart.obj (.text:UARTCharGetNonBlocking)
                  00001b24    0000000e                   : uart.obj (.text:UARTCharPutNonBlocking)
                  00001b32    0000000e                   : uart.obj (.text:UARTCharsAvail)
                  00001b40    0000000e     rtsv7M4_T_le_v4SPD16_eabi.lib : copy_decompress_none.obj (.text:decompress:none)
                  00001b4e    0000000c     driverlib.lib : cpu.obj (.text:CPUcpsid)
                  00001b5a    0000000c                   : cpu.obj (.text:CPUcpsie)
                  00001b66    0000000c     rtsv7M4_T_le_v4SPD16_eabi.lib : copy_zero_init.obj (.text:decompress:ZI)
                  00001b72    0000000c     tm4c123gh6pm_startup_ccs.obj (.text)
                  00001b7e    0000000a     driverlib.lib : uart.obj (.text:UARTCharGet)
                  00001b88    0000000a                   : uart.obj (.text:UARTCharPut)
                  00001b92    0000000a                   : uart.obj (.text:UARTIntStatus)
                  00001b9c    00000008                   : timer.obj (.text:TimerIntEnable)
                  00001ba4    00000008                   : uart.obj (.text:UARTIntEnable)
                  00001bac    00000006                   : gpio.obj (.text:GPIOPinWrite)
                  00001bb2    00000006                   : sysctl.obj (.text:SysCtlDelay)
                  00001bb8    00000004                   : timer.obj (.text:TimerIntClear)
                  00001bbc    00000004                   : uart.obj (.text:UARTIntClear)
                  00001bc0    00000004     rtsv7M4_T_le_v4SPD16_eabi.lib : pre_init.obj (.text)
                  00001bc4    00000002                                   : startup.obj (.text)

.const     0    00001bc8    0000019c     
                  00001bc8    00000090     driverlib.lib : gpio.obj (.const:g_pui32GPIOBaseAddrs)
                  00001c58    00000070                   : interrupt.obj (.const)
                  00001cc8    0000006c                   : sysctl.obj (.const:g_pui32Xtals)
                  00001d34    00000012     uartstdio.obj (.const:.string)
                  00001d46    00000002     --HOLE-- [fill = 0]
                  00001d48    0000000c     uartstdio.obj (.const:g_ui32UARTBase)
                  00001d54    0000000c     uartstdio.obj (.const:g_ui32UARTPeriph)
                  00001d60    00000004     uartstdio.obj (.const)

.cinit     0    00001d68    00000048     
                  00001d68    00000023     (.cinit..data.load) [load image, compression = lzss]
                  00001d8b    00000001     --HOLE-- [fill = 0]
                  00001d8c    0000000c     (__TI_handler_table)
                  00001d98    00000008     (.cinit..bss.load) [load image, compression = zero_init]
                  00001da0    00000010     (__TI_cinit_table)

.init_array 
*          0    00000000    00000000     UNINITIALIZED

.stack     0    20000000    00000200     UNINITIALIZED
                  20000000    00000200     --HOLE--

.data      0    20000200    00000038     UNINITIALIZED
                  20000200    0000000c     rtsv7M4_T_le_v4SPD16_eabi.lib : exit.obj (.data:$O1$$)
                  2000020c    00000009     main.obj (.data)
                  20000215    00000003     --HOLE--
                  20000218    00000008     rtsv7M4_T_le_v4SPD16_eabi.lib : _lock.obj (.data:$O1$$)
                  20000220    00000008     Timer.obj (.data)
                  20000228    00000005     uartstdio.obj (.data)
                  2000022d    00000003     --HOLE--
                  20000230    00000004     rtsv7M4_T_le_v4SPD16_eabi.lib : stkdepth_vars.obj (.data)
                  20000234    00000004     uart_echo.obj (.data)

.bss       0    20000238    00000020     UNINITIALIZED
                  20000238    00000010     (.common:ReciveData_UART0)
                  20000248    00000010     (.common:ReciveData_UART1)

MODULE SUMMARY

       Module                         code   ro data   rw data
       ------                         ----   -------   -------
    .\
       tm4c123gh6pm_startup_ccs.obj   12     620       0      
       main.obj                       484    0         9      
    +--+------------------------------+------+---------+---------+
       Total:                         496    620       9      
                                                              
    .\Motor\
       motor.obj                      312    0         0      
    +--+------------------------------+------+---------+---------+
       Total:                         312    0         0      
                                                              
    .\Timer\
       Timer.obj                      412    0         8      
    +--+------------------------------+------+---------+---------+
       Total:                         412    0         8      
                                                              
    .\uart\
       uartstdio.obj                  1180   46        5      
       uart_echo.obj                  784    0         36     
    +--+------------------------------+------+---------+---------+
       Total:                         1964   46        41     
                                                              
    D:/ti/TivaWare_C_Series-2.1.4.178/driverlib/ccs/Debug/driverlib.lib
       sysctl.obj                     630    108       0      
       gpio.obj                       468    144       0      
       interrupt.obj                  136    112       0      
       uart.obj                       206    0         0      
       timer.obj                      164    0         0      
       cpu.obj                        24     0         0      
       fpu.obj                        16     0         0      
    +--+------------------------------+------+---------+---------+
       Total:                         1644   364       0      
                                                              
    D:\Project_Program\Ccs_V7\ccsv7\tools\compiler\ti-cgt-arm_16.9.6.LTS\lib\rtsv7M4_T_le_v4SPD16_eabi.lib
       fd_div_t2.obj                  310    0         0      
       fd_mul_t2.obj                  252    0         0      
       memcpy_t2.obj                  156    0         0      
       memset_t2.obj                  122    0         0      
       autoinit.obj                   112    0         0      
       copy_decompress_lzss.obj       104    0         0      
       exit.obj                       84     0         12     
       boot.obj                       84     0         0      
       cpy_tbl.obj                    76     0         0      
       fd_toi_t2.obj                  72     0         0      
       fd_tou_t2.obj                  68     0         0      
       u_divt2.obj                    64     0         0      
       i_tofd_t2.obj                  46     0         0      
       u_tofd_t2.obj                  32     0         0      
       _lock.obj                      20     0         8      
       args_main.obj                  24     0         0      
       copy_decompress_none.obj       14     0         0      
       copy_zero_init.obj             12     0         0      
       pre_init.obj                   4      0         0      
       stkdepth_vars.obj              0      0         4      
       i_div0.obj                     2      0         0      
       mpu_init.obj                   2      0         0      
       startup.obj                    2      0         0      
    +--+------------------------------+------+---------+---------+
       Total:                         1662   0         24     
                                                              
       Stack:                         0      0         512    
       Linker Generated:              0      71        0      
    +--+------------------------------+------+---------+---------+
       Grand Total:                   6490   1101      594    


LINKER GENERATED COPY TABLES

__TI_cinit_table @ 00001da0 records: 2, size/record: 8, table size: 16
	.data: load addr=00001d68, load size=00000023 bytes, run addr=20000200, run size=00000038 bytes, compression=lzss
	.bss: load addr=00001d98, load size=00000008 bytes, run addr=20000238, run size=00000020 bytes, compression=zero_init


LINKER GENERATED HANDLER TABLE

__TI_handler_table @ 00001d8c records: 3, size/record: 4, table size: 12
	index: 0, handler: __TI_decompress_lzss
	index: 1, handler: __TI_decompress_none
	index: 2, handler: __TI_zero_init


GLOBAL SYMBOLS: SORTED ALPHABETICALLY BY Name 

address   name                           
-------   ----                           
00001745  C$$EXIT                        
00001b4f  CPUcpsid                       
00001b5b  CPUcpsie                       
2000020c  CountBan                       
20000224  Counter                        
00001ad9  FPULazyStackingEnable          
20000214  FlagSend                       
000019db  GPIODirModeSet                 
00001007  GPIOPadConfigSet               
000017e5  GPIOPinConfigure               
00001a45  GPIOPinTypeGPIOOutput          
00001ab5  GPIOPinTypeUART                
00001bad  GPIOPinWrite                   
000015c1  IntEnable                      
00001ae9  IntMasterDisable               
00001af9  IntMasterEnable                
00000bfd  MotorContolTimer               
00000d99  MotorInit                      
20000236  MotorOrderDirection            
20000237  MotorOrderDisplacement         
00000df5  MotorSet                       
20000238  ReciveData_UART0               
20000248  ReciveData_UART1               
20000234  ReciveData_i_UART0             
20000235  ReciveData_i_UART1             
00001b73  ResetISR                       
UNDEFED   SHT$$INIT_ARRAY$$Base          
UNDEFED   SHT$$INIT_ARRAY$$Limit         
20000210  SendCount                      
00001139  SysCtlClockGet                 
00001345  SysCtlClockSet                 
00001bb3  SysCtlDelay                    
00001979  SysCtlPeripheralEnable         
00001941  SysCtlPeripheralPresent        
20000220  Time_Flag                      
00000c71  Timer0IntHandler               
00000cfb  Timer1IntHandler               
00001691  TimerConfigure                 
00001a5d  TimerDisable                   
00001b09  TimerEnable                    
00001bb9  TimerIntClear                  
00001b9d  TimerIntEnable                 
00001ac7  TimerLoadSet                   
00000775  UART0Send                      
000007f1  UART1IntHandler                
00000917  UART1Send                      
00001b7f  UARTCharGet                    
00001b17  UARTCharGetNonBlocking         
00001b89  UARTCharPut                    
00001b25  UARTCharPutNonBlocking         
00001b33  UARTCharsAvail                 
00001875  UARTConfigSetExpClk            
00001a05  UARTDisable                    
00001a8d  UARTEnable                     
00001bbd  UARTIntClear                   
00001ba5  UARTIntEnable                  
00000709  UARTIntHandler                 
00001b93  UARTIntStatus                  
0000026d  UARTStdioConfig                
000003b3  UARTgetc                       
000002f9  UARTgets                       
000006d3  UARTprintf                     
000003d9  UARTvprintf                    
000002b3  UARTwrite                      
0000079d  Uart0Iint                      
0000093f  Uart1Iint                      
20000200  __STACK_END                    
00000200  __STACK_SIZE                   
20000200  __STACK_TOP                    
00001da0  __TI_CINIT_Base                
00001db0  __TI_CINIT_Limit               
00001d8c  __TI_Handler_Table_Base        
00001d98  __TI_Handler_Table_Limit       
00001551  __TI_auto_init                 
20000200  __TI_cleanup_ptr               
00001629  __TI_decompress_lzss           
00001b41  __TI_decompress_none           
20000204  __TI_dtors_ptr                 
20000208  __TI_enable_exit_profile_output
ffffffff  __TI_pprof_out_hndl            
ffffffff  __TI_prof_data_size            
ffffffff  __TI_prof_data_start           
00000000  __TI_static_base__             
00001b67  __TI_zero_init                 
0000182d  __aeabi_d2iz                   
000018bb  __aeabi_d2uiz                  
00000ed1  __aeabi_ddiv                   
00001249  __aeabi_dmul                   
000019ad  __aeabi_i2d                    
0000154f  __aeabi_idiv0                  
000014d5  __aeabi_memclr                 
000014d5  __aeabi_memclr4                
000014d5  __aeabi_memclr8                
00001439  __aeabi_memcpy                 
00001439  __aeabi_memcpy4                
00001439  __aeabi_memcpy8                
000014d7  __aeabi_memset                 
000014d7  __aeabi_memset4                
000014d7  __aeabi_memset8                
00001a25  __aeabi_ui2d                   
000018ff  __aeabi_uidiv                  
000018ff  __aeabi_uidivmod               
ffffffff  __binit__                      
ffffffff  __c_args__                     
0000193f  __mpu_init                     
20000000  __stack                        
00001a75  _args_main                     
000016f1  _c_int00                       
20000218  _lock                          
00001aaf  _nop                           
00001aa7  _register_lock                 
00001aa1  _register_unlock               
00001bc5  _system_post_cinit             
00001bc1  _system_pre_init               
2000021c  _unlock                        
00001749  abort                          
ffffffff  binit                          
00001799  copy_in                        
00001751  exit                           
00000000  g_pfnVectors                   
00000a19  main                           
20000230  main_func_sp                   
00001439  memcpy                         
000014dd  memset                         


GLOBAL SYMBOLS: SORTED BY Symbol Address 

address   name                           
-------   ----                           
00000000  __TI_static_base__             
00000000  g_pfnVectors                   
00000200  __STACK_SIZE                   
0000026d  UARTStdioConfig                
000002b3  UARTwrite                      
000002f9  UARTgets                       
000003b3  UARTgetc                       
000003d9  UARTvprintf                    
000006d3  UARTprintf                     
00000709  UARTIntHandler                 
00000775  UART0Send                      
0000079d  Uart0Iint                      
000007f1  UART1IntHandler                
00000917  UART1Send                      
0000093f  Uart1Iint                      
00000a19  main                           
00000bfd  MotorContolTimer               
00000c71  Timer0IntHandler               
00000cfb  Timer1IntHandler               
00000d99  MotorInit                      
00000df5  MotorSet                       
00000ed1  __aeabi_ddiv                   
00001007  GPIOPadConfigSet               
00001139  SysCtlClockGet                 
00001249  __aeabi_dmul                   
00001345  SysCtlClockSet                 
00001439  __aeabi_memcpy                 
00001439  __aeabi_memcpy4                
00001439  __aeabi_memcpy8                
00001439  memcpy                         
000014d5  __aeabi_memclr                 
000014d5  __aeabi_memclr4                
000014d5  __aeabi_memclr8                
000014d7  __aeabi_memset                 
000014d7  __aeabi_memset4                
000014d7  __aeabi_memset8                
000014dd  memset                         
0000154f  __aeabi_idiv0                  
00001551  __TI_auto_init                 
000015c1  IntEnable                      
00001629  __TI_decompress_lzss           
00001691  TimerConfigure                 
000016f1  _c_int00                       
00001745  C$$EXIT                        
00001749  abort                          
00001751  exit                           
00001799  copy_in                        
000017e5  GPIOPinConfigure               
0000182d  __aeabi_d2iz                   
00001875  UARTConfigSetExpClk            
000018bb  __aeabi_d2uiz                  
000018ff  __aeabi_uidiv                  
000018ff  __aeabi_uidivmod               
0000193f  __mpu_init                     
00001941  SysCtlPeripheralPresent        
00001979  SysCtlPeripheralEnable         
000019ad  __aeabi_i2d                    
000019db  GPIODirModeSet                 
00001a05  UARTDisable                    
00001a25  __aeabi_ui2d                   
00001a45  GPIOPinTypeGPIOOutput          
00001a5d  TimerDisable                   
00001a75  _args_main                     
00001a8d  UARTEnable                     
00001aa1  _register_unlock               
00001aa7  _register_lock                 
00001aaf  _nop                           
00001ab5  GPIOPinTypeUART                
00001ac7  TimerLoadSet                   
00001ad9  FPULazyStackingEnable          
00001ae9  IntMasterDisable               
00001af9  IntMasterEnable                
00001b09  TimerEnable                    
00001b17  UARTCharGetNonBlocking         
00001b25  UARTCharPutNonBlocking         
00001b33  UARTCharsAvail                 
00001b41  __TI_decompress_none           
00001b4f  CPUcpsid                       
00001b5b  CPUcpsie                       
00001b67  __TI_zero_init                 
00001b73  ResetISR                       
00001b7f  UARTCharGet                    
00001b89  UARTCharPut                    
00001b93  UARTIntStatus                  
00001b9d  TimerIntEnable                 
00001ba5  UARTIntEnable                  
00001bad  GPIOPinWrite                   
00001bb3  SysCtlDelay                    
00001bb9  TimerIntClear                  
00001bbd  UARTIntClear                   
00001bc1  _system_pre_init               
00001bc5  _system_post_cinit             
00001d8c  __TI_Handler_Table_Base        
00001d98  __TI_Handler_Table_Limit       
00001da0  __TI_CINIT_Base                
00001db0  __TI_CINIT_Limit               
20000000  __stack                        
20000200  __STACK_END                    
20000200  __STACK_TOP                    
20000200  __TI_cleanup_ptr               
20000204  __TI_dtors_ptr                 
20000208  __TI_enable_exit_profile_output
2000020c  CountBan                       
20000210  SendCount                      
20000214  FlagSend                       
20000218  _lock                          
2000021c  _unlock                        
20000220  Time_Flag                      
20000224  Counter                        
20000230  main_func_sp                   
20000234  ReciveData_i_UART0             
20000235  ReciveData_i_UART1             
20000236  MotorOrderDirection            
20000237  MotorOrderDisplacement         
20000238  ReciveData_UART0               
20000248  ReciveData_UART1               
ffffffff  __TI_pprof_out_hndl            
ffffffff  __TI_prof_data_size            
ffffffff  __TI_prof_data_start           
ffffffff  __binit__                      
ffffffff  __c_args__                     
ffffffff  binit                          
UNDEFED   SHT$$INIT_ARRAY$$Base          
UNDEFED   SHT$$INIT_ARRAY$$Limit         

[124 symbols]
