******************************************************************************
                  TI ARM Linker PC v16.9.6                     
******************************************************************************
>> Linked Wed Apr 04 23:57:41 2018

OUTPUT FILE NAME:   <PointRace_3_Car.out>
ENTRY POINT SYMBOL: "_c_int00"  address: 000019c9


MEMORY CONFIGURATION

         name            origin    length      used     unused   attr    fill
----------------------  --------  ---------  --------  --------  ----  --------
  FLASH                 00000000   00040000  000020ae  0003df52  R  X
  SRAM                  20000000   00008000  00000274  00007d8c  RW X


SEGMENT ALLOCATION MAP

run origin  load origin   length   init length attrs members
----------  ----------- ---------- ----------- ----- -------
00000000    00000000    000020b0   000020b0    r-x
  00000000    00000000    0000026c   0000026c    r-- .intvecs
  0000026c    0000026c    00001c56   00001c56    r-x .text
  00001ec4    00001ec4    0000019c   0000019c    r-- .const
  00002060    00002060    00000050   00000050    r-- .cinit
20000000    20000000    00000274   00000000    rw-
  20000000    20000000    00000200   00000000    rw- .stack
  20000200    20000200    00000044   00000000    rw- .data
  20000244    20000244    00000030   00000000    rw- .bss


SECTION ALLOCATION MAP

 output                                  attributes/
section   page    origin      length       input sections
--------  ----  ----------  ----------   ----------------
.intvecs   0    00000000    0000026c     
                  00000000    0000026c     tm4c123gh6pm_startup_ccs.obj (.intvecs)

.text      0    0000026c    00001c56     
                  0000026c    0000049c     uartstdio.obj (.text)
                  00000708    000003fc     main.obj (.text)
                  00000b04    00000364     uart_echo.obj (.text)
                  00000e68    00000208     Timer.obj (.text)
                  00001070    00000138     motor.obj (.text)
                  000011a8    00000136     rtsv7M4_T_le_v4SPD16_eabi.lib : fd_div_t2.obj (.text)
                  000012de    00000132     driverlib.lib : gpio.obj (.text:GPIOPadConfigSet)
                  00001410    00000110                   : sysctl.obj (.text:SysCtlClockGet)
                  00001520    000000fc     rtsv7M4_T_le_v4SPD16_eabi.lib : fd_mul_t2.obj (.text)
                  0000161c    000000f4     driverlib.lib : sysctl.obj (.text:SysCtlClockSet)
                  00001710    0000009c     rtsv7M4_T_le_v4SPD16_eabi.lib : memcpy_t2.obj (.text)
                  000017ac    0000007a                                   : memset_t2.obj (.text)
                  00001826    00000002                                   : i_div0.obj (.text)
                  00001828    00000070                                   : autoinit.obj (.text)
                  00001898    00000068     driverlib.lib : interrupt.obj (.text:IntEnable)
                  00001900    00000068     rtsv7M4_T_le_v4SPD16_eabi.lib : copy_decompress_lzss.obj (.text:decompress:lzss)
                  00001968    00000060     driverlib.lib : timer.obj (.text:TimerConfigure)
                  000019c8    00000054     rtsv7M4_T_le_v4SPD16_eabi.lib : boot.obj (.text)
                  00001a1c    00000054                                   : exit.obj (.text)
                  00001a70    0000004c                                   : cpy_tbl.obj (.text)
                  00001abc    00000048     driverlib.lib : gpio.obj (.text:GPIOPinConfigure)
                  00001b04    00000048     rtsv7M4_T_le_v4SPD16_eabi.lib : fd_toi_t2.obj (.text)
                  00001b4c    00000046     driverlib.lib : uart.obj (.text:UARTConfigSetExpClk)
                  00001b92    00000044     rtsv7M4_T_le_v4SPD16_eabi.lib : fd_tou_t2.obj (.text)
                  00001bd6    00000040                                   : u_divt2.obj (.text)
                  00001c16    00000002                                   : mpu_init.obj (.text)
                  00001c18    00000038     driverlib.lib : sysctl.obj (.text:SysCtlPeripheralPresent)
                  00001c50    00000034                   : sysctl.obj (.text:SysCtlPeripheralEnable)
                  00001c84    0000002e     rtsv7M4_T_le_v4SPD16_eabi.lib : i_tofd_t2.obj (.text)
                  00001cb2    0000002a     driverlib.lib : gpio.obj (.text:GPIODirModeSet)
                  00001cdc    00000024     Beep.obj (.text)
                  00001d00    00000020     driverlib.lib : uart.obj (.text:UARTDisable)
                  00001d20    00000020     rtsv7M4_T_le_v4SPD16_eabi.lib : u_tofd_t2.obj (.text)
                  00001d40    00000018     driverlib.lib : gpio.obj (.text:GPIOPinTypeGPIOOutput)
                  00001d58    00000018                   : timer.obj (.text:TimerDisable)
                  00001d70    00000018     rtsv7M4_T_le_v4SPD16_eabi.lib : args_main.obj (.text)
                  00001d88    00000014     driverlib.lib : uart.obj (.text:UARTEnable)
                  00001d9c    00000014     rtsv7M4_T_le_v4SPD16_eabi.lib : _lock.obj (.text)
                  00001db0    00000012     driverlib.lib : gpio.obj (.text:GPIOPinTypeUART)
                  00001dc2    00000012                   : timer.obj (.text:TimerLoadSet)
                  00001dd4    00000010                   : fpu.obj (.text:FPULazyStackingEnable)
                  00001de4    00000010                   : interrupt.obj (.text:IntMasterDisable)
                  00001df4    00000010                   : interrupt.obj (.text:IntMasterEnable)
                  00001e04    0000000e                   : timer.obj (.text:TimerEnable)
                  00001e12    0000000e                   : uart.obj (.text:UARTCharGetNonBlocking)
                  00001e20    0000000e                   : uart.obj (.text:UARTCharPutNonBlocking)
                  00001e2e    0000000e                   : uart.obj (.text:UARTCharsAvail)
                  00001e3c    0000000e     rtsv7M4_T_le_v4SPD16_eabi.lib : copy_decompress_none.obj (.text:decompress:none)
                  00001e4a    0000000c     driverlib.lib : cpu.obj (.text:CPUcpsid)
                  00001e56    0000000c                   : cpu.obj (.text:CPUcpsie)
                  00001e62    0000000c     rtsv7M4_T_le_v4SPD16_eabi.lib : copy_zero_init.obj (.text:decompress:ZI)
                  00001e6e    0000000c     tm4c123gh6pm_startup_ccs.obj (.text)
                  00001e7a    0000000a     driverlib.lib : uart.obj (.text:UARTCharGet)
                  00001e84    0000000a                   : uart.obj (.text:UARTCharPut)
                  00001e8e    0000000a                   : uart.obj (.text:UARTIntStatus)
                  00001e98    00000008                   : timer.obj (.text:TimerIntEnable)
                  00001ea0    00000008                   : uart.obj (.text:UARTIntEnable)
                  00001ea8    00000006                   : gpio.obj (.text:GPIOPinWrite)
                  00001eae    00000006                   : sysctl.obj (.text:SysCtlDelay)
                  00001eb4    00000004                   : timer.obj (.text:TimerIntClear)
                  00001eb8    00000004                   : uart.obj (.text:UARTIntClear)
                  00001ebc    00000004     rtsv7M4_T_le_v4SPD16_eabi.lib : pre_init.obj (.text)
                  00001ec0    00000002                                   : startup.obj (.text)

.const     0    00001ec4    0000019c     
                  00001ec4    00000090     driverlib.lib : gpio.obj (.const:g_pui32GPIOBaseAddrs)
                  00001f54    00000070                   : interrupt.obj (.const)
                  00001fc4    0000006c                   : sysctl.obj (.const:g_pui32Xtals)
                  00002030    00000012     uartstdio.obj (.const:.string)
                  00002042    00000002     --HOLE-- [fill = 0]
                  00002044    0000000c     uartstdio.obj (.const:g_ui32UARTBase)
                  00002050    0000000c     uartstdio.obj (.const:g_ui32UARTPeriph)
                  0000205c    00000004     uartstdio.obj (.const)

.cinit     0    00002060    00000050     
                  00002060    00000028     (.cinit..data.load) [load image, compression = lzss]
                  00002088    0000000c     (__TI_handler_table)
                  00002094    00000004     --HOLE-- [fill = 0]
                  00002098    00000008     (.cinit..bss.load) [load image, compression = zero_init]
                  000020a0    00000010     (__TI_cinit_table)

.init_array 
*          0    00000000    00000000     UNINITIALIZED

.stack     0    20000000    00000200     UNINITIALIZED
                  20000000    00000200     --HOLE--

.data      0    20000200    00000044     UNINITIALIZED
                  20000200    00000014     Timer.obj (.data)
                  20000214    0000000c     rtsv7M4_T_le_v4SPD16_eabi.lib : exit.obj (.data:$O1$$)
                  20000220    00000009     main.obj (.data)
                  20000229    00000003     --HOLE--
                  2000022c    00000008     rtsv7M4_T_le_v4SPD16_eabi.lib : _lock.obj (.data:$O1$$)
                  20000234    00000005     uartstdio.obj (.data)
                  20000239    00000003     --HOLE--
                  2000023c    00000004     rtsv7M4_T_le_v4SPD16_eabi.lib : stkdepth_vars.obj (.data)
                  20000240    00000004     uart_echo.obj (.data)

.bss       0    20000244    00000030     UNINITIALIZED
                  20000244    00000010     (.common:ReciveData_UART0)
                  20000254    00000010     (.common:ReciveData_UART1)
                  20000264    0000000c     (.common:CharTable)
                  20000270    00000004     (.common:CharNum)

MODULE SUMMARY

       Module                         code   ro data   rw data
       ------                         ----   -------   -------
    .\
       main.obj                       1020   0         25     
       tm4c123gh6pm_startup_ccs.obj   12     620       0      
    +--+------------------------------+------+---------+---------+
       Total:                         1032   620       25     
                                                              
    .\Beep\
       Beep.obj                       36     0         0      
    +--+------------------------------+------+---------+---------+
       Total:                         36     0         0      
                                                              
    .\Motor\
       motor.obj                      312    0         0      
    +--+------------------------------+------+---------+---------+
       Total:                         312    0         0      
                                                              
    .\Timer\
       Timer.obj                      520    0         20     
    +--+------------------------------+------+---------+---------+
       Total:                         520    0         20     
                                                              
    .\uart\
       uartstdio.obj                  1180   46        5      
       uart_echo.obj                  868    0         36     
    +--+------------------------------+------+---------+---------+
       Total:                         2048   46        41     
                                                              
    D:/ti/TivaWare_C_Series-2.1.4.178/driverlib/ccs/Debug/driverlib.lib
       sysctl.obj                     630    108       0      
       gpio.obj                       468    144       0      
       interrupt.obj                  136    112       0      
       uart.obj                       206    0         0      
       timer.obj                      164    0         0      
       cpu.obj                        24     0         0      
       fpu.obj                        16     0         0      
    +--+------------------------------+------+---------+---------+
       Total:                         1644   364       0      
                                                              
    D:\Project_Program\Ccs_V7\ccsv7\tools\compiler\ti-cgt-arm_16.9.6.LTS\lib\rtsv7M4_T_le_v4SPD16_eabi.lib
       fd_div_t2.obj                  310    0         0      
       fd_mul_t2.obj                  252    0         0      
       memcpy_t2.obj                  156    0         0      
       memset_t2.obj                  122    0         0      
       autoinit.obj                   112    0         0      
       copy_decompress_lzss.obj       104    0         0      
       exit.obj                       84     0         12     
       boot.obj                       84     0         0      
       cpy_tbl.obj                    76     0         0      
       fd_toi_t2.obj                  72     0         0      
       fd_tou_t2.obj                  68     0         0      
       u_divt2.obj                    64     0         0      
       i_tofd_t2.obj                  46     0         0      
       u_tofd_t2.obj                  32     0         0      
       _lock.obj                      20     0         8      
       args_main.obj                  24     0         0      
       copy_decompress_none.obj       14     0         0      
       copy_zero_init.obj             12     0         0      
       pre_init.obj                   4      0         0      
       stkdepth_vars.obj              0      0         4      
       i_div0.obj                     2      0         0      
       mpu_init.obj                   2      0         0      
       startup.obj                    2      0         0      
    +--+------------------------------+------+---------+---------+
       Total:                         1662   0         24     
                                                              
       Stack:                         0      0         512    
       Linker Generated:              0      76        0      
    +--+------------------------------+------+---------+---------+
       Grand Total:                   7254   1106      622    


LINKER GENERATED COPY TABLES

__TI_cinit_table @ 000020a0 records: 2, size/record: 8, table size: 16
	.data: load addr=00002060, load size=00000028 bytes, run addr=20000200, run size=00000044 bytes, compression=lzss
	.bss: load addr=00002098, load size=00000008 bytes, run addr=20000244, run size=00000030 bytes, compression=zero_init


LINKER GENERATED HANDLER TABLE

__TI_handler_table @ 00002088 records: 3, size/record: 4, table size: 12
	index: 0, handler: __TI_decompress_lzss
	index: 1, handler: __TI_decompress_none
	index: 2, handler: __TI_zero_init


GLOBAL SYMBOLS: SORTED ALPHABETICALLY BY Name 

address   name                           
-------   ----                           
00001cdd  Beep_Configure                 
2000020c  Beep_Counter                   
20000208  Beep_Flag                      
20000210  Beep_Fre                       
00001a1d  C$$EXIT                        
00001e4b  CPUcpsid                       
00001e57  CPUcpsie                       
20000270  CharNum                        
20000264  CharTable                      
20000220  CountBan                       
20000204  Counter                        
00001dd5  FPULazyStackingEnable          
20000228  FlagSend                       
00001cb3  GPIODirModeSet                 
000012df  GPIOPadConfigSet               
00001abd  GPIOPinConfigure               
00001d41  GPIOPinTypeGPIOOutput          
00001db1  GPIOPinTypeUART                
00001ea9  GPIOPinWrite                   
00001899  IntEnable                      
00001de5  IntMasterDisable               
00001df5  IntMasterEnable                
00000e69  MotorContolTimer               
00001071  MotorInit                      
20000242  MotorOrderDirection            
20000243  MotorOrderDisplacement         
000010cd  MotorSet                       
20000244  ReciveData_UART0               
20000254  ReciveData_UART1               
20000240  ReciveData_i_UART0             
20000241  ReciveData_i_UART1             
00001e6f  ResetISR                       
UNDEFED   SHT$$INIT_ARRAY$$Base          
UNDEFED   SHT$$INIT_ARRAY$$Limit         
20000224  SendCount                      
00001411  SysCtlClockGet                 
0000161d  SysCtlClockSet                 
00001eaf  SysCtlDelay                    
00001c51  SysCtlPeripheralEnable         
00001c19  SysCtlPeripheralPresent        
20000200  Time_Flag                      
00000edd  Timer0IntHandler               
00000fc3  Timer1IntHandler               
00001969  TimerConfigure                 
00001d59  TimerDisable                   
00001e05  TimerEnable                    
00001eb5  TimerIntClear                  
00001e99  TimerIntEnable                 
00001dc3  TimerLoadSet                   
00000b71  UART0Send                      
00000bed  UART1IntHandler                
00000d5b  UART1Send                      
00001e7b  UARTCharGet                    
00001e13  UARTCharGetNonBlocking         
00001e85  UARTCharPut                    
00001e21  UARTCharPutNonBlocking         
00001e2f  UARTCharsAvail                 
00001b4d  UARTConfigSetExpClk            
00001d01  UARTDisable                    
00001d89  UARTEnable                     
00001eb9  UARTIntClear                   
00001ea1  UARTIntEnable                  
00000b05  UARTIntHandler                 
00001e8f  UARTIntStatus                  
0000026d  UARTStdioConfig                
000003b3  UARTgetc                       
000002f9  UARTgets                       
000006d3  UARTprintf                     
000003d9  UARTvprintf                    
000002b3  UARTwrite                      
00000b99  Uart0Iint                      
00000d83  Uart1Iint                      
20000200  __STACK_END                    
00000200  __STACK_SIZE                   
20000200  __STACK_TOP                    
000020a0  __TI_CINIT_Base                
000020b0  __TI_CINIT_Limit               
00002088  __TI_Handler_Table_Base        
00002094  __TI_Handler_Table_Limit       
00001829  __TI_auto_init                 
20000214  __TI_cleanup_ptr               
00001901  __TI_decompress_lzss           
00001e3d  __TI_decompress_none           
20000218  __TI_dtors_ptr                 
2000021c  __TI_enable_exit_profile_output
ffffffff  __TI_pprof_out_hndl            
ffffffff  __TI_prof_data_size            
ffffffff  __TI_prof_data_start           
00000000  __TI_static_base__             
00001e63  __TI_zero_init                 
00001b05  __aeabi_d2iz                   
00001b93  __aeabi_d2uiz                  
000011a9  __aeabi_ddiv                   
00001521  __aeabi_dmul                   
00001c85  __aeabi_i2d                    
00001827  __aeabi_idiv0                  
000017ad  __aeabi_memclr                 
000017ad  __aeabi_memclr4                
000017ad  __aeabi_memclr8                
00001711  __aeabi_memcpy                 
00001711  __aeabi_memcpy4                
00001711  __aeabi_memcpy8                
000017af  __aeabi_memset                 
000017af  __aeabi_memset4                
000017af  __aeabi_memset8                
00001d21  __aeabi_ui2d                   
00001bd7  __aeabi_uidiv                  
00001bd7  __aeabi_uidivmod               
ffffffff  __binit__                      
ffffffff  __c_args__                     
00001c17  __mpu_init                     
20000000  __stack                        
00001d71  _args_main                     
000019c9  _c_int00                       
2000022c  _lock                          
00001dab  _nop                           
00001da3  _register_lock                 
00001d9d  _register_unlock               
00001ec1  _system_post_cinit             
00001ebd  _system_pre_init               
20000230  _unlock                        
00001a21  abort                          
ffffffff  binit                          
00001a71  copy_in                        
00001a29  exit                           
00000000  g_pfnVectors                   
00000709  main                           
2000023c  main_func_sp                   
00001711  memcpy                         
000017b5  memset                         


GLOBAL SYMBOLS: SORTED BY Symbol Address 

address   name                           
-------   ----                           
00000000  __TI_static_base__             
00000000  g_pfnVectors                   
00000200  __STACK_SIZE                   
0000026d  UARTStdioConfig                
000002b3  UARTwrite                      
000002f9  UARTgets                       
000003b3  UARTgetc                       
000003d9  UARTvprintf                    
000006d3  UARTprintf                     
00000709  main                           
00000b05  UARTIntHandler                 
00000b71  UART0Send                      
00000b99  Uart0Iint                      
00000bed  UART1IntHandler                
00000d5b  UART1Send                      
00000d83  Uart1Iint                      
00000e69  MotorContolTimer               
00000edd  Timer0IntHandler               
00000fc3  Timer1IntHandler               
00001071  MotorInit                      
000010cd  MotorSet                       
000011a9  __aeabi_ddiv                   
000012df  GPIOPadConfigSet               
00001411  SysCtlClockGet                 
00001521  __aeabi_dmul                   
0000161d  SysCtlClockSet                 
00001711  __aeabi_memcpy                 
00001711  __aeabi_memcpy4                
00001711  __aeabi_memcpy8                
00001711  memcpy                         
000017ad  __aeabi_memclr                 
000017ad  __aeabi_memclr4                
000017ad  __aeabi_memclr8                
000017af  __aeabi_memset                 
000017af  __aeabi_memset4                
000017af  __aeabi_memset8                
000017b5  memset                         
00001827  __aeabi_idiv0                  
00001829  __TI_auto_init                 
00001899  IntEnable                      
00001901  __TI_decompress_lzss           
00001969  TimerConfigure                 
000019c9  _c_int00                       
00001a1d  C$$EXIT                        
00001a21  abort                          
00001a29  exit                           
00001a71  copy_in                        
00001abd  GPIOPinConfigure               
00001b05  __aeabi_d2iz                   
00001b4d  UARTConfigSetExpClk            
00001b93  __aeabi_d2uiz                  
00001bd7  __aeabi_uidiv                  
00001bd7  __aeabi_uidivmod               
00001c17  __mpu_init                     
00001c19  SysCtlPeripheralPresent        
00001c51  SysCtlPeripheralEnable         
00001c85  __aeabi_i2d                    
00001cb3  GPIODirModeSet                 
00001cdd  Beep_Configure                 
00001d01  UARTDisable                    
00001d21  __aeabi_ui2d                   
00001d41  GPIOPinTypeGPIOOutput          
00001d59  TimerDisable                   
00001d71  _args_main                     
00001d89  UARTEnable                     
00001d9d  _register_unlock               
00001da3  _register_lock                 
00001dab  _nop                           
00001db1  GPIOPinTypeUART                
00001dc3  TimerLoadSet                   
00001dd5  FPULazyStackingEnable          
00001de5  IntMasterDisable               
00001df5  IntMasterEnable                
00001e05  TimerEnable                    
00001e13  UARTCharGetNonBlocking         
00001e21  UARTCharPutNonBlocking         
00001e2f  UARTCharsAvail                 
00001e3d  __TI_decompress_none           
00001e4b  CPUcpsid                       
00001e57  CPUcpsie                       
00001e63  __TI_zero_init                 
00001e6f  ResetISR                       
00001e7b  UARTCharGet                    
00001e85  UARTCharPut                    
00001e8f  UARTIntStatus                  
00001e99  TimerIntEnable                 
00001ea1  UARTIntEnable                  
00001ea9  GPIOPinWrite                   
00001eaf  SysCtlDelay                    
00001eb5  TimerIntClear                  
00001eb9  UARTIntClear                   
00001ebd  _system_pre_init               
00001ec1  _system_post_cinit             
00002088  __TI_Handler_Table_Base        
00002094  __TI_Handler_Table_Limit       
000020a0  __TI_CINIT_Base                
000020b0  __TI_CINIT_Limit               
20000000  __stack                        
20000200  Time_Flag                      
20000200  __STACK_END                    
20000200  __STACK_TOP                    
20000204  Counter                        
20000208  Beep_Flag                      
2000020c  Beep_Counter                   
20000210  Beep_Fre                       
20000214  __TI_cleanup_ptr               
20000218  __TI_dtors_ptr                 
2000021c  __TI_enable_exit_profile_output
20000220  CountBan                       
20000224  SendCount                      
20000228  FlagSend                       
2000022c  _lock                          
20000230  _unlock                        
2000023c  main_func_sp                   
20000240  ReciveData_i_UART0             
20000241  ReciveData_i_UART1             
20000242  MotorOrderDirection            
20000243  MotorOrderDisplacement         
20000244  ReciveData_UART0               
20000254  ReciveData_UART1               
20000264  CharTable                      
20000270  CharNum                        
ffffffff  __TI_pprof_out_hndl            
ffffffff  __TI_prof_data_size            
ffffffff  __TI_prof_data_start           
ffffffff  __binit__                      
ffffffff  __c_args__                     
ffffffff  binit                          
UNDEFED   SHT$$INIT_ARRAY$$Base          
UNDEFED   SHT$$INIT_ARRAY$$Limit         

[130 symbols]
