******************************************************************************
                  TI ARM Linker PC v18.1.2                     
******************************************************************************
>> Linked Mon Oct 22 23:39:46 2018

OUTPUT FILE NAME:   <PointRace_3_Car.out>
ENTRY POINT SYMBOL: "_c_int00_noargs"  address: 00006e2d


MEMORY CONFIGURATION

         name            origin    length      used     unused   attr    fill
----------------------  --------  ---------  --------  --------  ----  --------
  FLASH                 00000000   00040000  0000809a  00037f66  R  X
  SRAM                  20000000   00008000  000002c8  00007d38  RW X


SEGMENT ALLOCATION MAP

run origin  load origin   length   init length attrs members
----------  ----------- ---------- ----------- ----- -------
00000000    00000000    000080a0   000080a0    r-x
  00000000    00000000    0000026c   0000026c    r-- .intvecs
  0000026c    0000026c    00006f12   00006f12    r-x .text
  00007180    00007180    00000ebc   00000ebc    r-- .const
  00008040    00008040    00000060   00000060    r-- .cinit
20000000    20000000    000002c8   00000000    rw-
  20000000    20000000    00000200   00000000    rw- .stack
  20000200    20000200    00000080   00000000    rw- .data
  20000280    20000280    00000048   00000000    rw- .bss


SECTION ALLOCATION MAP

 output                                  attributes/
section   page    origin      length       input sections
--------  ----  ----------  ----------   ----------------
.intvecs   0    00000000    0000026c     
                  00000000    0000026c     tm4c123gh6pm_startup_ccs.obj (.intvecs)

.text      0    0000026c    00006f12     
                  0000026c    00002b0c     inv_mpu.obj (.text)
                  00002d78    00001084     inv_mpu_dmp_motion_driver.obj (.text)
                  00003dfc    00000534     uart_echo.obj (.text)
                  00004330    000004a0     main.obj (.text)
                  000047d0    0000049c     uartstdio.obj (.text)
                  00004c6c    000003d8     rtsv7M4_T_le_v4SPD16_eabi.lib : e_asin.c.obj (.text:asin)
                  00005044    00000340     I2C.obj (.text)
                  00005384    000002ec     rtsv7M4_T_le_v4SPD16_eabi.lib : s_atan.c.obj (.text:atan)
                  00005670    000002bc     mpu6050.obj (.text)
                  0000592c    000001fc     Timer.obj (.text)
                  00005b28    000001ec     rtsv7M4_T_le_v4SPD16_eabi.lib : e_atan2.c.obj (.text:atan2)
                  00005d14    000001b6                                   : fd_add_t2.asm.obj (.text)
                  00005eca    00000194     mpu6050_firRefi.obj (.text)
                  0000605e    00000002     rtsv7M4_T_le_v4SPD16_eabi.lib : div0.asm.obj (.text)
                  00006060    00000158                                   : e_sqrt.c.obj (.text:sqrt)
                  000061b8    00000138     motor.obj (.text)
                  000062f0    00000136     rtsv7M4_T_le_v4SPD16_eabi.lib : fd_div_t2.asm.obj (.text)
                  00006426    00000132     driverlib.lib : gpio.obj (.text:GPIOPadConfigSet)
                  00006558    00000110                   : sysctl.obj (.text:SysCtlClockGet)
                  00006668    000000fc     rtsv7M4_T_le_v4SPD16_eabi.lib : fd_mul_t2.asm.obj (.text)
                  00006764    000000f4     driverlib.lib : sysctl.obj (.text:SysCtlClockSet)
                  00006858    0000009c     rtsv7M4_T_le_v4SPD16_eabi.lib : memcpy_t2.asm.obj (.text)
                  000068f4    00000096                                   : ull_div_t2.asm.obj (.text)
                  0000698a    00000086                                   : fd_cmp_t2.asm.obj (.text:__aeabi_cdrcmple)
                  00006a10    0000007a                                   : memset_t2.asm.obj (.text)
                  00006a8a    0000006e                                   : fd_tos_t2.asm.obj (.text)
                  00006af8    0000006e                                   : ll_div_t2.asm.obj (.text)
                  00006b66    00000002     --HOLE-- [fill = 0]
                  00006b68    00000068     driverlib.lib : interrupt.obj (.text:IntEnable)
                  00006bd0    00000068     rtsv7M4_T_le_v4SPD16_eabi.lib : copy_decompress_lzss.c.obj (.text:decompress:lzss:__TI_decompress_lzss)
                  00006c38    00000060     driverlib.lib : timer.obj (.text:TimerConfigure)
                  00006c98    00000048                   : gpio.obj (.text:GPIOPinConfigure)
                  00006ce0    00000048     rtsv7M4_T_le_v4SPD16_eabi.lib : fd_toi_t2.asm.obj (.text)
                  00006d28    00000046     driverlib.lib : uart.obj (.text:UARTConfigSetExpClk)
                  00006d6e    00000002     --HOLE-- [fill = 0]
                  00006d70    00000044     rtsv7M4_T_le_v4SPD16_eabi.lib : autoinit.c.obj (.text:__TI_auto_init_nobinit_nopinit:__TI_auto_init_nobinit_nopinit)
                  00006db4    00000040                                   : u_divt2.asm.obj (.text)
                  00006df4    00000038     driverlib.lib : sysctl.obj (.text:SysCtlPeripheralPresent)
                  00006e2c    00000038     rtsv7M4_T_le_v4SPD16_eabi.lib : boot_cortex_m.c.obj (.text:_c_int00_noargs:_c_int00_noargs)
                  00006e64    00000038     delay.obj (.text)
                  00006e9c    00000038     rtsv7M4_T_le_v4SPD16_eabi.lib : fs_tod_t2.asm.obj (.text)
                  00006ed4    00000034     driverlib.lib : sysctl.obj (.text:SysCtlPeripheralEnable)
                  00006f08    0000002e     rtsv7M4_T_le_v4SPD16_eabi.lib : i_tofd_t2.asm.obj (.text)
                  00006f36    0000002a     driverlib.lib : gpio.obj (.text:GPIODirModeSet)
                  00006f60    00000024     Beep.obj (.text)
                  00006f84    00000024     rtsv7M4_T_le_v4SPD16_eabi.lib : memcmp.c.obj (.text:memcmp)
                  00006fa8    00000020     driverlib.lib : uart.obj (.text:UARTDisable)
                  00006fc8    00000020     rtsv7M4_T_le_v4SPD16_eabi.lib : u_tofd_t2.asm.obj (.text)
                  00006fe8    00000018     driverlib.lib : gpio.obj (.text:GPIOPinTypeGPIOOutput)
                  00007000    00000018                   : timer.obj (.text:TimerDisable)
                  00007018    00000018     rtsv7M4_T_le_v4SPD16_eabi.lib : ll_mul_t2.asm.obj (.text)
                  00007030    00000014     driverlib.lib : uart.obj (.text:UARTEnable)
                  00007044    00000012                   : gpio.obj (.text:GPIOPinTypeGPIOInput)
                  00007056    00000012                   : gpio.obj (.text:GPIOPinTypeUART)
                  00007068    00000012                   : timer.obj (.text:TimerLoadSet)
                  0000707a    00000012     rtsv7M4_T_le_v4SPD16_eabi.lib : copy_zero_init.c.obj (.text:decompress:ZI:__TI_zero_init_nomemset:__TI_zero_init_nomemset)
                  0000708c    00000010     driverlib.lib : fpu.obj (.text:FPULazyStackingEnable)
                  0000709c    00000010                   : interrupt.obj (.text:IntMasterDisable)
                  000070ac    00000010                   : interrupt.obj (.text:IntMasterEnable)
                  000070bc    0000000e                   : timer.obj (.text:TimerEnable)
                  000070ca    0000000e                   : uart.obj (.text:UARTCharGetNonBlocking)
                  000070d8    0000000e                   : uart.obj (.text:UARTCharPutNonBlocking)
                  000070e6    0000000e                   : uart.obj (.text:UARTCharsAvail)
                  000070f4    0000000e     rtsv7M4_T_le_v4SPD16_eabi.lib : copy_decompress_none.c.obj (.text:decompress:none:__TI_decompress_none)
                  00007102    0000000c     driverlib.lib : cpu.obj (.text:CPUcpsid)
                  0000710e    0000000c                   : cpu.obj (.text:CPUcpsie)
                  0000711a    0000000c     tm4c123gh6pm_startup_ccs.obj (.text)
                  00007126    0000000a     driverlib.lib : uart.obj (.text:UARTCharGet)
                  00007130    0000000a                   : uart.obj (.text:UARTCharPut)
                  0000713a    0000000a                   : uart.obj (.text:UARTIntStatus)
                  00007144    00000008                   : timer.obj (.text:TimerIntEnable)
                  0000714c    00000008                   : uart.obj (.text:UARTIntEnable)
                  00007154    00000008     rtsv7M4_T_le_v4SPD16_eabi.lib : errno.c.obj (.text:__aeabi_errno_addr)
                  0000715c    00000006     driverlib.lib : gpio.obj (.text:GPIOPinRead)
                  00007162    00000006                   : gpio.obj (.text:GPIOPinWrite)
                  00007168    00000006                   : sysctl.obj (.text:SysCtlDelay)
                  0000716e    00000004                   : timer.obj (.text:TimerIntClear)
                  00007172    00000004                   : uart.obj (.text:UARTIntClear)
                  00007176    00000004     rtsv7M4_T_le_v4SPD16_eabi.lib : pre_init.c.obj (.text:_system_pre_init)
                  0000717a    00000004                                   : exit.c.obj (.text:abort:abort)

.const     0    00007180    00000ebc     
                  00007180    00000bf6     inv_mpu_dmp_motion_driver.obj (.const:.string:dmp_memory)
                  00007d76    00000002     --HOLE-- [fill = 0]
                  00007d78    00000098     rtsv7M4_T_le_v4SPD16_eabi.lib : s_atan.c.obj (.const:$O1$$)
                  00007e10    00000090     driverlib.lib : gpio.obj (.const:g_pui32GPIOBaseAddrs)
                  00007ea0    00000070                   : interrupt.obj (.const)
                  00007f10    0000006c                   : sysctl.obj (.const:g_pui32Xtals)
                  00007f7c    00000028     inv_mpu.obj (.const:test)
                  00007fa4    0000001b     inv_mpu.obj (.const:reg)
                  00007fbf    00000001     --HOLE-- [fill = 0]
                  00007fc0    00000012     uartstdio.obj (.const:.string)
                  00007fd2    0000000c     inv_mpu_dmp_motion_driver.obj (.const:.string:$P$T4$5)
                  00007fde    00000002     --HOLE-- [fill = 0]
                  00007fe0    0000000c     uartstdio.obj (.const:g_ui32UARTBase)
                  00007fec    0000000c     uartstdio.obj (.const:g_ui32UARTPeriph)
                  00007ff8    0000000c     inv_mpu.obj (.const:hw)
                  00008004    0000000b     inv_mpu_dmp_motion_driver.obj (.const:.string:$P$T7$8)
                  0000800f    0000000b     inv_mpu_dmp_motion_driver.obj (.const:.string:$P$T8$9)
                  0000801a    00000009     inv_mpu_dmp_motion_driver.obj (.const:.string:$P$T5$6)
                  00008023    00000009     inv_mpu_dmp_motion_driver.obj (.const:.string:$P$T6$7)
                  0000802c    00000004     uartstdio.obj (.const)
                  00008030    00000003     inv_mpu_dmp_motion_driver.obj (.const:.string:$P$T0$1)
                  00008033    00000003     inv_mpu_dmp_motion_driver.obj (.const:.string:$P$T1$2)
                  00008036    00000003     inv_mpu_dmp_motion_driver.obj (.const:.string:$P$T2$3)
                  00008039    00000003     inv_mpu_dmp_motion_driver.obj (.const:.string:$P$T3$4)

.cinit     0    00008040    00000060     
                  00008040    0000003a     (.cinit..data.load) [load image, compression = lzss]
                  0000807a    00000002     --HOLE-- [fill = 0]
                  0000807c    0000000c     (__TI_handler_table)
                  00008088    00000008     (.cinit..bss.load) [load image, compression = zero_init]
                  00008090    00000010     (__TI_cinit_table)

.init_array 
*          0    00000000    00000000     UNINITIALIZED

.data      0    20000200    00000080     UNINITIALIZED
                  20000200    0000002c     inv_mpu.obj (.data:st)
                  2000022c    00000014     Timer.obj (.data)
                  20000240    00000014     main.obj (.data)
                  20000254    00000010     inv_mpu_dmp_motion_driver.obj (.data:dmp)
                  20000264    00000009     inv_mpu.obj (.data:gyro_orientation)
                  2000026d    00000003     --HOLE--
                  20000270    00000005     uartstdio.obj (.data)
                  20000275    00000003     --HOLE--
                  20000278    00000004     rtsv7M4_T_le_v4SPD16_eabi.lib : errno.c.obj (.data)
                  2000027c    00000004     uart_echo.obj (.data)

.bss       0    20000280    00000048     UNINITIALIZED
                  20000280    00000010     (.common:ReciveData_UART0)
                  20000290    00000010     (.common:ReciveData_UART1)
                  200002a0    0000000c     (.common:CharTable)
                  200002ac    00000004     (.common:CharNum)
                  200002b0    00000004     (.common:pitch)
                  200002b4    00000004     (.common:roll)
                  200002b8    00000004     (.common:yaw)
                  200002bc    00000002     (.common:aacx)
                  200002be    00000002     (.common:aacy)
                  200002c0    00000002     (.common:aacz)
                  200002c2    00000002     (.common:gyrox)
                  200002c4    00000002     (.common:gyroy)
                  200002c6    00000002     (.common:gyroz)

.stack     0    20000000    00000200     UNINITIALIZED
                  20000000    00000004     rtsv7M4_T_le_v4SPD16_eabi.lib : boot_cortex_m.c.obj (.stack)
                  20000004    000001fc     --HOLE--

MODULE SUMMARY

       Module                          code    ro data   rw data
       ------                          ----    -------   -------
    .\
       main.obj                        1184    0         60     
       tm4c123gh6pm_startup_ccs.obj    12      620       0      
    +--+-------------------------------+-------+---------+---------+
       Total:                          1196    620       60     
                                                                
    .\Beep\
       Beep.obj                        36      0         0      
    +--+-------------------------------+-------+---------+---------+
       Total:                          36      0         0      
                                                                
    .\Hardware\DMP\
       inv_mpu.obj                     11020   79        53     
       inv_mpu_dmp_motion_driver.obj   4228    3126      16     
    +--+-------------------------------+-------+---------+---------+
       Total:                          15248   3205      69     
                                                                
    .\Hardware\I2C\
       I2C.obj                         832     0         0      
    +--+-------------------------------+-------+---------+---------+
       Total:                          832     0         0      
                                                                
    .\Hardware\MPU6050\
       mpu6050.obj                     700     0         0      
       mpu6050_firRefi.obj             404     0         0      
    +--+-------------------------------+-------+---------+---------+
       Total:                          1104    0         0      
                                                                
    .\Motor\
       motor.obj                       312     0         0      
    +--+-------------------------------+-------+---------+---------+
       Total:                          312     0         0      
                                                                
    .\Timer\
       Timer.obj                       508     0         20     
    +--+-------------------------------+-------+---------+---------+
       Total:                          508     0         20     
                                                                
    .\delay\
       delay.obj                       56      0         0      
    +--+-------------------------------+-------+---------+---------+
       Total:                          56      0         0      
                                                                
    .\uart\
       uart_echo.obj                   1332    0         36     
       uartstdio.obj                   1180    46        5      
    +--+-------------------------------+-------+---------+---------+
       Total:                          2512    46        41     
                                                                
    D:/ti/TivaWare_C_Series-2.1.4.178/driverlib/ccs/Debug/driverlib.lib
       sysctl.obj                      630     108       0      
       gpio.obj                        492     144       0      
       interrupt.obj                   136     112       0      
       uart.obj                        206     0         0      
       timer.obj                       164     0         0      
       cpu.obj                         24      0         0      
       fpu.obj                         16      0         0      
    +--+-------------------------------+-------+---------+---------+
       Total:                          1668    364       0      
                                                                
    D:\Project_Program\Ccs\ccsv8\tools\compiler\ti-cgt-arm_18.1.2.LTS\lib\rtsv7M4_T_le_v4SPD16_eabi.lib
       e_asin.c.obj                    984     0         0      
       s_atan.c.obj                    748     152       0      
       e_atan2.c.obj                   492     0         0      
       fd_add_t2.asm.obj               438     0         0      
       e_sqrt.c.obj                    344     0         0      
       fd_div_t2.asm.obj               310     0         0      
       fd_mul_t2.asm.obj               252     0         0      
       memcpy_t2.asm.obj               156     0         0      
       ull_div_t2.asm.obj              150     0         0      
       fd_cmp_t2.asm.obj               134     0         0      
       memset_t2.asm.obj               122     0         0      
       fd_tos_t2.asm.obj               110     0         0      
       ll_div_t2.asm.obj               110     0         0      
       copy_decompress_lzss.c.obj      104     0         0      
       fd_toi_t2.asm.obj               72      0         0      
       autoinit.c.obj                  68      0         0      
       u_divt2.asm.obj                 64      0         0      
       boot_cortex_m.c.obj             56      0         0      
       fs_tod_t2.asm.obj               56      0         0      
       i_tofd_t2.asm.obj               46      0         0      
       memcmp.c.obj                    36      0         0      
       u_tofd_t2.asm.obj               32      0         0      
       ll_mul_t2.asm.obj               24      0         0      
       copy_zero_init.c.obj            18      0         0      
       copy_decompress_none.c.obj      14      0         0      
       errno.c.obj                     8       0         4      
       exit.c.obj                      4       0         0      
       pre_init.c.obj                  4       0         0      
       div0.asm.obj                    2       0         0      
    +--+-------------------------------+-------+---------+---------+
       Total:                          4958    152       4      
                                                                
       Stack:                          0       0         512    
       Linker Generated:               0       94        0      
    +--+-------------------------------+-------+---------+---------+
       Grand Total:                    28430   4481      706    


LINKER GENERATED COPY TABLES

__TI_cinit_table @ 00008090 records: 2, size/record: 8, table size: 16
	.data: load addr=00008040, load size=0000003a bytes, run addr=20000200, run size=00000080 bytes, compression=lzss
	.bss: load addr=00008088, load size=00000008 bytes, run addr=20000280, run size=00000048 bytes, compression=zero_init


LINKER GENERATED HANDLER TABLE

__TI_handler_table @ 0000807c records: 3, size/record: 4, table size: 12
	index: 0, handler: __TI_decompress_lzss
	index: 1, handler: __TI_decompress_none
	index: 2, handler: __TI_zero_init


GLOBAL SYMBOLS: SORTED ALPHABETICALLY BY Name 

address   name                            
-------   ----                            
00006f61  Beep_Configure                  
20000238  Beep_Counter                    
20000234  Beep_Flag                       
2000023c  Beep_Fre                        
0000717b  C$$EXIT                         
00007103  CPUcpsid                        
0000710f  CPUcpsie                        
200002ac  CharNum                         
200002a0  CharTable                       
20000240  CountBan                        
20000230  Counter                         
0000708d  FPULazyStackingEnable           
20000248  FlagSend                        
20000249  Flag_Stop                       
00006f37  GPIODirModeSet                  
00006427  GPIOPadConfigSet                
00006c99  GPIOPinConfigure                
0000715d  GPIOPinRead                     
00007045  GPIOPinTypeGPIOInput            
00006fe9  GPIOPinTypeGPIOOutput           
00007057  GPIOPinTypeUART                 
00007163  GPIOPinWrite                    
00005197  IIC_Ack                         
00005045  IIC_Init                        
000051eb  IIC_NAck                        
000052dd  IIC_Read_Byte                   
0000523f  IIC_Send_Byte                   
0000507b  IIC_Start                       
000050d1  IIC_Stop                        
00005127  IIC_Wait_Ack                    
00006b69  IntEnable                       
0000709d  IntMasterDisable                
000070ad  IntMasterEnable                 
000058c7  MPU_Get_Accelerometer           
0000586d  MPU_Get_Gyroscope               
000057f3  MPU_Get_Temperature             
00005763  MPU_Init                        
00005f0d  MPU_Read_Byte                   
00005f4f  MPU_Read_Len                    
00005687  MPU_Set_Accel_Fsr               
00005671  MPU_Set_Gyro_Fsr                
0000569d  MPU_Set_LPF                     
0000570b  MPU_Set_Rate                    
00005ecb  MPU_Write_Byte                  
00005fe5  MPU_Write_Len                   
0000592d  MotorContolTimer                
000061b9  MotorInit                       
2000027e  MotorOrderDirection             
2000027f  MotorOrderDisplacement          
00006215  MotorSet                        
20000280  ReciveData_UART0                
20000290  ReciveData_UART1                
2000027c  ReciveData_i_UART0              
2000027d  ReciveData_i_UART1              
0000711b  ResetISR                        
20000244  SendCount                       
00006559  SysCtlClockGet                  
00006765  SysCtlClockSet                  
00007169  SysCtlDelay                     
00006ed5  SysCtlPeripheralEnable          
00006df5  SysCtlPeripheralPresent         
2000022c  Time_Flag                       
000059a1  Timer0IntHandler                
00005a7b  Timer1IntHandler                
00006c39  TimerConfigure                  
00007001  TimerDisable                    
000070bd  TimerEnable                     
0000716f  TimerIntClear                   
00007145  TimerIntEnable                  
00007069  TimerLoadSet                    
00003e69  UART0Send                       
00003f0d  UART1IntHandler                 
00004245  UART1Send                       
00007127  UARTCharGet                     
000070cb  UARTCharGetNonBlocking          
00007131  UARTCharPut                     
000070d9  UARTCharPutNonBlocking          
000070e7  UARTCharsAvail                  
00006d29  UARTConfigSetExpClk             
00006fa9  UARTDisable                     
00007031  UARTEnable                      
00007173  UARTIntClear                    
0000714d  UARTIntEnable                   
00003dfd  UARTIntHandler                  
0000713b  UARTIntStatus                   
000047d1  UARTStdioConfig                 
00004917  UARTgetc                        
0000485d  UARTgets                        
00004c37  UARTprintf                      
0000493d  UARTvprintf                     
00004817  UARTwrite                       
00003e91  Uart0Iint                       
0000426d  Uart1Iint                       
20000200  __STACK_END                     
00000200  __STACK_SIZE                    
20000200  __STACK_TOP                     
00008090  __TI_CINIT_Base                 
000080a0  __TI_CINIT_Limit                
0000807c  __TI_Handler_Table_Base         
00008088  __TI_Handler_Table_Limit        
00006d71  __TI_auto_init_nobinit_nopinit  
00006bd1  __TI_decompress_lzss            
000070f5  __TI_decompress_none            
ffffffff  __TI_pprof_out_hndl             
ffffffff  __TI_prof_data_size             
ffffffff  __TI_prof_data_start            
00000000  __TI_static_base__              
0000707b  __TI_zero_init_nomemset         
0000698b  __aeabi_cdrcmple                
00006a8b  __aeabi_d2f                     
00006ce1  __aeabi_d2iz                    
00005d1f  __aeabi_dadd                    
000062f1  __aeabi_ddiv                    
00006669  __aeabi_dmul                    
00005d15  __aeabi_dsub                    
00007155  __aeabi_errno_addr              
00006e9d  __aeabi_f2d                     
00006f09  __aeabi_i2d                     
0000605f  __aeabi_idiv0                   
0000605f  __aeabi_ldiv0                   
00006af9  __aeabi_ldivmod                 
00007019  __aeabi_lmul                    
00006a11  __aeabi_memclr                  
00006a11  __aeabi_memclr4                 
00006a11  __aeabi_memclr8                 
00006859  __aeabi_memcpy                  
00006859  __aeabi_memcpy4                 
00006859  __aeabi_memcpy8                 
00006a13  __aeabi_memset                  
00006a13  __aeabi_memset4                 
00006a13  __aeabi_memset8                 
00006fc9  __aeabi_ui2d                    
00006db5  __aeabi_uidiv                   
00006db5  __aeabi_uidivmod                
000068f5  __aeabi_uldivmod                
ffffffff  __binit__                       
ffffffff  __c_args__                      
UNDEFED   __mpu_init                      
20000000  __stack                         
00006e2d  _c_int00_noargs                 
UNDEFED   _system_post_cinit              
00007177  _system_pre_init                
200002bc  aacx                            
200002be  aacy                            
200002c0  aacz                            
0000717b  abort                           
00004c6d  asin                            
00004c6d  asinl                           
00005385  atan                            
00005b29  atan2                           
00005b29  atan2l                          
00005385  atanl                           
ffffffff  binit                           
00006e65  delay_ms                        
00006e7f  delay_us                        
00003a6b  dmp_enable_6x_lp_quat           
0000376b  dmp_enable_feature              
000039d9  dmp_enable_gyro_cal             
00003a29  dmp_enable_lp_quat              
000039c5  dmp_get_enabled_features        
00003235  dmp_get_fifo_rate               
00003655  dmp_get_pedometer_step_count    
000036db  dmp_get_pedometer_walk_time     
00002d79  dmp_load_motion_driver_firmware 
00003b85  dmp_read_fifo                   
00003dd7  dmp_register_android_orient_cb  
00003dc5  dmp_register_tap_cb             
0000306d  dmp_set_accel_bias              
000031b5  dmp_set_fifo_rate               
00002f15  dmp_set_gyro_bias               
00003b23  dmp_set_interrupt_mode          
00002d8d  dmp_set_orientation             
000036a1  dmp_set_pedometer_step_count    
00003727  dmp_set_pedometer_walk_time     
00003565  dmp_set_shake_reject_thresh     
000035c1  dmp_set_shake_reject_time       
00003605  dmp_set_shake_reject_timeout    
00003455  dmp_set_tap_axes                
000034ad  dmp_set_tap_count               
0000324d  dmp_set_tap_thresh              
000034f1  dmp_set_tap_time                
00003529  dmp_set_tap_time_multi          
20000278  errno                           
00000000  g_pfnVectors                    
200002c2  gyrox                           
200002c4  gyroy                           
200002c6  gyroz                           
00007ff8  hw                              
00002969  inv_orientation_matrix_to_scalar
000029d1  inv_row_2_scale                 
00004331  main                            
00006f85  memcmp                          
00006859  memcpy                          
00006a19  memset                          
00002a51  mget_ms                         
000011a9  mpu_configure_fifo              
00002b45  mpu_dmp_get_data                
00002a61  mpu_dmp_init                    
00000dc1  mpu_get_accel_fsr               
00000825  mpu_get_accel_reg               
00001131  mpu_get_accel_sens              
0000262f  mpu_get_compass_fsr             
0000261f  mpu_get_compass_reg             
000010af  mpu_get_compass_sample_rate     
00002605  mpu_get_dmp_state               
00001191  mpu_get_fifo_config             
00000cd7  mpu_get_gyro_fsr                
000006d9  mpu_get_gyro_reg                
000010e1  mpu_get_gyro_sens               
0000137f  mpu_get_int_status              
00000eb1  mpu_get_lpf                     
0000123b  mpu_get_power_state             
00000fd9  mpu_get_sample_rate             
00000899  mpu_get_temperature             
000003d9  mpu_init                        
00002455  mpu_load_firmware               
000005e3  mpu_lp_accel_mode               
0000264d  mpu_lp_motion_interrupt         
000013e1  mpu_read_fifo                   
00001685  mpu_read_fifo_stream            
000023bd  mpu_read_mem                    
0000037d  mpu_read_reg                    
0000030f  mpu_reg_dump                    
00000ae1  mpu_reset_fifo                  
000021cd  mpu_run_self_test               
0000094d  mpu_set_accel_bias              
00000e21  mpu_set_accel_fsr               
0000176d  mpu_set_bypass                  
000010c9  mpu_set_compass_sample_rate     
00002571  mpu_set_dmp_state               
00000d29  mpu_set_gyro_fsr                
00001909  mpu_set_int_latched             
000018f3  mpu_set_int_level               
00000f31  mpu_set_lpf                     
00000ff9  mpu_set_sample_rate             
0000126d  mpu_set_sensors                 
00002329  mpu_write_mem                   
2000024c  parameter_Ang                   
20000250  parameter_Dis                   
200002b0  pitch                           
00007fa4  reg                             
200002b4  roll                            
000028bd  run_self_test                   
00002619  setup_compass                   
00006061  sqrt                            
00006061  sqrtl                           
00007f7c  test                            
200002b8  yaw                             


GLOBAL SYMBOLS: SORTED BY Symbol Address 

address   name                            
-------   ----                            
00000000  __TI_static_base__              
00000000  g_pfnVectors                    
00000200  __STACK_SIZE                    
0000030f  mpu_reg_dump                    
0000037d  mpu_read_reg                    
000003d9  mpu_init                        
000005e3  mpu_lp_accel_mode               
000006d9  mpu_get_gyro_reg                
00000825  mpu_get_accel_reg               
00000899  mpu_get_temperature             
0000094d  mpu_set_accel_bias              
00000ae1  mpu_reset_fifo                  
00000cd7  mpu_get_gyro_fsr                
00000d29  mpu_set_gyro_fsr                
00000dc1  mpu_get_accel_fsr               
00000e21  mpu_set_accel_fsr               
00000eb1  mpu_get_lpf                     
00000f31  mpu_set_lpf                     
00000fd9  mpu_get_sample_rate             
00000ff9  mpu_set_sample_rate             
000010af  mpu_get_compass_sample_rate     
000010c9  mpu_set_compass_sample_rate     
000010e1  mpu_get_gyro_sens               
00001131  mpu_get_accel_sens              
00001191  mpu_get_fifo_config             
000011a9  mpu_configure_fifo              
0000123b  mpu_get_power_state             
0000126d  mpu_set_sensors                 
0000137f  mpu_get_int_status              
000013e1  mpu_read_fifo                   
00001685  mpu_read_fifo_stream            
0000176d  mpu_set_bypass                  
000018f3  mpu_set_int_level               
00001909  mpu_set_int_latched             
000021cd  mpu_run_self_test               
00002329  mpu_write_mem                   
000023bd  mpu_read_mem                    
00002455  mpu_load_firmware               
00002571  mpu_set_dmp_state               
00002605  mpu_get_dmp_state               
00002619  setup_compass                   
0000261f  mpu_get_compass_reg             
0000262f  mpu_get_compass_fsr             
0000264d  mpu_lp_motion_interrupt         
000028bd  run_self_test                   
00002969  inv_orientation_matrix_to_scalar
000029d1  inv_row_2_scale                 
00002a51  mget_ms                         
00002a61  mpu_dmp_init                    
00002b45  mpu_dmp_get_data                
00002d79  dmp_load_motion_driver_firmware 
00002d8d  dmp_set_orientation             
00002f15  dmp_set_gyro_bias               
0000306d  dmp_set_accel_bias              
000031b5  dmp_set_fifo_rate               
00003235  dmp_get_fifo_rate               
0000324d  dmp_set_tap_thresh              
00003455  dmp_set_tap_axes                
000034ad  dmp_set_tap_count               
000034f1  dmp_set_tap_time                
00003529  dmp_set_tap_time_multi          
00003565  dmp_set_shake_reject_thresh     
000035c1  dmp_set_shake_reject_time       
00003605  dmp_set_shake_reject_timeout    
00003655  dmp_get_pedometer_step_count    
000036a1  dmp_set_pedometer_step_count    
000036db  dmp_get_pedometer_walk_time     
00003727  dmp_set_pedometer_walk_time     
0000376b  dmp_enable_feature              
000039c5  dmp_get_enabled_features        
000039d9  dmp_enable_gyro_cal             
00003a29  dmp_enable_lp_quat              
00003a6b  dmp_enable_6x_lp_quat           
00003b23  dmp_set_interrupt_mode          
00003b85  dmp_read_fifo                   
00003dc5  dmp_register_tap_cb             
00003dd7  dmp_register_android_orient_cb  
00003dfd  UARTIntHandler                  
00003e69  UART0Send                       
00003e91  Uart0Iint                       
00003f0d  UART1IntHandler                 
00004245  UART1Send                       
0000426d  Uart1Iint                       
00004331  main                            
000047d1  UARTStdioConfig                 
00004817  UARTwrite                       
0000485d  UARTgets                        
00004917  UARTgetc                        
0000493d  UARTvprintf                     
00004c37  UARTprintf                      
00004c6d  asin                            
00004c6d  asinl                           
00005045  IIC_Init                        
0000507b  IIC_Start                       
000050d1  IIC_Stop                        
00005127  IIC_Wait_Ack                    
00005197  IIC_Ack                         
000051eb  IIC_NAck                        
0000523f  IIC_Send_Byte                   
000052dd  IIC_Read_Byte                   
00005385  atan                            
00005385  atanl                           
00005671  MPU_Set_Gyro_Fsr                
00005687  MPU_Set_Accel_Fsr               
0000569d  MPU_Set_LPF                     
0000570b  MPU_Set_Rate                    
00005763  MPU_Init                        
000057f3  MPU_Get_Temperature             
0000586d  MPU_Get_Gyroscope               
000058c7  MPU_Get_Accelerometer           
0000592d  MotorContolTimer                
000059a1  Timer0IntHandler                
00005a7b  Timer1IntHandler                
00005b29  atan2                           
00005b29  atan2l                          
00005d15  __aeabi_dsub                    
00005d1f  __aeabi_dadd                    
00005ecb  MPU_Write_Byte                  
00005f0d  MPU_Read_Byte                   
00005f4f  MPU_Read_Len                    
00005fe5  MPU_Write_Len                   
0000605f  __aeabi_idiv0                   
0000605f  __aeabi_ldiv0                   
00006061  sqrt                            
00006061  sqrtl                           
000061b9  MotorInit                       
00006215  MotorSet                        
000062f1  __aeabi_ddiv                    
00006427  GPIOPadConfigSet                
00006559  SysCtlClockGet                  
00006669  __aeabi_dmul                    
00006765  SysCtlClockSet                  
00006859  __aeabi_memcpy                  
00006859  __aeabi_memcpy4                 
00006859  __aeabi_memcpy8                 
00006859  memcpy                          
000068f5  __aeabi_uldivmod                
0000698b  __aeabi_cdrcmple                
00006a11  __aeabi_memclr                  
00006a11  __aeabi_memclr4                 
00006a11  __aeabi_memclr8                 
00006a13  __aeabi_memset                  
00006a13  __aeabi_memset4                 
00006a13  __aeabi_memset8                 
00006a19  memset                          
00006a8b  __aeabi_d2f                     
00006af9  __aeabi_ldivmod                 
00006b69  IntEnable                       
00006bd1  __TI_decompress_lzss            
00006c39  TimerConfigure                  
00006c99  GPIOPinConfigure                
00006ce1  __aeabi_d2iz                    
00006d29  UARTConfigSetExpClk             
00006d71  __TI_auto_init_nobinit_nopinit  
00006db5  __aeabi_uidiv                   
00006db5  __aeabi_uidivmod                
00006df5  SysCtlPeripheralPresent         
00006e2d  _c_int00_noargs                 
00006e65  delay_ms                        
00006e7f  delay_us                        
00006e9d  __aeabi_f2d                     
00006ed5  SysCtlPeripheralEnable          
00006f09  __aeabi_i2d                     
00006f37  GPIODirModeSet                  
00006f61  Beep_Configure                  
00006f85  memcmp                          
00006fa9  UARTDisable                     
00006fc9  __aeabi_ui2d                    
00006fe9  GPIOPinTypeGPIOOutput           
00007001  TimerDisable                    
00007019  __aeabi_lmul                    
00007031  UARTEnable                      
00007045  GPIOPinTypeGPIOInput            
00007057  GPIOPinTypeUART                 
00007069  TimerLoadSet                    
0000707b  __TI_zero_init_nomemset         
0000708d  FPULazyStackingEnable           
0000709d  IntMasterDisable                
000070ad  IntMasterEnable                 
000070bd  TimerEnable                     
000070cb  UARTCharGetNonBlocking          
000070d9  UARTCharPutNonBlocking          
000070e7  UARTCharsAvail                  
000070f5  __TI_decompress_none            
00007103  CPUcpsid                        
0000710f  CPUcpsie                        
0000711b  ResetISR                        
00007127  UARTCharGet                     
00007131  UARTCharPut                     
0000713b  UARTIntStatus                   
00007145  TimerIntEnable                  
0000714d  UARTIntEnable                   
00007155  __aeabi_errno_addr              
0000715d  GPIOPinRead                     
00007163  GPIOPinWrite                    
00007169  SysCtlDelay                     
0000716f  TimerIntClear                   
00007173  UARTIntClear                    
00007177  _system_pre_init                
0000717b  C$$EXIT                         
0000717b  abort                           
00007f7c  test                            
00007fa4  reg                             
00007ff8  hw                              
0000807c  __TI_Handler_Table_Base         
00008088  __TI_Handler_Table_Limit        
00008090  __TI_CINIT_Base                 
000080a0  __TI_CINIT_Limit                
20000000  __stack                         
20000200  __STACK_END                     
20000200  __STACK_TOP                     
2000022c  Time_Flag                       
20000230  Counter                         
20000234  Beep_Flag                       
20000238  Beep_Counter                    
2000023c  Beep_Fre                        
20000240  CountBan                        
20000244  SendCount                       
20000248  FlagSend                        
20000249  Flag_Stop                       
2000024c  parameter_Ang                   
20000250  parameter_Dis                   
20000278  errno                           
2000027c  ReciveData_i_UART0              
2000027d  ReciveData_i_UART1              
2000027e  MotorOrderDirection             
2000027f  MotorOrderDisplacement          
20000280  ReciveData_UART0                
20000290  ReciveData_UART1                
200002a0  CharTable                       
200002ac  CharNum                         
200002b0  pitch                           
200002b4  roll                            
200002b8  yaw                             
200002bc  aacx                            
200002be  aacy                            
200002c0  aacz                            
200002c2  gyrox                           
200002c4  gyroy                           
200002c6  gyroz                           
ffffffff  __TI_pprof_out_hndl             
ffffffff  __TI_prof_data_size             
ffffffff  __TI_prof_data_start            
ffffffff  __binit__                       
ffffffff  __c_args__                      
ffffffff  binit                           
UNDEFED   __mpu_init                      
UNDEFED   _system_post_cinit              

[248 symbols]
