******************************************************************************
                  TI ARM Linker PC v16.9.6                     
******************************************************************************
>> Linked Wed Apr 04 17:30:58 2018

OUTPUT FILE NAME:   <PointRace_3_Car.out>
ENTRY POINT SYMBOL: "_c_int00"  address: 00001b69


MEMORY CONFIGURATION

         name            origin    length      used     unused   attr    fill
----------------------  --------  ---------  --------  --------  ----  --------
  FLASH                 00000000   00040000  000022d4  0003dd2c  R  X
  SRAM                  20000000   00008000  00000268  00007d98  RW X


SEGMENT ALLOCATION MAP

run origin  load origin   length   init length attrs members
----------  ----------- ---------- ----------- ----- -------
00000000    00000000    000022d8   000022d8    r-x
  00000000    00000000    0000026c   0000026c    r-- .intvecs
  0000026c    0000026c    00001e84   00001e84    r-x .text
  000020f0    000020f0    0000019c   0000019c    r-- .const
  00002290    00002290    00000048   00000048    r-- .cinit
20000000    20000000    00000268   00000000    rw-
  20000000    20000000    00000200   00000000    rw- .stack
  20000200    20000200    00000038   00000000    rw- .data
  20000238    20000238    00000030   00000000    rw- .bss


SECTION ALLOCATION MAP

 output                                  attributes/
section   page    origin      length       input sections
--------  ----  ----------  ----------   ----------------
.intvecs   0    00000000    0000026c     
                  00000000    0000026c     tm4c123gh6pm_startup_ccs.obj (.intvecs)

.text      0    0000026c    00001e84     
                  0000026c    0000049c     uartstdio.obj (.text)
                  00000708    0000040c     main.obj (.text)
                  00000b14    000003c0     uart_echo.obj (.text)
                  00000ed4    0000019c     Timer.obj (.text)
                  00001070    00000138     motor.obj (.text)
                  000011a8    00000136     rtsv7M4_T_le_v4SPD16_eabi.lib : fd_div_t2.obj (.text)
                  000012de    00000132     driverlib.lib : gpio.obj (.text:GPIOPadConfigSet)
                  00001410    00000110                   : sysctl.obj (.text:SysCtlClockGet)
                  00001520    00000108     colorful_LED.obj (.text)
                  00001628    000000fc     rtsv7M4_T_le_v4SPD16_eabi.lib : fd_mul_t2.obj (.text)
                  00001724    000000f4     driverlib.lib : sysctl.obj (.text:SysCtlClockSet)
                  00001818    0000009c     rtsv7M4_T_le_v4SPD16_eabi.lib : memcpy_t2.obj (.text)
                  000018b4    00000098     pwm.obj (.text)
                  0000194c    0000007a     rtsv7M4_T_le_v4SPD16_eabi.lib : memset_t2.obj (.text)
                  000019c6    00000002                                   : i_div0.obj (.text)
                  000019c8    00000070                                   : autoinit.obj (.text)
                  00001a38    00000068     driverlib.lib : interrupt.obj (.text:IntEnable)
                  00001aa0    00000068     rtsv7M4_T_le_v4SPD16_eabi.lib : copy_decompress_lzss.obj (.text:decompress:lzss)
                  00001b08    00000060     driverlib.lib : timer.obj (.text:TimerConfigure)
                  00001b68    00000054     rtsv7M4_T_le_v4SPD16_eabi.lib : boot.obj (.text)
                  00001bbc    00000054                                   : exit.obj (.text)
                  00001c10    0000004c                                   : cpy_tbl.obj (.text)
                  00001c5c    00000048     driverlib.lib : gpio.obj (.text:GPIOPinConfigure)
                  00001ca4    00000048     rtsv7M4_T_le_v4SPD16_eabi.lib : fd_toi_t2.obj (.text)
                  00001cec    00000046     driverlib.lib : uart.obj (.text:UARTConfigSetExpClk)
                  00001d32    00000044     rtsv7M4_T_le_v4SPD16_eabi.lib : fd_tou_t2.obj (.text)
                  00001d76    00000040                                   : u_divt2.obj (.text)
                  00001db6    00000002                                   : mpu_init.obj (.text)
                  00001db8    00000038     driverlib.lib : sysctl.obj (.text:SysCtlPeripheralPresent)
                  00001df0    00000034                   : sysctl.obj (.text:SysCtlPeripheralEnable)
                  00001e24    0000002e     rtsv7M4_T_le_v4SPD16_eabi.lib : i_tofd_t2.obj (.text)
                  00001e52    0000002a     driverlib.lib : gpio.obj (.text:GPIODirModeSet)
                  00001e7c    00000022                   : pwm.obj (.text:PWMGenConfigure)
                  00001e9e    00000002     rtsv7M4_T_le_v4SPD16_eabi.lib : startup.obj (.text)
                  00001ea0    00000020     driverlib.lib : uart.obj (.text:UARTDisable)
                  00001ec0    00000020     rtsv7M4_T_le_v4SPD16_eabi.lib : u_tofd_t2.obj (.text)
                  00001ee0    0000001e     driverlib.lib : pwm.obj (.text:PWMPulseWidthSet)
                  00001efe    00000018                   : gpio.obj (.text:GPIOPinTypeGPIOOutput)
                  00001f16    00000002     --HOLE-- [fill = 0]
                  00001f18    00000018                   : timer.obj (.text:TimerDisable)
                  00001f30    00000018     rtsv7M4_T_le_v4SPD16_eabi.lib : args_main.obj (.text)
                  00001f48    00000014     driverlib.lib : sysctl.obj (.text:SysCtlPWMClockSet)
                  00001f5c    00000014                   : uart.obj (.text:UARTEnable)
                  00001f70    00000014     rtsv7M4_T_le_v4SPD16_eabi.lib : _lock.obj (.text)
                  00001f84    00000012     driverlib.lib : gpio.obj (.text:GPIOPinTypePWM)
                  00001f96    00000012                   : gpio.obj (.text:GPIOPinTypeUART)
                  00001fa8    00000012                   : pwm.obj (.text:PWMOutputState)
                  00001fba    00000012                   : timer.obj (.text:TimerLoadSet)
                  00001fcc    00000010                   : fpu.obj (.text:FPULazyStackingEnable)
                  00001fdc    00000010                   : interrupt.obj (.text:IntMasterDisable)
                  00001fec    00000010                   : interrupt.obj (.text:IntMasterEnable)
                  00001ffc    00000010                   : pwm.obj (.text:PWMDeadBandEnable)
                  0000200c    00000010                   : pwm.obj (.text:PWMGenPeriodSet)
                  0000201c    0000000e                   : timer.obj (.text:TimerEnable)
                  0000202a    0000000e                   : uart.obj (.text:UARTCharGetNonBlocking)
                  00002038    0000000e                   : uart.obj (.text:UARTCharPutNonBlocking)
                  00002046    0000000e                   : uart.obj (.text:UARTCharsAvail)
                  00002054    0000000e     rtsv7M4_T_le_v4SPD16_eabi.lib : copy_decompress_none.obj (.text:decompress:none)
                  00002062    0000000c     driverlib.lib : cpu.obj (.text:CPUcpsid)
                  0000206e    0000000c                   : cpu.obj (.text:CPUcpsie)
                  0000207a    0000000c                   : pwm.obj (.text:PWMGenDisable)
                  00002086    0000000c                   : pwm.obj (.text:PWMGenEnable)
                  00002092    0000000c     rtsv7M4_T_le_v4SPD16_eabi.lib : copy_zero_init.obj (.text:decompress:ZI)
                  0000209e    0000000c     tm4c123gh6pm_startup_ccs.obj (.text)
                  000020aa    0000000a     driverlib.lib : uart.obj (.text:UARTCharGet)
                  000020b4    0000000a                   : uart.obj (.text:UARTCharPut)
                  000020be    0000000a                   : uart.obj (.text:UARTIntStatus)
                  000020c8    00000008                   : timer.obj (.text:TimerIntEnable)
                  000020d0    00000008                   : uart.obj (.text:UARTIntEnable)
                  000020d8    00000006                   : gpio.obj (.text:GPIOPinWrite)
                  000020de    00000006                   : sysctl.obj (.text:SysCtlDelay)
                  000020e4    00000004                   : timer.obj (.text:TimerIntClear)
                  000020e8    00000004                   : uart.obj (.text:UARTIntClear)
                  000020ec    00000004     rtsv7M4_T_le_v4SPD16_eabi.lib : pre_init.obj (.text)

.const     0    000020f0    0000019c     
                  000020f0    00000090     driverlib.lib : gpio.obj (.const:g_pui32GPIOBaseAddrs)
                  00002180    00000070                   : interrupt.obj (.const)
                  000021f0    0000006c                   : sysctl.obj (.const:g_pui32Xtals)
                  0000225c    00000012     uartstdio.obj (.const:.string)
                  0000226e    00000002     --HOLE-- [fill = 0]
                  00002270    0000000c     uartstdio.obj (.const:g_ui32UARTBase)
                  0000227c    0000000c     uartstdio.obj (.const:g_ui32UARTPeriph)
                  00002288    00000004     uartstdio.obj (.const)

.cinit     0    00002290    00000048     
                  00002290    00000023     (.cinit..data.load) [load image, compression = lzss]
                  000022b3    00000001     --HOLE-- [fill = 0]
                  000022b4    0000000c     (__TI_handler_table)
                  000022c0    00000008     (.cinit..bss.load) [load image, compression = zero_init]
                  000022c8    00000010     (__TI_cinit_table)

.init_array 
*          0    00000000    00000000     UNINITIALIZED

.stack     0    20000000    00000200     UNINITIALIZED
                  20000000    00000200     --HOLE--

.data      0    20000200    00000038     UNINITIALIZED
                  20000200    0000000c     rtsv7M4_T_le_v4SPD16_eabi.lib : exit.obj (.data:$O1$$)
                  2000020c    00000009     main.obj (.data)
                  20000215    00000003     --HOLE--
                  20000218    00000008     rtsv7M4_T_le_v4SPD16_eabi.lib : _lock.obj (.data:$O1$$)
                  20000220    00000008     Timer.obj (.data)
                  20000228    00000005     uartstdio.obj (.data)
                  2000022d    00000003     --HOLE--
                  20000230    00000004     rtsv7M4_T_le_v4SPD16_eabi.lib : stkdepth_vars.obj (.data)
                  20000234    00000004     uart_echo.obj (.data)

.bss       0    20000238    00000030     UNINITIALIZED
                  20000238    00000010     (.common:ReciveData_UART0)
                  20000248    00000010     (.common:ReciveData_UART1)
                  20000258    0000000c     (.common:CharTable)
                  20000264    00000004     (.common:CharNum)

MODULE SUMMARY

       Module                         code   ro data   rw data
       ------                         ----   -------   -------
    .\
       main.obj                       1036   0         25     
       tm4c123gh6pm_startup_ccs.obj   12     620       0      
    +--+------------------------------+------+---------+---------+
       Total:                         1048   620       25     
                                                              
    .\Motor\
       motor.obj                      312    0         0      
    +--+------------------------------+------+---------+---------+
       Total:                         312    0         0      
                                                              
    .\Pwm\
       pwm.obj                        152    0         0      
    +--+------------------------------+------+---------+---------+
       Total:                         152    0         0      
                                                              
    .\Timer\
       Timer.obj                      412    0         8      
    +--+------------------------------+------+---------+---------+
       Total:                         412    0         8      
                                                              
    .\colorful_LED\
       colorful_LED.obj               264    0         0      
    +--+------------------------------+------+---------+---------+
       Total:                         264    0         0      
                                                              
    .\uart\
       uartstdio.obj                  1180   46        5      
       uart_echo.obj                  960    0         36     
    +--+------------------------------+------+---------+---------+
       Total:                         2140   46        41     
                                                              
    D:/ti/TivaWare_C_Series-2.1.4.178/driverlib/ccs/Debug/driverlib.lib
       sysctl.obj                     650    108       0      
       gpio.obj                       486    144       0      
       interrupt.obj                  136    112       0      
       uart.obj                       206    0         0      
       timer.obj                      164    0         0      
       pwm.obj                        138    0         0      
       cpu.obj                        24     0         0      
       fpu.obj                        16     0         0      
    +--+------------------------------+------+---------+---------+
       Total:                         1820   364       0      
                                                              
    D:\Project_Program\Ccs_V7\ccsv7\tools\compiler\ti-cgt-arm_16.9.6.LTS\lib\rtsv7M4_T_le_v4SPD16_eabi.lib
       fd_div_t2.obj                  310    0         0      
       fd_mul_t2.obj                  252    0         0      
       memcpy_t2.obj                  156    0         0      
       memset_t2.obj                  122    0         0      
       autoinit.obj                   112    0         0      
       copy_decompress_lzss.obj       104    0         0      
       exit.obj                       84     0         12     
       boot.obj                       84     0         0      
       cpy_tbl.obj                    76     0         0      
       fd_toi_t2.obj                  72     0         0      
       fd_tou_t2.obj                  68     0         0      
       u_divt2.obj                    64     0         0      
       i_tofd_t2.obj                  46     0         0      
       u_tofd_t2.obj                  32     0         0      
       _lock.obj                      20     0         8      
       args_main.obj                  24     0         0      
       copy_decompress_none.obj       14     0         0      
       copy_zero_init.obj             12     0         0      
       pre_init.obj                   4      0         0      
       stkdepth_vars.obj              0      0         4      
       i_div0.obj                     2      0         0      
       mpu_init.obj                   2      0         0      
       startup.obj                    2      0         0      
    +--+------------------------------+------+---------+---------+
       Total:                         1662   0         24     
                                                              
       Stack:                         0      0         512    
       Linker Generated:              0      71        0      
    +--+------------------------------+------+---------+---------+
       Grand Total:                   7810   1101      610    


LINKER GENERATED COPY TABLES

__TI_cinit_table @ 000022c8 records: 2, size/record: 8, table size: 16
	.data: load addr=00002290, load size=00000023 bytes, run addr=20000200, run size=00000038 bytes, compression=lzss
	.bss: load addr=000022c0, load size=00000008 bytes, run addr=20000238, run size=00000030 bytes, compression=zero_init


LINKER GENERATED HANDLER TABLE

__TI_handler_table @ 000022b4 records: 3, size/record: 4, table size: 12
	index: 0, handler: __TI_decompress_lzss
	index: 1, handler: __TI_decompress_none
	index: 2, handler: __TI_zero_init


GLOBAL SYMBOLS: SORTED ALPHABETICALLY BY Name 

address   name                           
-------   ----                           
000018b5  BeepPwmInit                    
00001bbd  C$$EXIT                        
00002063  CPUcpsid                       
0000206f  CPUcpsie                       
20000264  CharNum                        
20000258  CharTable                      
2000020c  CountBan                       
20000224  Counter                        
00001fcd  FPULazyStackingEnable          
20000214  FlagSend                       
00001e53  GPIODirModeSet                 
000012df  GPIOPadConfigSet               
00001c5d  GPIOPinConfigure               
00001eff  GPIOPinTypeGPIOOutput          
00001f85  GPIOPinTypePWM                 
00001f97  GPIOPinTypeUART                
000020d9  GPIOPinWrite                   
00001a39  IntEnable                      
00001fdd  IntMasterDisable               
00001fed  IntMasterEnable                
000015c1  LED_Color                      
00001521  LED_ColorInit                  
00000ed5  MotorContolTimer               
00001071  MotorInit                      
20000236  MotorOrderDirection            
20000237  MotorOrderDisplacement         
000010cd  MotorSet                       
00001ffd  PWMDeadBandEnable              
00001e7d  PWMGenConfigure                
0000207b  PWMGenDisable                  
00002087  PWMGenEnable                   
0000200d  PWMGenPeriodSet                
00001fa9  PWMOutputState                 
00001ee1  PWMPulseWidthSet               
20000238  ReciveData_UART0               
20000248  ReciveData_UART1               
20000234  ReciveData_i_UART0             
20000235  ReciveData_i_UART1             
0000209f  ResetISR                       
UNDEFED   SHT$$INIT_ARRAY$$Base          
UNDEFED   SHT$$INIT_ARRAY$$Limit         
20000210  SendCount                      
00001411  SysCtlClockGet                 
00001725  SysCtlClockSet                 
000020df  SysCtlDelay                    
00001f49  SysCtlPWMClockSet              
00001df1  SysCtlPeripheralEnable         
00001db9  SysCtlPeripheralPresent        
20000220  Time_Flag                      
00000f49  Timer0IntHandler               
00000fd3  Timer1IntHandler               
00001b09  TimerConfigure                 
00001f19  TimerDisable                   
0000201d  TimerEnable                    
000020e5  TimerIntClear                  
000020c9  TimerIntEnable                 
00001fbb  TimerLoadSet                   
00000b81  UART0Send                      
00000bfd  UART1IntHandler                
00000dcb  UART1Send                      
000020ab  UARTCharGet                    
0000202b  UARTCharGetNonBlocking         
000020b5  UARTCharPut                    
00002039  UARTCharPutNonBlocking         
00002047  UARTCharsAvail                 
00001ced  UARTConfigSetExpClk            
00001ea1  UARTDisable                    
00001f5d  UARTEnable                     
000020e9  UARTIntClear                   
000020d1  UARTIntEnable                  
00000b15  UARTIntHandler                 
000020bf  UARTIntStatus                  
0000026d  UARTStdioConfig                
000003b3  UARTgetc                       
000002f9  UARTgets                       
000006d3  UARTprintf                     
000003d9  UARTvprintf                    
000002b3  UARTwrite                      
00000ba9  Uart0Iint                      
00000dfd  Uart1Iint                      
20000200  __STACK_END                    
00000200  __STACK_SIZE                   
20000200  __STACK_TOP                    
000022c8  __TI_CINIT_Base                
000022d8  __TI_CINIT_Limit               
000022b4  __TI_Handler_Table_Base        
000022c0  __TI_Handler_Table_Limit       
000019c9  __TI_auto_init                 
20000200  __TI_cleanup_ptr               
00001aa1  __TI_decompress_lzss           
00002055  __TI_decompress_none           
20000204  __TI_dtors_ptr                 
20000208  __TI_enable_exit_profile_output
ffffffff  __TI_pprof_out_hndl            
ffffffff  __TI_prof_data_size            
ffffffff  __TI_prof_data_start           
00000000  __TI_static_base__             
00002093  __TI_zero_init                 
00001ca5  __aeabi_d2iz                   
00001d33  __aeabi_d2uiz                  
000011a9  __aeabi_ddiv                   
00001629  __aeabi_dmul                   
00001e25  __aeabi_i2d                    
000019c7  __aeabi_idiv0                  
0000194d  __aeabi_memclr                 
0000194d  __aeabi_memclr4                
0000194d  __aeabi_memclr8                
00001819  __aeabi_memcpy                 
00001819  __aeabi_memcpy4                
00001819  __aeabi_memcpy8                
0000194f  __aeabi_memset                 
0000194f  __aeabi_memset4                
0000194f  __aeabi_memset8                
00001ec1  __aeabi_ui2d                   
00001d77  __aeabi_uidiv                  
00001d77  __aeabi_uidivmod               
ffffffff  __binit__                      
ffffffff  __c_args__                     
00001db7  __mpu_init                     
20000000  __stack                        
00001f31  _args_main                     
00001b69  _c_int00                       
20000218  _lock                          
00001f7f  _nop                           
00001f77  _register_lock                 
00001f71  _register_unlock               
00001e9f  _system_post_cinit             
000020ed  _system_pre_init               
2000021c  _unlock                        
00001bc1  abort                          
ffffffff  binit                          
00001c11  copy_in                        
00001bc9  exit                           
00000000  g_pfnVectors                   
00000709  main                           
20000230  main_func_sp                   
00001819  memcpy                         
00001955  memset                         


GLOBAL SYMBOLS: SORTED BY Symbol Address 

address   name                           
-------   ----                           
00000000  __TI_static_base__             
00000000  g_pfnVectors                   
00000200  __STACK_SIZE                   
0000026d  UARTStdioConfig                
000002b3  UARTwrite                      
000002f9  UARTgets                       
000003b3  UARTgetc                       
000003d9  UARTvprintf                    
000006d3  UARTprintf                     
00000709  main                           
00000b15  UARTIntHandler                 
00000b81  UART0Send                      
00000ba9  Uart0Iint                      
00000bfd  UART1IntHandler                
00000dcb  UART1Send                      
00000dfd  Uart1Iint                      
00000ed5  MotorContolTimer               
00000f49  Timer0IntHandler               
00000fd3  Timer1IntHandler               
00001071  MotorInit                      
000010cd  MotorSet                       
000011a9  __aeabi_ddiv                   
000012df  GPIOPadConfigSet               
00001411  SysCtlClockGet                 
00001521  LED_ColorInit                  
000015c1  LED_Color                      
00001629  __aeabi_dmul                   
00001725  SysCtlClockSet                 
00001819  __aeabi_memcpy                 
00001819  __aeabi_memcpy4                
00001819  __aeabi_memcpy8                
00001819  memcpy                         
000018b5  BeepPwmInit                    
0000194d  __aeabi_memclr                 
0000194d  __aeabi_memclr4                
0000194d  __aeabi_memclr8                
0000194f  __aeabi_memset                 
0000194f  __aeabi_memset4                
0000194f  __aeabi_memset8                
00001955  memset                         
000019c7  __aeabi_idiv0                  
000019c9  __TI_auto_init                 
00001a39  IntEnable                      
00001aa1  __TI_decompress_lzss           
00001b09  TimerConfigure                 
00001b69  _c_int00                       
00001bbd  C$$EXIT                        
00001bc1  abort                          
00001bc9  exit                           
00001c11  copy_in                        
00001c5d  GPIOPinConfigure               
00001ca5  __aeabi_d2iz                   
00001ced  UARTConfigSetExpClk            
00001d33  __aeabi_d2uiz                  
00001d77  __aeabi_uidiv                  
00001d77  __aeabi_uidivmod               
00001db7  __mpu_init                     
00001db9  SysCtlPeripheralPresent        
00001df1  SysCtlPeripheralEnable         
00001e25  __aeabi_i2d                    
00001e53  GPIODirModeSet                 
00001e7d  PWMGenConfigure                
00001e9f  _system_post_cinit             
00001ea1  UARTDisable                    
00001ec1  __aeabi_ui2d                   
00001ee1  PWMPulseWidthSet               
00001eff  GPIOPinTypeGPIOOutput          
00001f19  TimerDisable                   
00001f31  _args_main                     
00001f49  SysCtlPWMClockSet              
00001f5d  UARTEnable                     
00001f71  _register_unlock               
00001f77  _register_lock                 
00001f7f  _nop                           
00001f85  GPIOPinTypePWM                 
00001f97  GPIOPinTypeUART                
00001fa9  PWMOutputState                 
00001fbb  TimerLoadSet                   
00001fcd  FPULazyStackingEnable          
00001fdd  IntMasterDisable               
00001fed  IntMasterEnable                
00001ffd  PWMDeadBandEnable              
0000200d  PWMGenPeriodSet                
0000201d  TimerEnable                    
0000202b  UARTCharGetNonBlocking         
00002039  UARTCharPutNonBlocking         
00002047  UARTCharsAvail                 
00002055  __TI_decompress_none           
00002063  CPUcpsid                       
0000206f  CPUcpsie                       
0000207b  PWMGenDisable                  
00002087  PWMGenEnable                   
00002093  __TI_zero_init                 
0000209f  ResetISR                       
000020ab  UARTCharGet                    
000020b5  UARTCharPut                    
000020bf  UARTIntStatus                  
000020c9  TimerIntEnable                 
000020d1  UARTIntEnable                  
000020d9  GPIOPinWrite                   
000020df  SysCtlDelay                    
000020e5  TimerIntClear                  
000020e9  UARTIntClear                   
000020ed  _system_pre_init               
000022b4  __TI_Handler_Table_Base        
000022c0  __TI_Handler_Table_Limit       
000022c8  __TI_CINIT_Base                
000022d8  __TI_CINIT_Limit               
20000000  __stack                        
20000200  __STACK_END                    
20000200  __STACK_TOP                    
20000200  __TI_cleanup_ptr               
20000204  __TI_dtors_ptr                 
20000208  __TI_enable_exit_profile_output
2000020c  CountBan                       
20000210  SendCount                      
20000214  FlagSend                       
20000218  _lock                          
2000021c  _unlock                        
20000220  Time_Flag                      
20000224  Counter                        
20000230  main_func_sp                   
20000234  ReciveData_i_UART0             
20000235  ReciveData_i_UART1             
20000236  MotorOrderDirection            
20000237  MotorOrderDisplacement         
20000238  ReciveData_UART0               
20000248  ReciveData_UART1               
20000258  CharTable                      
20000264  CharNum                        
ffffffff  __TI_pprof_out_hndl            
ffffffff  __TI_prof_data_size            
ffffffff  __TI_prof_data_start           
ffffffff  __binit__                      
ffffffff  __c_args__                     
ffffffff  binit                          
UNDEFED   SHT$$INIT_ARRAY$$Base          
UNDEFED   SHT$$INIT_ARRAY$$Limit         

[138 symbols]
