<?xml version="1.0"?>
<link_info>
   <banner>TI ARM Linker PC v16.9.6.LTS</banner>
   <copyright>Copyright (c) 1996-2017 Texas Instruments Incorporated</copyright>
   <link_time>0x5ac8fa9e</link_time>
   <link_errors>0x0</link_errors>
   <output_file>PointRace_3_Car.out</output_file>
   <entry_point>
      <name>_c_int00</name>
      <address>0x6db9</address>
   </entry_point>
   <input_file_list>
      <input_file id="fl-2">
         <path>.\</path>
         <kind>object</kind>
         <file>main.obj</file>
         <name>main.obj</name>
      </input_file>
      <input_file id="fl-3">
         <path>.\</path>
         <kind>object</kind>
         <file>tm4c123gh6pm_startup_ccs.obj</file>
         <name>tm4c123gh6pm_startup_ccs.obj</name>
      </input_file>
      <input_file id="fl-4">
         <path>.\Beep\</path>
         <kind>object</kind>
         <file>Beep.obj</file>
         <name>Beep.obj</name>
      </input_file>
      <input_file id="fl-5">
         <path>.\Hardware\DMP\</path>
         <kind>object</kind>
         <file>inv_mpu.obj</file>
         <name>inv_mpu.obj</name>
      </input_file>
      <input_file id="fl-6">
         <path>.\Hardware\DMP\</path>
         <kind>object</kind>
         <file>inv_mpu_dmp_motion_driver.obj</file>
         <name>inv_mpu_dmp_motion_driver.obj</name>
      </input_file>
      <input_file id="fl-7">
         <path>.\Hardware\I2C\</path>
         <kind>object</kind>
         <file>I2C.obj</file>
         <name>I2C.obj</name>
      </input_file>
      <input_file id="fl-8">
         <path>.\Hardware\MPU6050\</path>
         <kind>object</kind>
         <file>mpu6050.obj</file>
         <name>mpu6050.obj</name>
      </input_file>
      <input_file id="fl-9">
         <path>.\Hardware\MPU6050\</path>
         <kind>object</kind>
         <file>mpu6050_firRefi.obj</file>
         <name>mpu6050_firRefi.obj</name>
      </input_file>
      <input_file id="fl-a">
         <path>.\Hardware\Sys\</path>
         <kind>object</kind>
         <file>sys.obj</file>
         <name>sys.obj</name>
      </input_file>
      <input_file id="fl-b">
         <path>.\Motor\</path>
         <kind>object</kind>
         <file>motor.obj</file>
         <name>motor.obj</name>
      </input_file>
      <input_file id="fl-c">
         <path>.\Pwm\</path>
         <kind>object</kind>
         <file>pwm.obj</file>
         <name>pwm.obj</name>
      </input_file>
      <input_file id="fl-d">
         <path>.\Timer\</path>
         <kind>object</kind>
         <file>Timer.obj</file>
         <name>Timer.obj</name>
      </input_file>
      <input_file id="fl-e">
         <path>.\colorful_LED\</path>
         <kind>object</kind>
         <file>colorful_LED.obj</file>
         <name>colorful_LED.obj</name>
      </input_file>
      <input_file id="fl-f">
         <path>.\delay\</path>
         <kind>object</kind>
         <file>delay.obj</file>
         <name>delay.obj</name>
      </input_file>
      <input_file id="fl-10">
         <path>.\key\</path>
         <kind>object</kind>
         <file>key.obj</file>
         <name>key.obj</name>
      </input_file>
      <input_file id="fl-11">
         <path>.\led\</path>
         <kind>object</kind>
         <file>led.obj</file>
         <name>led.obj</name>
      </input_file>
      <input_file id="fl-12">
         <path>.\uart\</path>
         <kind>object</kind>
         <file>uart_echo.obj</file>
         <name>uart_echo.obj</name>
      </input_file>
      <input_file id="fl-13">
         <path>.\uart\</path>
         <kind>object</kind>
         <file>uartstdio.obj</file>
         <name>uartstdio.obj</name>
      </input_file>
      <input_file id="fl-18">
         <kind>object</kind>
         <file>&lt;internal&gt;</file>
         <name>&lt;internal&gt;</name>
      </input_file>
      <input_file id="fl-19">
         <path>D:\ti\TivaWare_C_Series-2.1.4.178\driverlib\ccs\Debug\</path>
         <kind>archive</kind>
         <file>driverlib.lib</file>
         <name>fpu.obj</name>
      </input_file>
      <input_file id="fl-1a">
         <path>D:\ti\TivaWare_C_Series-2.1.4.178\driverlib\ccs\Debug\</path>
         <kind>archive</kind>
         <file>driverlib.lib</file>
         <name>gpio.obj</name>
      </input_file>
      <input_file id="fl-1b">
         <path>D:\ti\TivaWare_C_Series-2.1.4.178\driverlib\ccs\Debug\</path>
         <kind>archive</kind>
         <file>driverlib.lib</file>
         <name>interrupt.obj</name>
      </input_file>
      <input_file id="fl-1c">
         <path>D:\ti\TivaWare_C_Series-2.1.4.178\driverlib\ccs\Debug\</path>
         <kind>archive</kind>
         <file>driverlib.lib</file>
         <name>pwm.obj</name>
      </input_file>
      <input_file id="fl-1d">
         <path>D:\ti\TivaWare_C_Series-2.1.4.178\driverlib\ccs\Debug\</path>
         <kind>archive</kind>
         <file>driverlib.lib</file>
         <name>sysctl.obj</name>
      </input_file>
      <input_file id="fl-1e">
         <path>D:\ti\TivaWare_C_Series-2.1.4.178\driverlib\ccs\Debug\</path>
         <kind>archive</kind>
         <file>driverlib.lib</file>
         <name>timer.obj</name>
      </input_file>
      <input_file id="fl-1f">
         <path>D:\ti\TivaWare_C_Series-2.1.4.178\driverlib\ccs\Debug\</path>
         <kind>archive</kind>
         <file>driverlib.lib</file>
         <name>uart.obj</name>
      </input_file>
      <input_file id="fl-20">
         <path>D:\ti\TivaWare_C_Series-2.1.4.178\driverlib\ccs\Debug\</path>
         <kind>archive</kind>
         <file>driverlib.lib</file>
         <name>cpu.obj</name>
      </input_file>
      <input_file id="fl-d6">
         <path>D:\Project_Program\Ccs_V7\ccsv7\tools\compiler\ti-cgt-arm_16.9.6.LTS\lib\</path>
         <kind>archive</kind>
         <file>rtsv7M4_T_le_v4SPD16_eabi.lib</file>
         <name>boot.obj</name>
      </input_file>
      <input_file id="fl-d7">
         <path>D:\Project_Program\Ccs_V7\ccsv7\tools\compiler\ti-cgt-arm_16.9.6.LTS\lib\</path>
         <kind>archive</kind>
         <file>rtsv7M4_T_le_v4SPD16_eabi.lib</file>
         <name>copy_decompress_lzss.obj</name>
      </input_file>
      <input_file id="fl-d8">
         <path>D:\Project_Program\Ccs_V7\ccsv7\tools\compiler\ti-cgt-arm_16.9.6.LTS\lib\</path>
         <kind>archive</kind>
         <file>rtsv7M4_T_le_v4SPD16_eabi.lib</file>
         <name>copy_decompress_none.obj</name>
      </input_file>
      <input_file id="fl-d9">
         <path>D:\Project_Program\Ccs_V7\ccsv7\tools\compiler\ti-cgt-arm_16.9.6.LTS\lib\</path>
         <kind>archive</kind>
         <file>rtsv7M4_T_le_v4SPD16_eabi.lib</file>
         <name>copy_zero_init.obj</name>
      </input_file>
      <input_file id="fl-da">
         <path>D:\Project_Program\Ccs_V7\ccsv7\tools\compiler\ti-cgt-arm_16.9.6.LTS\lib\</path>
         <kind>archive</kind>
         <file>rtsv7M4_T_le_v4SPD16_eabi.lib</file>
         <name>e_asin.obj</name>
      </input_file>
      <input_file id="fl-db">
         <path>D:\Project_Program\Ccs_V7\ccsv7\tools\compiler\ti-cgt-arm_16.9.6.LTS\lib\</path>
         <kind>archive</kind>
         <file>rtsv7M4_T_le_v4SPD16_eabi.lib</file>
         <name>e_atan2.obj</name>
      </input_file>
      <input_file id="fl-dc">
         <path>D:\Project_Program\Ccs_V7\ccsv7\tools\compiler\ti-cgt-arm_16.9.6.LTS\lib\</path>
         <kind>archive</kind>
         <file>rtsv7M4_T_le_v4SPD16_eabi.lib</file>
         <name>e_sqrt.obj</name>
      </input_file>
      <input_file id="fl-dd">
         <path>D:\Project_Program\Ccs_V7\ccsv7\tools\compiler\ti-cgt-arm_16.9.6.LTS\lib\</path>
         <kind>archive</kind>
         <file>rtsv7M4_T_le_v4SPD16_eabi.lib</file>
         <name>errno.obj</name>
      </input_file>
      <input_file id="fl-de">
         <path>D:\Project_Program\Ccs_V7\ccsv7\tools\compiler\ti-cgt-arm_16.9.6.LTS\lib\</path>
         <kind>archive</kind>
         <file>rtsv7M4_T_le_v4SPD16_eabi.lib</file>
         <name>exit.obj</name>
      </input_file>
      <input_file id="fl-df">
         <path>D:\Project_Program\Ccs_V7\ccsv7\tools\compiler\ti-cgt-arm_16.9.6.LTS\lib\</path>
         <kind>archive</kind>
         <file>rtsv7M4_T_le_v4SPD16_eabi.lib</file>
         <name>fd_add_t2.obj</name>
      </input_file>
      <input_file id="fl-e0">
         <path>D:\Project_Program\Ccs_V7\ccsv7\tools\compiler\ti-cgt-arm_16.9.6.LTS\lib\</path>
         <kind>archive</kind>
         <file>rtsv7M4_T_le_v4SPD16_eabi.lib</file>
         <name>fd_cmp_t2.obj</name>
      </input_file>
      <input_file id="fl-e1">
         <path>D:\Project_Program\Ccs_V7\ccsv7\tools\compiler\ti-cgt-arm_16.9.6.LTS\lib\</path>
         <kind>archive</kind>
         <file>rtsv7M4_T_le_v4SPD16_eabi.lib</file>
         <name>fd_div_t2.obj</name>
      </input_file>
      <input_file id="fl-e2">
         <path>D:\Project_Program\Ccs_V7\ccsv7\tools\compiler\ti-cgt-arm_16.9.6.LTS\lib\</path>
         <kind>archive</kind>
         <file>rtsv7M4_T_le_v4SPD16_eabi.lib</file>
         <name>fd_mul_t2.obj</name>
      </input_file>
      <input_file id="fl-e3">
         <path>D:\Project_Program\Ccs_V7\ccsv7\tools\compiler\ti-cgt-arm_16.9.6.LTS\lib\</path>
         <kind>archive</kind>
         <file>rtsv7M4_T_le_v4SPD16_eabi.lib</file>
         <name>fd_toi_t2.obj</name>
      </input_file>
      <input_file id="fl-e4">
         <path>D:\Project_Program\Ccs_V7\ccsv7\tools\compiler\ti-cgt-arm_16.9.6.LTS\lib\</path>
         <kind>archive</kind>
         <file>rtsv7M4_T_le_v4SPD16_eabi.lib</file>
         <name>fd_tos_t2.obj</name>
      </input_file>
      <input_file id="fl-e5">
         <path>D:\Project_Program\Ccs_V7\ccsv7\tools\compiler\ti-cgt-arm_16.9.6.LTS\lib\</path>
         <kind>archive</kind>
         <file>rtsv7M4_T_le_v4SPD16_eabi.lib</file>
         <name>fs_tod_t2.obj</name>
      </input_file>
      <input_file id="fl-e6">
         <path>D:\Project_Program\Ccs_V7\ccsv7\tools\compiler\ti-cgt-arm_16.9.6.LTS\lib\</path>
         <kind>archive</kind>
         <file>rtsv7M4_T_le_v4SPD16_eabi.lib</file>
         <name>i_tofd_t2.obj</name>
      </input_file>
      <input_file id="fl-e7">
         <path>D:\Project_Program\Ccs_V7\ccsv7\tools\compiler\ti-cgt-arm_16.9.6.LTS\lib\</path>
         <kind>archive</kind>
         <file>rtsv7M4_T_le_v4SPD16_eabi.lib</file>
         <name>ll_div_t2.obj</name>
      </input_file>
      <input_file id="fl-e8">
         <path>D:\Project_Program\Ccs_V7\ccsv7\tools\compiler\ti-cgt-arm_16.9.6.LTS\lib\</path>
         <kind>archive</kind>
         <file>rtsv7M4_T_le_v4SPD16_eabi.lib</file>
         <name>ll_mul_t2.obj</name>
      </input_file>
      <input_file id="fl-e9">
         <path>D:\Project_Program\Ccs_V7\ccsv7\tools\compiler\ti-cgt-arm_16.9.6.LTS\lib\</path>
         <kind>archive</kind>
         <file>rtsv7M4_T_le_v4SPD16_eabi.lib</file>
         <name>memcmp.obj</name>
      </input_file>
      <input_file id="fl-ea">
         <path>D:\Project_Program\Ccs_V7\ccsv7\tools\compiler\ti-cgt-arm_16.9.6.LTS\lib\</path>
         <kind>archive</kind>
         <file>rtsv7M4_T_le_v4SPD16_eabi.lib</file>
         <name>memcpy_t2.obj</name>
      </input_file>
      <input_file id="fl-eb">
         <path>D:\Project_Program\Ccs_V7\ccsv7\tools\compiler\ti-cgt-arm_16.9.6.LTS\lib\</path>
         <kind>archive</kind>
         <file>rtsv7M4_T_le_v4SPD16_eabi.lib</file>
         <name>memset_t2.obj</name>
      </input_file>
      <input_file id="fl-ec">
         <path>D:\Project_Program\Ccs_V7\ccsv7\tools\compiler\ti-cgt-arm_16.9.6.LTS\lib\</path>
         <kind>archive</kind>
         <file>rtsv7M4_T_le_v4SPD16_eabi.lib</file>
         <name>mpu_init.obj</name>
      </input_file>
      <input_file id="fl-ed">
         <path>D:\Project_Program\Ccs_V7\ccsv7\tools\compiler\ti-cgt-arm_16.9.6.LTS\lib\</path>
         <kind>archive</kind>
         <file>rtsv7M4_T_le_v4SPD16_eabi.lib</file>
         <name>pre_init.obj</name>
      </input_file>
      <input_file id="fl-ee">
         <path>D:\Project_Program\Ccs_V7\ccsv7\tools\compiler\ti-cgt-arm_16.9.6.LTS\lib\</path>
         <kind>archive</kind>
         <file>rtsv7M4_T_le_v4SPD16_eabi.lib</file>
         <name>s_atan.obj</name>
      </input_file>
      <input_file id="fl-ef">
         <path>D:\Project_Program\Ccs_V7\ccsv7\tools\compiler\ti-cgt-arm_16.9.6.LTS\lib\</path>
         <kind>archive</kind>
         <file>rtsv7M4_T_le_v4SPD16_eabi.lib</file>
         <name>stkdepth_vars.obj</name>
      </input_file>
      <input_file id="fl-f0">
         <path>D:\Project_Program\Ccs_V7\ccsv7\tools\compiler\ti-cgt-arm_16.9.6.LTS\lib\</path>
         <kind>archive</kind>
         <file>rtsv7M4_T_le_v4SPD16_eabi.lib</file>
         <name>u_divt2.obj</name>
      </input_file>
      <input_file id="fl-f1">
         <path>D:\Project_Program\Ccs_V7\ccsv7\tools\compiler\ti-cgt-arm_16.9.6.LTS\lib\</path>
         <kind>archive</kind>
         <file>rtsv7M4_T_le_v4SPD16_eabi.lib</file>
         <name>u_tofd_t2.obj</name>
      </input_file>
      <input_file id="fl-f2">
         <path>D:\Project_Program\Ccs_V7\ccsv7\tools\compiler\ti-cgt-arm_16.9.6.LTS\lib\</path>
         <kind>archive</kind>
         <file>rtsv7M4_T_le_v4SPD16_eabi.lib</file>
         <name>_lock.obj</name>
      </input_file>
      <input_file id="fl-f3">
         <path>D:\Project_Program\Ccs_V7\ccsv7\tools\compiler\ti-cgt-arm_16.9.6.LTS\lib\</path>
         <kind>archive</kind>
         <file>rtsv7M4_T_le_v4SPD16_eabi.lib</file>
         <name>args_main.obj</name>
      </input_file>
      <input_file id="fl-f4">
         <path>D:\Project_Program\Ccs_V7\ccsv7\tools\compiler\ti-cgt-arm_16.9.6.LTS\lib\</path>
         <kind>archive</kind>
         <file>rtsv7M4_T_le_v4SPD16_eabi.lib</file>
         <name>autoinit.obj</name>
      </input_file>
      <input_file id="fl-f5">
         <path>D:\Project_Program\Ccs_V7\ccsv7\tools\compiler\ti-cgt-arm_16.9.6.LTS\lib\</path>
         <kind>archive</kind>
         <file>rtsv7M4_T_le_v4SPD16_eabi.lib</file>
         <name>cpy_tbl.obj</name>
      </input_file>
      <input_file id="fl-f6">
         <path>D:\Project_Program\Ccs_V7\ccsv7\tools\compiler\ti-cgt-arm_16.9.6.LTS\lib\</path>
         <kind>archive</kind>
         <file>rtsv7M4_T_le_v4SPD16_eabi.lib</file>
         <name>i_div0.obj</name>
      </input_file>
      <input_file id="fl-f7">
         <path>D:\Project_Program\Ccs_V7\ccsv7\tools\compiler\ti-cgt-arm_16.9.6.LTS\lib\</path>
         <kind>archive</kind>
         <file>rtsv7M4_T_le_v4SPD16_eabi.lib</file>
         <name>l_div0.obj</name>
      </input_file>
      <input_file id="fl-f8">
         <path>D:\Project_Program\Ccs_V7\ccsv7\tools\compiler\ti-cgt-arm_16.9.6.LTS\lib\</path>
         <kind>archive</kind>
         <file>rtsv7M4_T_le_v4SPD16_eabi.lib</file>
         <name>startup.obj</name>
      </input_file>
   </input_file_list>
   <object_component_list>
      <object_component id="oc-f">
         <name>.intvecs</name>
         <load_address>0x0</load_address>
         <run_address>0x0</run_address>
         <size>0x26c</size>
         <input_file_ref idref="fl-3"/>
      </object_component>
      <object_component id="oc-23b">
         <name>.text</name>
         <load_address>0x26c</load_address>
         <run_address>0x26c</run_address>
         <size>0x2b24</size>
         <input_file_ref idref="fl-5"/>
      </object_component>
      <object_component id="oc-2c5">
         <name>.text</name>
         <load_address>0x2d90</load_address>
         <run_address>0x2d90</run_address>
         <size>0x1088</size>
         <input_file_ref idref="fl-6"/>
      </object_component>
      <object_component id="oc-15f">
         <name>.text</name>
         <load_address>0x3e18</load_address>
         <run_address>0x3e18</run_address>
         <size>0x4a0</size>
         <input_file_ref idref="fl-2"/>
      </object_component>
      <object_component id="oc-f6">
         <name>.text</name>
         <load_address>0x42b8</load_address>
         <run_address>0x42b8</run_address>
         <size>0x49c</size>
         <input_file_ref idref="fl-13"/>
      </object_component>
      <object_component id="oc-31">
         <name>.text</name>
         <load_address>0x4754</load_address>
         <run_address>0x4754</run_address>
         <size>0x488</size>
         <input_file_ref idref="fl-12"/>
      </object_component>
      <object_component id="oc-2d1">
         <name>.text</name>
         <load_address>0x4bdc</load_address>
         <run_address>0x4bdc</run_address>
         <size>0x3e4</size>
         <input_file_ref idref="fl-da"/>
      </object_component>
      <object_component id="oc-2cb">
         <name>.text</name>
         <load_address>0x4fc0</load_address>
         <run_address>0x4fc0</run_address>
         <size>0x340</size>
         <input_file_ref idref="fl-7"/>
      </object_component>
      <object_component id="oc-356">
         <name>.text</name>
         <load_address>0x5300</load_address>
         <run_address>0x5300</run_address>
         <size>0x2ec</size>
         <input_file_ref idref="fl-ee"/>
      </object_component>
      <object_component id="oc-241">
         <name>.text</name>
         <load_address>0x55ec</load_address>
         <run_address>0x55ec</run_address>
         <size>0x2bc</size>
         <input_file_ref idref="fl-8"/>
      </object_component>
      <object_component id="oc-2ba">
         <name>.text</name>
         <load_address>0x58a8</load_address>
         <run_address>0x58a8</run_address>
         <size>0x21e</size>
         <input_file_ref idref="fl-e7"/>
      </object_component>
      <object_component id="oc-28d">
         <name>.text</name>
         <load_address>0x5ac6</load_address>
         <run_address>0x5ac6</run_address>
         <size>0x2</size>
         <input_file_ref idref="fl-f6"/>
      </object_component>
      <object_component id="oc-37">
         <name>.text</name>
         <load_address>0x5ac8</load_address>
         <run_address>0x5ac8</run_address>
         <size>0x1fc</size>
         <input_file_ref idref="fl-d"/>
      </object_component>
      <object_component id="oc-2dc">
         <name>.text</name>
         <load_address>0x5cc4</load_address>
         <run_address>0x5cc4</run_address>
         <size>0x1ec</size>
         <input_file_ref idref="fl-db"/>
      </object_component>
      <object_component id="oc-ec">
         <name>.text</name>
         <load_address>0x5eb0</load_address>
         <run_address>0x5eb0</run_address>
         <size>0x1b6</size>
         <input_file_ref idref="fl-df"/>
      </object_component>
      <object_component id="oc-2ae">
         <name>.text</name>
         <load_address>0x6066</load_address>
         <run_address>0x6066</run_address>
         <size>0x194</size>
         <input_file_ref idref="fl-9"/>
      </object_component>
      <object_component id="oc-305">
         <name>.text</name>
         <load_address>0x61fa</load_address>
         <run_address>0x61fa</run_address>
         <size>0x2</size>
         <input_file_ref idref="fl-f7"/>
      </object_component>
      <object_component id="oc-340">
         <name>.text</name>
         <load_address>0x61fc</load_address>
         <run_address>0x61fc</run_address>
         <size>0x170</size>
         <input_file_ref idref="fl-dc"/>
      </object_component>
      <object_component id="oc-21d">
         <name>.text</name>
         <load_address>0x636c</load_address>
         <run_address>0x636c</run_address>
         <size>0x138</size>
         <input_file_ref idref="fl-b"/>
      </object_component>
      <object_component id="oc-12c">
         <name>.text</name>
         <load_address>0x64a4</load_address>
         <run_address>0x64a4</run_address>
         <size>0x136</size>
         <input_file_ref idref="fl-e1"/>
      </object_component>
      <object_component id="oc-196">
         <name>.text:GPIOPadConfigSet</name>
         <load_address>0x65da</load_address>
         <run_address>0x65da</run_address>
         <size>0x132</size>
         <input_file_ref idref="fl-1a"/>
      </object_component>
      <object_component id="oc-9e">
         <name>.text:SysCtlClockGet</name>
         <load_address>0x670c</load_address>
         <run_address>0x670c</run_address>
         <size>0x110</size>
         <input_file_ref idref="fl-1d"/>
      </object_component>
      <object_component id="oc-2d7">
         <name>.text</name>
         <load_address>0x681c</load_address>
         <run_address>0x681c</run_address>
         <size>0xfc</size>
         <input_file_ref idref="fl-e2"/>
      </object_component>
      <object_component id="oc-211">
         <name>.text:SysCtlClockSet</name>
         <load_address>0x6918</load_address>
         <run_address>0x6918</run_address>
         <size>0xf4</size>
         <input_file_ref idref="fl-1d"/>
      </object_component>
      <object_component id="oc-4b">
         <name>.text</name>
         <load_address>0x6a0c</load_address>
         <run_address>0x6a0c</run_address>
         <size>0x9c</size>
         <input_file_ref idref="fl-ea"/>
      </object_component>
      <object_component id="oc-346">
         <name>.text:__aeabi_cdrcmple</name>
         <load_address>0x6aa8</load_address>
         <run_address>0x6aa8</run_address>
         <size>0x86</size>
         <input_file_ref idref="fl-e0"/>
      </object_component>
      <object_component id="oc-57">
         <name>.text</name>
         <load_address>0x6b2e</load_address>
         <run_address>0x6b2e</run_address>
         <size>0x7a</size>
         <input_file_ref idref="fl-eb"/>
      </object_component>
      <object_component id="oc-6f">
         <name>.text</name>
         <load_address>0x6ba8</load_address>
         <run_address>0x6ba8</run_address>
         <size>0x70</size>
         <input_file_ref idref="fl-f4"/>
      </object_component>
      <object_component id="oc-f1">
         <name>.text</name>
         <load_address>0x6c18</load_address>
         <run_address>0x6c18</run_address>
         <size>0x6e</size>
         <input_file_ref idref="fl-e4"/>
      </object_component>
      <object_component id="oc-63">
         <name>.text</name>
         <load_address>0x6c86</load_address>
         <run_address>0x6c86</run_address>
         <size>0x2</size>
         <input_file_ref idref="fl-ec"/>
      </object_component>
      <object_component id="oc-cf">
         <name>.text:IntEnable</name>
         <load_address>0x6c88</load_address>
         <run_address>0x6c88</run_address>
         <size>0x68</size>
         <input_file_ref idref="fl-1b"/>
      </object_component>
      <object_component id="oc-12">
         <name>.text:decompress:lzss</name>
         <load_address>0x6cf0</load_address>
         <run_address>0x6cf0</run_address>
         <size>0x68</size>
         <input_file_ref idref="fl-d7"/>
      </object_component>
      <object_component id="oc-109">
         <name>.text:TimerConfigure</name>
         <load_address>0x6d58</load_address>
         <run_address>0x6d58</run_address>
         <size>0x60</size>
         <input_file_ref idref="fl-1e"/>
      </object_component>
      <object_component id="oc-24">
         <name>.text</name>
         <load_address>0x6db8</load_address>
         <run_address>0x6db8</run_address>
         <size>0x54</size>
         <input_file_ref idref="fl-d6"/>
      </object_component>
      <object_component id="oc-7b">
         <name>.text</name>
         <load_address>0x6e0c</load_address>
         <run_address>0x6e0c</run_address>
         <size>0x54</size>
         <input_file_ref idref="fl-de"/>
      </object_component>
      <object_component id="oc-151">
         <name>.text</name>
         <load_address>0x6e60</load_address>
         <run_address>0x6e60</run_address>
         <size>0x4c</size>
         <input_file_ref idref="fl-f5"/>
      </object_component>
      <object_component id="oc-bd">
         <name>.text:GPIOPinConfigure</name>
         <load_address>0x6eac</load_address>
         <run_address>0x6eac</run_address>
         <size>0x48</size>
         <input_file_ref idref="fl-1a"/>
      </object_component>
      <object_component id="oc-131">
         <name>.text</name>
         <load_address>0x6ef4</load_address>
         <run_address>0x6ef4</run_address>
         <size>0x48</size>
         <input_file_ref idref="fl-e3"/>
      </object_component>
      <object_component id="oc-c9">
         <name>.text:UARTConfigSetExpClk</name>
         <load_address>0x6f3c</load_address>
         <run_address>0x6f3c</run_address>
         <size>0x46</size>
         <input_file_ref idref="fl-1f"/>
      </object_component>
      <object_component id="oc-1d9">
         <name>.text</name>
         <load_address>0x6f82</load_address>
         <run_address>0x6f82</run_address>
         <size>0x40</size>
         <input_file_ref idref="fl-f0"/>
      </object_component>
      <object_component id="oc-157">
         <name>.text</name>
         <load_address>0x6fc2</load_address>
         <run_address>0x6fc2</run_address>
         <size>0x2</size>
         <input_file_ref idref="fl-f8"/>
      </object_component>
      <object_component id="oc-1be">
         <name>.text:SysCtlPeripheralPresent</name>
         <load_address>0x6fc4</load_address>
         <run_address>0x6fc4</run_address>
         <size>0x38</size>
         <input_file_ref idref="fl-1d"/>
      </object_component>
      <object_component id="oc-235">
         <name>.text</name>
         <load_address>0x6ffc</load_address>
         <run_address>0x6ffc</run_address>
         <size>0x38</size>
         <input_file_ref idref="fl-f"/>
      </object_component>
      <object_component id="oc-e7">
         <name>.text</name>
         <load_address>0x7034</load_address>
         <run_address>0x7034</run_address>
         <size>0x38</size>
         <input_file_ref idref="fl-e5"/>
      </object_component>
      <object_component id="oc-b1">
         <name>.text:SysCtlPeripheralEnable</name>
         <load_address>0x706c</load_address>
         <run_address>0x706c</run_address>
         <size>0x34</size>
         <input_file_ref idref="fl-1d"/>
      </object_component>
      <object_component id="oc-2e7">
         <name>.text</name>
         <load_address>0x70a0</load_address>
         <run_address>0x70a0</run_address>
         <size>0x2e</size>
         <input_file_ref idref="fl-e6"/>
      </object_component>
      <object_component id="oc-190">
         <name>.text:GPIODirModeSet</name>
         <load_address>0x70ce</load_address>
         <run_address>0x70ce</run_address>
         <size>0x2a</size>
         <input_file_ref idref="fl-1a"/>
      </object_component>
      <object_component id="oc-223">
         <name>.text</name>
         <load_address>0x70f8</load_address>
         <run_address>0x70f8</run_address>
         <size>0x24</size>
         <input_file_ref idref="fl-4"/>
      </object_component>
      <object_component id="oc-2bf">
         <name>.text</name>
         <load_address>0x711c</load_address>
         <run_address>0x711c</run_address>
         <size>0x24</size>
         <input_file_ref idref="fl-e9"/>
      </object_component>
      <object_component id="oc-19d">
         <name>.text:UARTDisable</name>
         <load_address>0x7140</load_address>
         <run_address>0x7140</run_address>
         <size>0x20</size>
         <input_file_ref idref="fl-1f"/>
      </object_component>
      <object_component id="oc-127">
         <name>.text</name>
         <load_address>0x7160</load_address>
         <run_address>0x7160</run_address>
         <size>0x20</size>
         <input_file_ref idref="fl-f1"/>
      </object_component>
      <object_component id="oc-217">
         <name>.text:GPIOPinTypeGPIOOutput</name>
         <load_address>0x7180</load_address>
         <run_address>0x7180</run_address>
         <size>0x18</size>
         <input_file_ref idref="fl-1a"/>
      </object_component>
      <object_component id="oc-229">
         <name>.text:TimerDisable</name>
         <load_address>0x7198</load_address>
         <run_address>0x7198</run_address>
         <size>0x18</size>
         <input_file_ref idref="fl-1e"/>
      </object_component>
      <object_component id="oc-75">
         <name>.text</name>
         <load_address>0x71b0</load_address>
         <run_address>0x71b0</run_address>
         <size>0x18</size>
         <input_file_ref idref="fl-f3"/>
      </object_component>
      <object_component id="oc-320">
         <name>.text</name>
         <load_address>0x71c8</load_address>
         <run_address>0x71c8</run_address>
         <size>0x18</size>
         <input_file_ref idref="fl-e8"/>
      </object_component>
      <object_component id="oc-1a3">
         <name>.text:UARTEnable</name>
         <load_address>0x71e0</load_address>
         <run_address>0x71e0</run_address>
         <size>0x14</size>
         <input_file_ref idref="fl-1f"/>
      </object_component>
      <object_component id="oc-25e">
         <name>.text</name>
         <load_address>0x71f4</load_address>
         <run_address>0x71f4</run_address>
         <size>0x14</size>
         <input_file_ref idref="fl-f2"/>
      </object_component>
      <object_component id="oc-339">
         <name>.text:GPIOPinTypeGPIOInput</name>
         <load_address>0x7208</load_address>
         <run_address>0x7208</run_address>
         <size>0x12</size>
         <input_file_ref idref="fl-1a"/>
      </object_component>
      <object_component id="oc-c3">
         <name>.text:GPIOPinTypeUART</name>
         <load_address>0x721a</load_address>
         <run_address>0x721a</run_address>
         <size>0x12</size>
         <input_file_ref idref="fl-1a"/>
      </object_component>
      <object_component id="oc-10f">
         <name>.text:TimerLoadSet</name>
         <load_address>0x722c</load_address>
         <run_address>0x722c</run_address>
         <size>0x12</size>
         <input_file_ref idref="fl-1e"/>
      </object_component>
      <object_component id="oc-20b">
         <name>.text:FPULazyStackingEnable</name>
         <load_address>0x7240</load_address>
         <run_address>0x7240</run_address>
         <size>0x10</size>
         <input_file_ref idref="fl-19"/>
      </object_component>
      <object_component id="oc-121">
         <name>.text:IntMasterDisable</name>
         <load_address>0x7250</load_address>
         <run_address>0x7250</run_address>
         <size>0x10</size>
         <input_file_ref idref="fl-1b"/>
      </object_component>
      <object_component id="oc-b7">
         <name>.text:IntMasterEnable</name>
         <load_address>0x7260</load_address>
         <run_address>0x7260</run_address>
         <size>0x10</size>
         <input_file_ref idref="fl-1b"/>
      </object_component>
      <object_component id="oc-e1">
         <name>.text:TimerEnable</name>
         <load_address>0x7270</load_address>
         <run_address>0x7270</run_address>
         <size>0xe</size>
         <input_file_ref idref="fl-1e"/>
      </object_component>
      <object_component id="oc-92">
         <name>.text:UARTCharGetNonBlocking</name>
         <load_address>0x727e</load_address>
         <run_address>0x727e</run_address>
         <size>0xe</size>
         <input_file_ref idref="fl-1f"/>
      </object_component>
      <object_component id="oc-ab">
         <name>.text:UARTCharPutNonBlocking</name>
         <load_address>0x728c</load_address>
         <run_address>0x728c</run_address>
         <size>0xe</size>
         <input_file_ref idref="fl-1f"/>
      </object_component>
      <object_component id="oc-a5">
         <name>.text:UARTCharsAvail</name>
         <load_address>0x729a</load_address>
         <run_address>0x729a</run_address>
         <size>0xe</size>
         <input_file_ref idref="fl-1f"/>
      </object_component>
      <object_component id="oc-18">
         <name>.text:decompress:none</name>
         <load_address>0x72a8</load_address>
         <run_address>0x72a8</run_address>
         <size>0xe</size>
         <input_file_ref idref="fl-d8"/>
      </object_component>
      <object_component id="oc-1f0">
         <name>.text:CPUcpsid</name>
         <load_address>0x72b6</load_address>
         <run_address>0x72b6</run_address>
         <size>0xc</size>
         <input_file_ref idref="fl-20"/>
      </object_component>
      <object_component id="oc-185">
         <name>.text:CPUcpsie</name>
         <load_address>0x72c2</load_address>
         <run_address>0x72c2</run_address>
         <size>0xc</size>
         <input_file_ref idref="fl-20"/>
      </object_component>
      <object_component id="oc-1e">
         <name>.text:decompress:ZI</name>
         <load_address>0x72ce</load_address>
         <run_address>0x72ce</run_address>
         <size>0xc</size>
         <input_file_ref idref="fl-d9"/>
      </object_component>
      <object_component id="oc-2b">
         <name>.text</name>
         <load_address>0x72da</load_address>
         <run_address>0x72da</run_address>
         <size>0xc</size>
         <input_file_ref idref="fl-3"/>
      </object_component>
      <object_component id="oc-1ca">
         <name>.text:UARTCharGet</name>
         <load_address>0x72e6</load_address>
         <run_address>0x72e6</run_address>
         <size>0xa</size>
         <input_file_ref idref="fl-1f"/>
      </object_component>
      <object_component id="oc-1c4">
         <name>.text:UARTCharPut</name>
         <load_address>0x72f0</load_address>
         <run_address>0x72f0</run_address>
         <size>0xa</size>
         <input_file_ref idref="fl-1f"/>
      </object_component>
      <object_component id="oc-86">
         <name>.text:UARTIntStatus</name>
         <load_address>0x72fa</load_address>
         <run_address>0x72fa</run_address>
         <size>0xa</size>
         <input_file_ref idref="fl-1f"/>
      </object_component>
      <object_component id="oc-115">
         <name>.text:TimerIntEnable</name>
         <load_address>0x7304</load_address>
         <run_address>0x7304</run_address>
         <size>0x8</size>
         <input_file_ref idref="fl-1e"/>
      </object_component>
      <object_component id="oc-d5">
         <name>.text:UARTIntEnable</name>
         <load_address>0x730c</load_address>
         <run_address>0x730c</run_address>
         <size>0x8</size>
         <input_file_ref idref="fl-1f"/>
      </object_component>
      <object_component id="oc-22f">
         <name>.text:GPIOPinRead</name>
         <load_address>0x7314</load_address>
         <run_address>0x7314</run_address>
         <size>0x6</size>
         <input_file_ref idref="fl-1a"/>
      </object_component>
      <object_component id="oc-98">
         <name>.text:GPIOPinWrite</name>
         <load_address>0x731a</load_address>
         <run_address>0x731a</run_address>
         <size>0x6</size>
         <input_file_ref idref="fl-1a"/>
      </object_component>
      <object_component id="oc-a4">
         <name>.text:SysCtlDelay</name>
         <load_address>0x7320</load_address>
         <run_address>0x7320</run_address>
         <size>0x6</size>
         <input_file_ref idref="fl-1d"/>
      </object_component>
      <object_component id="oc-11b">
         <name>.text:TimerIntClear</name>
         <load_address>0x7326</load_address>
         <run_address>0x7326</run_address>
         <size>0x4</size>
         <input_file_ref idref="fl-1e"/>
      </object_component>
      <object_component id="oc-8c">
         <name>.text:UARTIntClear</name>
         <load_address>0x732a</load_address>
         <run_address>0x732a</run_address>
         <size>0x4</size>
         <input_file_ref idref="fl-1f"/>
      </object_component>
      <object_component id="oc-69">
         <name>.text</name>
         <load_address>0x732e</load_address>
         <run_address>0x732e</run_address>
         <size>0x4</size>
         <input_file_ref idref="fl-ed"/>
      </object_component>
      <object_component id="oc-311">
         <name>.const:.string:dmp_memory</name>
         <load_address>0x7338</load_address>
         <run_address>0x7338</run_address>
         <size>0xbf6</size>
         <input_file_ref idref="fl-6"/>
      </object_component>
      <object_component id="oc-30e">
         <name>.const</name>
         <load_address>0x7f2e</load_address>
         <run_address>0x7f2e</run_address>
         <size>0x2</size>
         <input_file_ref idref="fl-6"/>
      </object_component>
      <object_component id="oc-39b">
         <name>.const:$O1$$</name>
         <load_address>0x7f30</load_address>
         <run_address>0x7f30</run_address>
         <size>0x98</size>
         <input_file_ref idref="fl-ee"/>
      </object_component>
      <object_component id="oc-18c">
         <name>.const:g_pui32GPIOBaseAddrs</name>
         <load_address>0x7fc8</load_address>
         <run_address>0x7fc8</run_address>
         <size>0x90</size>
         <input_file_ref idref="fl-1a"/>
      </object_component>
      <object_component id="oc-1aa">
         <name>.const</name>
         <load_address>0x8058</load_address>
         <run_address>0x8058</run_address>
         <size>0x70</size>
         <input_file_ref idref="fl-1b"/>
      </object_component>
      <object_component id="oc-17d">
         <name>.const:g_pui32Xtals</name>
         <load_address>0x80c8</load_address>
         <run_address>0x80c8</run_address>
         <size>0x6c</size>
         <input_file_ref idref="fl-1d"/>
      </object_component>
      <object_component id="oc-2b7">
         <name>.const:test</name>
         <load_address>0x8134</load_address>
         <run_address>0x8134</run_address>
         <size>0x28</size>
         <input_file_ref idref="fl-5"/>
      </object_component>
      <object_component id="oc-2f6">
         <name>.const:reg</name>
         <load_address>0x815c</load_address>
         <run_address>0x815c</run_address>
         <size>0x1b</size>
         <input_file_ref idref="fl-5"/>
      </object_component>
      <object_component id="oc-294">
         <name>.const:.string</name>
         <load_address>0x8178</load_address>
         <run_address>0x8178</run_address>
         <size>0x12</size>
         <input_file_ref idref="fl-13"/>
      </object_component>
      <object_component id="oc-328">
         <name>.const:.string:$P$T4$5</name>
         <load_address>0x818a</load_address>
         <run_address>0x818a</run_address>
         <size>0xc</size>
         <input_file_ref idref="fl-6"/>
      </object_component>
      <object_component id="oc-1d6">
         <name>.const:g_ui32UARTBase</name>
         <load_address>0x8198</load_address>
         <run_address>0x8198</run_address>
         <size>0xc</size>
         <input_file_ref idref="fl-13"/>
      </object_component>
      <object_component id="oc-1d0">
         <name>.const:g_ui32UARTPeriph</name>
         <load_address>0x81a4</load_address>
         <run_address>0x81a4</run_address>
         <size>0xc</size>
         <input_file_ref idref="fl-13"/>
      </object_component>
      <object_component id="oc-2f9">
         <name>.const:hw</name>
         <load_address>0x81b0</load_address>
         <run_address>0x81b0</run_address>
         <size>0xc</size>
         <input_file_ref idref="fl-5"/>
      </object_component>
      <object_component id="oc-331">
         <name>.const:.string:$P$T7$8</name>
         <load_address>0x81bc</load_address>
         <run_address>0x81bc</run_address>
         <size>0xb</size>
         <input_file_ref idref="fl-6"/>
      </object_component>
      <object_component id="oc-334">
         <name>.const:.string:$P$T8$9</name>
         <load_address>0x81c7</load_address>
         <run_address>0x81c7</run_address>
         <size>0xb</size>
         <input_file_ref idref="fl-6"/>
      </object_component>
      <object_component id="oc-32b">
         <name>.const:.string:$P$T5$6</name>
         <load_address>0x81d2</load_address>
         <run_address>0x81d2</run_address>
         <size>0x9</size>
         <input_file_ref idref="fl-6"/>
      </object_component>
      <object_component id="oc-32e">
         <name>.const:.string:$P$T6$7</name>
         <load_address>0x81db</load_address>
         <run_address>0x81db</run_address>
         <size>0x9</size>
         <input_file_ref idref="fl-6"/>
      </object_component>
      <object_component id="oc-1de">
         <name>.const</name>
         <load_address>0x81e4</load_address>
         <run_address>0x81e4</run_address>
         <size>0x4</size>
         <input_file_ref idref="fl-13"/>
      </object_component>
      <object_component id="oc-314">
         <name>.const:.string:$P$T0$1</name>
         <load_address>0x81e8</load_address>
         <run_address>0x81e8</run_address>
         <size>0x3</size>
         <input_file_ref idref="fl-6"/>
      </object_component>
      <object_component id="oc-317">
         <name>.const:.string:$P$T1$2</name>
         <load_address>0x81eb</load_address>
         <run_address>0x81eb</run_address>
         <size>0x3</size>
         <input_file_ref idref="fl-6"/>
      </object_component>
      <object_component id="oc-31a">
         <name>.const:.string:$P$T2$3</name>
         <load_address>0x81ee</load_address>
         <run_address>0x81ee</run_address>
         <size>0x3</size>
         <input_file_ref idref="fl-6"/>
      </object_component>
      <object_component id="oc-31d">
         <name>.const:.string:$P$T3$4</name>
         <load_address>0x81f1</load_address>
         <run_address>0x81f1</run_address>
         <size>0x3</size>
         <input_file_ref idref="fl-6"/>
      </object_component>
      <object_component id="oc-3ca">
         <name>.cinit..data.load</name>
         <load_address>0x81f8</load_address>
         <run_address>0x81f8</run_address>
         <size>0x3f</size>
      </object_component>
      <object_component id="oc-3c8">
         <name>__TI_handler_table</name>
         <load_address>0x8238</load_address>
         <run_address>0x8238</run_address>
         <size>0xc</size>
      </object_component>
      <object_component id="oc-3cb">
         <name>.cinit..bss.load</name>
         <load_address>0x8248</load_address>
         <run_address>0x8248</run_address>
         <size>0x8</size>
      </object_component>
      <object_component id="oc-3c9">
         <name>__TI_cinit_table</name>
         <load_address>0x8250</load_address>
         <run_address>0x8250</run_address>
         <size>0x10</size>
      </object_component>
      <object_component id="oc-100">
         <name>.data</name>
         <load_address>0x20000250</load_address>
         <run_address>0x20000250</run_address>
         <size>0x10</size>
         <input_file_ref idref="fl-2"/>
      </object_component>
      <object_component id="oc-2b4">
         <name>.data:st</name>
         <load_address>0x20000200</load_address>
         <run_address>0x20000200</run_address>
         <size>0x2c</size>
         <input_file_ref idref="fl-5"/>
      </object_component>
      <object_component id="oc-2e2">
         <name>.data:gyro_orientation</name>
         <load_address>0x2000026c</load_address>
         <run_address>0x2000026c</run_address>
         <size>0x9</size>
         <input_file_ref idref="fl-5"/>
      </object_component>
      <object_component id="oc-325">
         <name>.data:dmp</name>
         <load_address>0x20000240</load_address>
         <run_address>0x20000240</run_address>
         <size>0x10</size>
         <input_file_ref idref="fl-6"/>
      </object_component>
      <object_component id="oc-fd">
         <name>.data</name>
         <load_address>0x2000022c</load_address>
         <run_address>0x2000022c</run_address>
         <size>0x14</size>
         <input_file_ref idref="fl-d"/>
      </object_component>
      <object_component id="oc-db">
         <name>.data</name>
         <load_address>0x20000278</load_address>
         <run_address>0x20000278</run_address>
         <size>0x9</size>
         <input_file_ref idref="fl-12"/>
      </object_component>
      <object_component id="oc-1d3">
         <name>.data</name>
         <load_address>0x2000028c</load_address>
         <run_address>0x2000028c</run_address>
         <size>0x5</size>
         <input_file_ref idref="fl-13"/>
      </object_component>
      <object_component id="oc-34b">
         <name>.data</name>
         <load_address>0x20000294</load_address>
         <run_address>0x20000294</run_address>
         <size>0x4</size>
         <input_file_ref idref="fl-dd"/>
      </object_component>
      <object_component id="oc-167">
         <name>.data:$O1$$</name>
         <load_address>0x20000260</load_address>
         <run_address>0x20000260</run_address>
         <size>0xc</size>
         <input_file_ref idref="fl-de"/>
      </object_component>
      <object_component id="oc-81">
         <name>.data</name>
         <load_address>0x20000298</load_address>
         <run_address>0x20000298</run_address>
         <size>0x4</size>
         <input_file_ref idref="fl-ef"/>
      </object_component>
      <object_component id="oc-16a">
         <name>.data:$O1$$</name>
         <load_address>0x20000284</load_address>
         <run_address>0x20000284</run_address>
         <size>0x8</size>
         <input_file_ref idref="fl-f2"/>
      </object_component>
      <object_component id="oc-24a">
         <name>.common:CharTable</name>
         <uninitialized>true</uninitialized>
         <run_address>0x200002bc</run_address>
         <size>0xc</size>
      </object_component>
      <object_component id="oc-247">
         <name>.common:CharNum</name>
         <uninitialized>true</uninitialized>
         <run_address>0x200002c8</run_address>
         <size>0x4</size>
      </object_component>
      <object_component id="oc-24e">
         <name>.common:aacx</name>
         <uninitialized>true</uninitialized>
         <run_address>0x200002d8</run_address>
         <size>0x2</size>
      </object_component>
      <object_component id="oc-24f">
         <name>.common:aacy</name>
         <uninitialized>true</uninitialized>
         <run_address>0x200002da</run_address>
         <size>0x2</size>
      </object_component>
      <object_component id="oc-250">
         <name>.common:aacz</name>
         <uninitialized>true</uninitialized>
         <run_address>0x200002dc</run_address>
         <size>0x2</size>
      </object_component>
      <object_component id="oc-251">
         <name>.common:gyrox</name>
         <uninitialized>true</uninitialized>
         <run_address>0x200002de</run_address>
         <size>0x2</size>
      </object_component>
      <object_component id="oc-252">
         <name>.common:gyroy</name>
         <uninitialized>true</uninitialized>
         <run_address>0x200002e0</run_address>
         <size>0x2</size>
      </object_component>
      <object_component id="oc-253">
         <name>.common:gyroz</name>
         <uninitialized>true</uninitialized>
         <run_address>0x200002e2</run_address>
         <size>0x2</size>
      </object_component>
      <object_component id="oc-24b">
         <name>.common:pitch</name>
         <uninitialized>true</uninitialized>
         <run_address>0x200002cc</run_address>
         <size>0x4</size>
      </object_component>
      <object_component id="oc-24c">
         <name>.common:roll</name>
         <uninitialized>true</uninitialized>
         <run_address>0x200002d0</run_address>
         <size>0x4</size>
      </object_component>
      <object_component id="oc-24d">
         <name>.common:yaw</name>
         <uninitialized>true</uninitialized>
         <run_address>0x200002d4</run_address>
         <size>0x4</size>
      </object_component>
      <object_component id="oc-de">
         <name>.common:ReciveData_UART0</name>
         <uninitialized>true</uninitialized>
         <run_address>0x2000029c</run_address>
         <size>0x10</size>
      </object_component>
      <object_component id="oc-fc">
         <name>.common:ReciveData_UART1</name>
         <uninitialized>true</uninitialized>
         <run_address>0x200002ac</run_address>
         <size>0x10</size>
      </object_component>
      <object_component id="oc-2a">
         <name>.stack</name>
         <uninitialized>true</uninitialized>
         <run_address>0x20000000</run_address>
         <size>0x0</size>
         <input_file_ref idref="fl-d6"/>
      </object_component>
      <object_component id="oc-3cc">
         <name>.stack</name>
         <uninitialized>true</uninitialized>
         <run_address>0x20000000</run_address>
         <size>0x0</size>
      </object_component>
      <object_component id="oc-248">
         <name>.debug_info</name>
         <load_address>0x0</load_address>
         <run_address>0x0</run_address>
         <size>0xa84</size>
         <input_file_ref idref="fl-2"/>
      </object_component>
      <object_component id="oc-101">
         <name>.debug_info</name>
         <load_address>0xa84</load_address>
         <run_address>0xa84</run_address>
         <size>0x157</size>
         <input_file_ref idref="fl-2"/>
      </object_component>
      <object_component id="oc-160">
         <name>.debug_info</name>
         <load_address>0xbdb</load_address>
         <run_address>0xbdb</run_address>
         <size>0x31d</size>
         <input_file_ref idref="fl-2"/>
      </object_component>
      <object_component id="oc-362">
         <name>.debug_info</name>
         <load_address>0xef8</load_address>
         <run_address>0xef8</run_address>
         <size>0xc8</size>
         <input_file_ref idref="fl-2"/>
      </object_component>
      <object_component id="oc-1b4">
         <name>.debug_info</name>
         <load_address>0xfc0</load_address>
         <run_address>0xfc0</run_address>
         <size>0x6bd</size>
         <input_file_ref idref="fl-2"/>
      </object_component>
      <object_component id="oc-173">
         <name>.debug_info</name>
         <load_address>0x167d</load_address>
         <run_address>0x167d</run_address>
         <size>0x8b</size>
         <input_file_ref idref="fl-2"/>
      </object_component>
      <object_component id="oc-104">
         <name>.debug_info</name>
         <load_address>0x1708</load_address>
         <run_address>0x1708</run_address>
         <size>0x18b</size>
         <input_file_ref idref="fl-2"/>
      </object_component>
      <object_component id="oc-1e3">
         <name>.debug_info</name>
         <load_address>0x1893</load_address>
         <run_address>0x1893</run_address>
         <size>0x4e</size>
         <input_file_ref idref="fl-2"/>
      </object_component>
      <object_component id="oc-3f">
         <name>.debug_info</name>
         <load_address>0x18e1</load_address>
         <run_address>0x18e1</run_address>
         <size>0x32a</size>
         <input_file_ref idref="fl-3"/>
      </object_component>
      <object_component id="oc-10">
         <name>.debug_info</name>
         <load_address>0x1c0b</load_address>
         <run_address>0x1c0b</run_address>
         <size>0xe1</size>
         <input_file_ref idref="fl-3"/>
      </object_component>
      <object_component id="oc-2e">
         <name>.debug_info</name>
         <load_address>0x1cec</load_address>
         <run_address>0x1cec</run_address>
         <size>0x25d</size>
         <input_file_ref idref="fl-3"/>
      </object_component>
      <object_component id="oc-46">
         <name>.debug_info</name>
         <load_address>0x1f49</load_address>
         <run_address>0x1f49</run_address>
         <size>0x84</size>
         <input_file_ref idref="fl-3"/>
      </object_component>
      <object_component id="oc-225">
         <name>.debug_info</name>
         <load_address>0x1fcd</load_address>
         <run_address>0x1fcd</run_address>
         <size>0x156</size>
         <input_file_ref idref="fl-4"/>
      </object_component>
      <object_component id="oc-2e6">
         <name>.debug_info</name>
         <load_address>0x2123</load_address>
         <run_address>0x2123</run_address>
         <size>0x784</size>
         <input_file_ref idref="fl-5"/>
      </object_component>
      <object_component id="oc-2f7">
         <name>.debug_info</name>
         <load_address>0x28a7</load_address>
         <run_address>0x28a7</run_address>
         <size>0xcc</size>
         <input_file_ref idref="fl-5"/>
      </object_component>
      <object_component id="oc-2fa">
         <name>.debug_info</name>
         <load_address>0x2973</load_address>
         <run_address>0x2973</run_address>
         <size>0xca</size>
         <input_file_ref idref="fl-5"/>
      </object_component>
      <object_component id="oc-2b8">
         <name>.debug_info</name>
         <load_address>0x2a3d</load_address>
         <run_address>0x2a3d</run_address>
         <size>0xce</size>
         <input_file_ref idref="fl-5"/>
      </object_component>
      <object_component id="oc-2b5">
         <name>.debug_info</name>
         <load_address>0x2b0b</load_address>
         <run_address>0x2b0b</run_address>
         <size>0xc9</size>
         <input_file_ref idref="fl-5"/>
      </object_component>
      <object_component id="oc-2e3">
         <name>.debug_info</name>
         <load_address>0x2bd4</load_address>
         <run_address>0x2bd4</run_address>
         <size>0xe5</size>
         <input_file_ref idref="fl-5"/>
      </object_component>
      <object_component id="oc-23c">
         <name>.debug_info</name>
         <load_address>0x2cb9</load_address>
         <run_address>0x2cb9</run_address>
         <size>0x3f56</size>
         <input_file_ref idref="fl-5"/>
      </object_component>
      <object_component id="oc-2fe">
         <name>.debug_info</name>
         <load_address>0x6c0f</load_address>
         <run_address>0x6c0f</run_address>
         <size>0x7d2</size>
         <input_file_ref idref="fl-5"/>
      </object_component>
      <object_component id="oc-338">
         <name>.debug_info</name>
         <load_address>0x73e1</load_address>
         <run_address>0x73e1</run_address>
         <size>0x621</size>
         <input_file_ref idref="fl-6"/>
      </object_component>
      <object_component id="oc-312">
         <name>.debug_info</name>
         <load_address>0x7a02</load_address>
         <run_address>0x7a02</run_address>
         <size>0xea</size>
         <input_file_ref idref="fl-6"/>
      </object_component>
      <object_component id="oc-30f">
         <name>.debug_info</name>
         <load_address>0x7aec</load_address>
         <run_address>0x7aec</run_address>
         <size>0xf1</size>
         <input_file_ref idref="fl-6"/>
      </object_component>
      <object_component id="oc-326">
         <name>.debug_info</name>
         <load_address>0x7bdd</load_address>
         <run_address>0x7bdd</run_address>
         <size>0xdd</size>
         <input_file_ref idref="fl-6"/>
      </object_component>
      <object_component id="oc-315">
         <name>.debug_info</name>
         <load_address>0x7cba</load_address>
         <run_address>0x7cba</run_address>
         <size>0xe5</size>
         <input_file_ref idref="fl-6"/>
      </object_component>
      <object_component id="oc-318">
         <name>.debug_info</name>
         <load_address>0x7d9f</load_address>
         <run_address>0x7d9f</run_address>
         <size>0xe5</size>
         <input_file_ref idref="fl-6"/>
      </object_component>
      <object_component id="oc-31b">
         <name>.debug_info</name>
         <load_address>0x7e84</load_address>
         <run_address>0x7e84</run_address>
         <size>0xe5</size>
         <input_file_ref idref="fl-6"/>
      </object_component>
      <object_component id="oc-31e">
         <name>.debug_info</name>
         <load_address>0x7f69</load_address>
         <run_address>0x7f69</run_address>
         <size>0xe5</size>
         <input_file_ref idref="fl-6"/>
      </object_component>
      <object_component id="oc-329">
         <name>.debug_info</name>
         <load_address>0x804e</load_address>
         <run_address>0x804e</run_address>
         <size>0xe5</size>
         <input_file_ref idref="fl-6"/>
      </object_component>
      <object_component id="oc-32c">
         <name>.debug_info</name>
         <load_address>0x8133</load_address>
         <run_address>0x8133</run_address>
         <size>0xe5</size>
         <input_file_ref idref="fl-6"/>
      </object_component>
      <object_component id="oc-32f">
         <name>.debug_info</name>
         <load_address>0x8218</load_address>
         <run_address>0x8218</run_address>
         <size>0xe5</size>
         <input_file_ref idref="fl-6"/>
      </object_component>
      <object_component id="oc-332">
         <name>.debug_info</name>
         <load_address>0x82fd</load_address>
         <run_address>0x82fd</run_address>
         <size>0xe5</size>
         <input_file_ref idref="fl-6"/>
      </object_component>
      <object_component id="oc-335">
         <name>.debug_info</name>
         <load_address>0x83e2</load_address>
         <run_address>0x83e2</run_address>
         <size>0xe5</size>
         <input_file_ref idref="fl-6"/>
      </object_component>
      <object_component id="oc-2c6">
         <name>.debug_info</name>
         <load_address>0x84c7</load_address>
         <run_address>0x84c7</run_address>
         <size>0x22fc</size>
         <input_file_ref idref="fl-6"/>
      </object_component>
      <object_component id="oc-382">
         <name>.debug_info</name>
         <load_address>0xa7c3</load_address>
         <run_address>0xa7c3</run_address>
         <size>0xac</size>
         <input_file_ref idref="fl-6"/>
      </object_component>
      <object_component id="oc-2cd">
         <name>.debug_info</name>
         <load_address>0xa86f</load_address>
         <run_address>0xa86f</run_address>
         <size>0x95b</size>
         <input_file_ref idref="fl-7"/>
      </object_component>
      <object_component id="oc-2ed">
         <name>.debug_info</name>
         <load_address>0xb1ca</load_address>
         <run_address>0xb1ca</run_address>
         <size>0x396</size>
         <input_file_ref idref="fl-8"/>
      </object_component>
      <object_component id="oc-242">
         <name>.debug_info</name>
         <load_address>0xb560</load_address>
         <run_address>0xb560</run_address>
         <size>0x8ad</size>
         <input_file_ref idref="fl-8"/>
      </object_component>
      <object_component id="oc-2f5">
         <name>.debug_info</name>
         <load_address>0xbe0d</load_address>
         <run_address>0xbe0d</run_address>
         <size>0x312</size>
         <input_file_ref idref="fl-9"/>
      </object_component>
      <object_component id="oc-2b1">
         <name>.debug_info</name>
         <load_address>0xc11f</load_address>
         <run_address>0xc11f</run_address>
         <size>0x751</size>
         <input_file_ref idref="fl-9"/>
      </object_component>
      <object_component id="oc-21e">
         <name>.debug_info</name>
         <load_address>0xc870</load_address>
         <run_address>0xc870</run_address>
         <size>0x3e4</size>
         <input_file_ref idref="fl-b"/>
      </object_component>
      <object_component id="oc-fe">
         <name>.debug_info</name>
         <load_address>0xcc54</load_address>
         <run_address>0xcc54</run_address>
         <size>0x15a</size>
         <input_file_ref idref="fl-d"/>
      </object_component>
      <object_component id="oc-38">
         <name>.debug_info</name>
         <load_address>0xcdae</load_address>
         <run_address>0xcdae</run_address>
         <size>0x430</size>
         <input_file_ref idref="fl-d"/>
      </object_component>
      <object_component id="oc-236">
         <name>.debug_info</name>
         <load_address>0xd1de</load_address>
         <run_address>0xd1de</run_address>
         <size>0x1d1</size>
         <input_file_ref idref="fl-f"/>
      </object_component>
      <object_component id="oc-df">
         <name>.debug_info</name>
         <load_address>0xd3af</load_address>
         <run_address>0xd3af</run_address>
         <size>0x989</size>
         <input_file_ref idref="fl-12"/>
      </object_component>
      <object_component id="oc-dc">
         <name>.debug_info</name>
         <load_address>0xdd38</load_address>
         <run_address>0xdd38</run_address>
         <size>0x1ce</size>
         <input_file_ref idref="fl-12"/>
      </object_component>
      <object_component id="oc-32">
         <name>.debug_info</name>
         <load_address>0xdf06</load_address>
         <run_address>0xdf06</run_address>
         <size>0x885</size>
         <input_file_ref idref="fl-12"/>
      </object_component>
      <object_component id="oc-1e2">
         <name>.debug_info</name>
         <load_address>0xe78b</load_address>
         <run_address>0xe78b</run_address>
         <size>0x3cf</size>
         <input_file_ref idref="fl-13"/>
      </object_component>
      <object_component id="oc-1d4">
         <name>.debug_info</name>
         <load_address>0xeb5a</load_address>
         <run_address>0xeb5a</run_address>
         <size>0xd2</size>
         <input_file_ref idref="fl-13"/>
      </object_component>
      <object_component id="oc-1df">
         <name>.debug_info</name>
         <load_address>0xec2c</load_address>
         <run_address>0xec2c</run_address>
         <size>0xcc</size>
         <input_file_ref idref="fl-13"/>
      </object_component>
      <object_component id="oc-1d7">
         <name>.debug_info</name>
         <load_address>0xecf8</load_address>
         <run_address>0xecf8</run_address>
         <size>0xda</size>
         <input_file_ref idref="fl-13"/>
      </object_component>
      <object_component id="oc-1d1">
         <name>.debug_info</name>
         <load_address>0xedd2</load_address>
         <run_address>0xedd2</run_address>
         <size>0xde</size>
         <input_file_ref idref="fl-13"/>
      </object_component>
      <object_component id="oc-f7">
         <name>.debug_info</name>
         <load_address>0xeeb0</load_address>
         <run_address>0xeeb0</run_address>
         <size>0x7b7</size>
         <input_file_ref idref="fl-13"/>
      </object_component>
      <object_component id="oc-20c">
         <name>.debug_info</name>
         <load_address>0xf667</load_address>
         <run_address>0xf667</run_address>
         <size>0x225</size>
         <input_file_ref idref="fl-19"/>
      </object_component>
      <object_component id="oc-17c">
         <name>.debug_info</name>
         <load_address>0xf88c</load_address>
         <run_address>0xf88c</run_address>
         <size>0x240</size>
         <input_file_ref idref="fl-1a"/>
      </object_component>
      <object_component id="oc-18d">
         <name>.debug_info</name>
         <load_address>0xfacc</load_address>
         <run_address>0xfacc</run_address>
         <size>0x15b</size>
         <input_file_ref idref="fl-1a"/>
      </object_component>
      <object_component id="oc-99">
         <name>.debug_info</name>
         <load_address>0xfc27</load_address>
         <run_address>0xfc27</run_address>
         <size>0x2a3</size>
         <input_file_ref idref="fl-1a"/>
      </object_component>
      <object_component id="oc-191">
         <name>.debug_info</name>
         <load_address>0xfeca</load_address>
         <run_address>0xfeca</run_address>
         <size>0x2b3</size>
         <input_file_ref idref="fl-1a"/>
      </object_component>
      <object_component id="oc-197">
         <name>.debug_info</name>
         <load_address>0x1017d</load_address>
         <run_address>0x1017d</run_address>
         <size>0x316</size>
         <input_file_ref idref="fl-1a"/>
      </object_component>
      <object_component id="oc-c4">
         <name>.debug_info</name>
         <load_address>0x10493</load_address>
         <run_address>0x10493</run_address>
         <size>0x27b</size>
         <input_file_ref idref="fl-1a"/>
      </object_component>
      <object_component id="oc-218">
         <name>.debug_info</name>
         <load_address>0x1070e</load_address>
         <run_address>0x1070e</run_address>
         <size>0x2b7</size>
         <input_file_ref idref="fl-1a"/>
      </object_component>
      <object_component id="oc-33a">
         <name>.debug_info</name>
         <load_address>0x109c5</load_address>
         <run_address>0x109c5</run_address>
         <size>0x285</size>
         <input_file_ref idref="fl-1a"/>
      </object_component>
      <object_component id="oc-230">
         <name>.debug_info</name>
         <load_address>0x10c4a</load_address>
         <run_address>0x10c4a</run_address>
         <size>0x27b</size>
         <input_file_ref idref="fl-1a"/>
      </object_component>
      <object_component id="oc-be">
         <name>.debug_info</name>
         <load_address>0x10ec5</load_address>
         <run_address>0x10ec5</run_address>
         <size>0x280</size>
         <input_file_ref idref="fl-1a"/>
      </object_component>
      <object_component id="oc-1ae">
         <name>.debug_info</name>
         <load_address>0x11145</load_address>
         <run_address>0x11145</run_address>
         <size>0x20e</size>
         <input_file_ref idref="fl-1b"/>
      </object_component>
      <object_component id="oc-1ab">
         <name>.debug_info</name>
         <load_address>0x11353</load_address>
         <run_address>0x11353</run_address>
         <size>0x210</size>
         <input_file_ref idref="fl-1b"/>
      </object_component>
      <object_component id="oc-b8">
         <name>.debug_info</name>
         <load_address>0x11563</load_address>
         <run_address>0x11563</run_address>
         <size>0x23e</size>
         <input_file_ref idref="fl-1b"/>
      </object_component>
      <object_component id="oc-122">
         <name>.debug_info</name>
         <load_address>0x117a1</load_address>
         <run_address>0x117a1</run_address>
         <size>0x240</size>
         <input_file_ref idref="fl-1b"/>
      </object_component>
      <object_component id="oc-d0">
         <name>.debug_info</name>
         <load_address>0x119e1</load_address>
         <run_address>0x119e1</run_address>
         <size>0x268</size>
         <input_file_ref idref="fl-1b"/>
      </object_component>
      <object_component id="oc-184">
         <name>.debug_info</name>
         <load_address>0x11c49</load_address>
         <run_address>0x11c49</run_address>
         <size>0x298</size>
         <input_file_ref idref="fl-1d"/>
      </object_component>
      <object_component id="oc-17e">
         <name>.debug_info</name>
         <load_address>0x11ee1</load_address>
         <run_address>0x11ee1</run_address>
         <size>0x14d</size>
         <input_file_ref idref="fl-1d"/>
      </object_component>
      <object_component id="oc-1c0">
         <name>.debug_info</name>
         <load_address>0x1202e</load_address>
         <run_address>0x1202e</run_address>
         <size>0x283</size>
         <input_file_ref idref="fl-1d"/>
      </object_component>
      <object_component id="oc-b2">
         <name>.debug_info</name>
         <load_address>0x122b1</load_address>
         <run_address>0x122b1</run_address>
         <size>0x27d</size>
         <input_file_ref idref="fl-1d"/>
      </object_component>
      <object_component id="oc-212">
         <name>.debug_info</name>
         <load_address>0x1252e</load_address>
         <run_address>0x1252e</run_address>
         <size>0x2db</size>
         <input_file_ref idref="fl-1d"/>
      </object_component>
      <object_component id="oc-9f">
         <name>.debug_info</name>
         <load_address>0x12809</load_address>
         <run_address>0x12809</run_address>
         <size>0x2b5</size>
         <input_file_ref idref="fl-1d"/>
      </object_component>
      <object_component id="oc-272">
         <name>.debug_info</name>
         <load_address>0x12abe</load_address>
         <run_address>0x12abe</run_address>
         <size>0x5f</size>
         <input_file_ref idref="fl-1d"/>
      </object_component>
      <object_component id="oc-1ba">
         <name>.debug_info</name>
         <load_address>0x12b1d</load_address>
         <run_address>0x12b1d</run_address>
         <size>0x223</size>
         <input_file_ref idref="fl-1e"/>
      </object_component>
      <object_component id="oc-110">
         <name>.debug_info</name>
         <load_address>0x12d40</load_address>
         <run_address>0x12d40</run_address>
         <size>0x2ba</size>
         <input_file_ref idref="fl-1e"/>
      </object_component>
      <object_component id="oc-116">
         <name>.debug_info</name>
         <load_address>0x12ffa</load_address>
         <run_address>0x12ffa</run_address>
         <size>0x294</size>
         <input_file_ref idref="fl-1e"/>
      </object_component>
      <object_component id="oc-11c">
         <name>.debug_info</name>
         <load_address>0x1328e</load_address>
         <run_address>0x1328e</run_address>
         <size>0x292</size>
         <input_file_ref idref="fl-1e"/>
      </object_component>
      <object_component id="oc-e2">
         <name>.debug_info</name>
         <load_address>0x13520</load_address>
         <run_address>0x13520</run_address>
         <size>0x27f</size>
         <input_file_ref idref="fl-1e"/>
      </object_component>
      <object_component id="oc-22a">
         <name>.debug_info</name>
         <load_address>0x1379f</load_address>
         <run_address>0x1379f</run_address>
         <size>0x281</size>
         <input_file_ref idref="fl-1e"/>
      </object_component>
      <object_component id="oc-10a">
         <name>.debug_info</name>
         <load_address>0x13a20</load_address>
         <run_address>0x13a20</run_address>
         <size>0x28c</size>
         <input_file_ref idref="fl-1e"/>
      </object_component>
      <object_component id="oc-178">
         <name>.debug_info</name>
         <load_address>0x13cac</load_address>
         <run_address>0x13cac</run_address>
         <size>0x227</size>
         <input_file_ref idref="fl-1f"/>
      </object_component>
      <object_component id="oc-8a">
         <name>.debug_info</name>
         <load_address>0x13ed3</load_address>
         <run_address>0x13ed3</run_address>
         <size>0x27f</size>
         <input_file_ref idref="fl-1f"/>
      </object_component>
      <object_component id="oc-d9">
         <name>.debug_info</name>
         <load_address>0x14152</load_address>
         <run_address>0x14152</run_address>
         <size>0x28f</size>
         <input_file_ref idref="fl-1f"/>
      </object_component>
      <object_component id="oc-90">
         <name>.debug_info</name>
         <load_address>0x143e1</load_address>
         <run_address>0x143e1</run_address>
         <size>0x28d</size>
         <input_file_ref idref="fl-1f"/>
      </object_component>
      <object_component id="oc-1a6">
         <name>.debug_info</name>
         <load_address>0x1466e</load_address>
         <run_address>0x1466e</run_address>
         <size>0x247</size>
         <input_file_ref idref="fl-1f"/>
      </object_component>
      <object_component id="oc-1a0">
         <name>.debug_info</name>
         <load_address>0x148b5</load_address>
         <run_address>0x148b5</run_address>
         <size>0x249</size>
         <input_file_ref idref="fl-1f"/>
      </object_component>
      <object_component id="oc-cc">
         <name>.debug_info</name>
         <load_address>0x14afe</load_address>
         <run_address>0x14afe</run_address>
         <size>0x326</size>
         <input_file_ref idref="fl-1f"/>
      </object_component>
      <object_component id="oc-a7">
         <name>.debug_info</name>
         <load_address>0x14e24</load_address>
         <run_address>0x14e24</run_address>
         <size>0x253</size>
         <input_file_ref idref="fl-1f"/>
      </object_component>
      <object_component id="oc-ad">
         <name>.debug_info</name>
         <load_address>0x15077</load_address>
         <run_address>0x15077</run_address>
         <size>0x28d</size>
         <input_file_ref idref="fl-1f"/>
      </object_component>
      <object_component id="oc-1c6">
         <name>.debug_info</name>
         <load_address>0x15304</load_address>
         <run_address>0x15304</run_address>
         <size>0x273</size>
         <input_file_ref idref="fl-1f"/>
      </object_component>
      <object_component id="oc-94">
         <name>.debug_info</name>
         <load_address>0x15577</load_address>
         <run_address>0x15577</run_address>
         <size>0x263</size>
         <input_file_ref idref="fl-1f"/>
      </object_component>
      <object_component id="oc-1cc">
         <name>.debug_info</name>
         <load_address>0x157da</load_address>
         <run_address>0x157da</run_address>
         <size>0x24d</size>
         <input_file_ref idref="fl-1f"/>
      </object_component>
      <object_component id="oc-186">
         <name>.debug_info</name>
         <load_address>0x15a27</load_address>
         <run_address>0x15a27</run_address>
         <size>0x212</size>
         <input_file_ref idref="fl-20"/>
      </object_component>
      <object_component id="oc-1f3">
         <name>.debug_info</name>
         <load_address>0x15c39</load_address>
         <run_address>0x15c39</run_address>
         <size>0x20f</size>
         <input_file_ref idref="fl-20"/>
      </object_component>
      <object_component id="oc-27">
         <name>.debug_info</name>
         <load_address>0x15e48</load_address>
         <run_address>0x15e48</run_address>
         <size>0x160</size>
         <input_file_ref idref="fl-d6"/>
      </object_component>
      <object_component id="oc-13e">
         <name>.debug_info</name>
         <load_address>0x15fa8</load_address>
         <run_address>0x15fa8</run_address>
         <size>0x293</size>
         <input_file_ref idref="fl-d7"/>
      </object_component>
      <object_component id="oc-14">
         <name>.debug_info</name>
         <load_address>0x1623b</load_address>
         <run_address>0x1623b</run_address>
         <size>0x245</size>
         <input_file_ref idref="fl-d7"/>
      </object_component>
      <object_component id="oc-41">
         <name>.debug_info</name>
         <load_address>0x16480</load_address>
         <run_address>0x16480</run_address>
         <size>0x60</size>
         <input_file_ref idref="fl-d7"/>
      </object_component>
      <object_component id="oc-139">
         <name>.debug_info</name>
         <load_address>0x164e0</load_address>
         <run_address>0x164e0</run_address>
         <size>0x46</size>
         <input_file_ref idref="fl-d7"/>
      </object_component>
      <object_component id="oc-56">
         <name>.debug_info</name>
         <load_address>0x16526</load_address>
         <run_address>0x16526</run_address>
         <size>0x2da</size>
         <input_file_ref idref="fl-d8"/>
      </object_component>
      <object_component id="oc-1c">
         <name>.debug_info</name>
         <load_address>0x16800</load_address>
         <run_address>0x16800</run_address>
         <size>0x1df</size>
         <input_file_ref idref="fl-d8"/>
      </object_component>
      <object_component id="oc-51">
         <name>.debug_info</name>
         <load_address>0x169df</load_address>
         <run_address>0x169df</run_address>
         <size>0x46</size>
         <input_file_ref idref="fl-d8"/>
      </object_component>
      <object_component id="oc-140">
         <name>.debug_info</name>
         <load_address>0x16a25</load_address>
         <run_address>0x16a25</run_address>
         <size>0x2c</size>
         <input_file_ref idref="fl-d8"/>
      </object_component>
      <object_component id="oc-62">
         <name>.debug_info</name>
         <load_address>0x16a51</load_address>
         <run_address>0x16a51</run_address>
         <size>0x2c9</size>
         <input_file_ref idref="fl-d9"/>
      </object_component>
      <object_component id="oc-20">
         <name>.debug_info</name>
         <load_address>0x16d1a</load_address>
         <run_address>0x16d1a</run_address>
         <size>0x1aa</size>
         <input_file_ref idref="fl-d9"/>
      </object_component>
      <object_component id="oc-5d">
         <name>.debug_info</name>
         <load_address>0x16ec4</load_address>
         <run_address>0x16ec4</run_address>
         <size>0x46</size>
         <input_file_ref idref="fl-d9"/>
      </object_component>
      <object_component id="oc-148">
         <name>.debug_info</name>
         <load_address>0x16f0a</load_address>
         <run_address>0x16f0a</run_address>
         <size>0x2c</size>
         <input_file_ref idref="fl-d9"/>
      </object_component>
      <object_component id="oc-34f">
         <name>.debug_info</name>
         <load_address>0x16f36</load_address>
         <run_address>0x16f36</run_address>
         <size>0x321</size>
         <input_file_ref idref="fl-da"/>
      </object_component>
      <object_component id="oc-2d3">
         <name>.debug_info</name>
         <load_address>0x17257</load_address>
         <run_address>0x17257</run_address>
         <size>0x685</size>
         <input_file_ref idref="fl-da"/>
      </object_component>
      <object_component id="oc-350">
         <name>.debug_info</name>
         <load_address>0x178dc</load_address>
         <run_address>0x178dc</run_address>
         <size>0x39</size>
         <input_file_ref idref="fl-da"/>
      </object_component>
      <object_component id="oc-35d">
         <name>.debug_info</name>
         <load_address>0x17915</load_address>
         <run_address>0x17915</run_address>
         <size>0x2ea</size>
         <input_file_ref idref="fl-db"/>
      </object_component>
      <object_component id="oc-2dd">
[...]
      </symbol>
      <symbol id="sm-587">
         <name>Beep_Fre</name>
         <value>0x2000023c</value>
         <object_component_ref idref="oc-fd"/>
      </symbol>
      <symbol id="sm-588">
         <name>Timer0IntHandler</name>
         <value>0x5b3d</value>
         <object_component_ref idref="oc-37"/>
      </symbol>
      <symbol id="sm-589">
         <name>Timer1IntHandler</name>
         <value>0x5c17</value>
         <object_component_ref idref="oc-37"/>
      </symbol>
      <symbol id="sm-597">
         <name>delay_us</name>
         <value>0x7017</value>
         <object_component_ref idref="oc-235"/>
      </symbol>
      <symbol id="sm-598">
         <name>delay_ms</name>
         <value>0x6ffd</value>
         <object_component_ref idref="oc-235"/>
      </symbol>
      <symbol id="sm-5f7">
         <name>ReciveData_UART0</name>
         <value>0x2000029c</value>
      </symbol>
      <symbol id="sm-5f8">
         <name>ReciveData_UART1</name>
         <value>0x200002ac</value>
      </symbol>
      <symbol id="sm-5f9">
         <name>MotorOrderDirection</name>
         <value>0x2000027a</value>
         <object_component_ref idref="oc-db"/>
      </symbol>
      <symbol id="sm-5fa">
         <name>CountBan_tem</name>
         <value>0x2000027c</value>
         <object_component_ref idref="oc-db"/>
      </symbol>
      <symbol id="sm-5fb">
         <name>UART1IntHandler</name>
         <value>0x4849</value>
         <object_component_ref idref="oc-31"/>
      </symbol>
      <symbol id="sm-5fc">
         <name>Uart1Iint</name>
         <value>0x4b01</value>
         <object_component_ref idref="oc-31"/>
      </symbol>
      <symbol id="sm-5fd">
         <name>Uart0Iint</name>
         <value>0x47e9</value>
         <object_component_ref idref="oc-31"/>
      </symbol>
      <symbol id="sm-5fe">
         <name>Swap</name>
         <value>0x20000280</value>
         <object_component_ref idref="oc-db"/>
      </symbol>
      <symbol id="sm-5ff">
         <name>UART1Send</name>
         <value>0x4abd</value>
         <object_component_ref idref="oc-31"/>
      </symbol>
      <symbol id="sm-600">
         <name>UART0Send</name>
         <value>0x47c1</value>
         <object_component_ref idref="oc-31"/>
      </symbol>
      <symbol id="sm-601">
         <name>ReciveData_i_UART1</name>
         <value>0x20000279</value>
         <object_component_ref idref="oc-db"/>
      </symbol>
      <symbol id="sm-602">
         <name>ReciveData_i_UART0</name>
         <value>0x20000278</value>
         <object_component_ref idref="oc-db"/>
      </symbol>
      <symbol id="sm-603">
         <name>UARTIntHandler</name>
         <value>0x4755</value>
         <object_component_ref idref="oc-31"/>
      </symbol>
      <symbol id="sm-604">
         <name>MotorOrderDisplacement</name>
         <value>0x2000027b</value>
         <object_component_ref idref="oc-db"/>
      </symbol>
      <symbol id="sm-673">
         <name>UARTgetc</name>
         <value>0x43ff</value>
         <object_component_ref idref="oc-f6"/>
      </symbol>
      <symbol id="sm-674">
         <name>UARTgets</name>
         <value>0x4345</value>
         <object_component_ref idref="oc-f6"/>
      </symbol>
      <symbol id="sm-675">
         <name>UARTStdioConfig</name>
         <value>0x42b9</value>
         <object_component_ref idref="oc-f6"/>
      </symbol>
      <symbol id="sm-676">
         <name>UARTwrite</name>
         <value>0x42ff</value>
         <object_component_ref idref="oc-f6"/>
      </symbol>
      <symbol id="sm-677">
         <name>UARTprintf</name>
         <value>0x471f</value>
         <object_component_ref idref="oc-f6"/>
      </symbol>
      <symbol id="sm-678">
         <name>UARTvprintf</name>
         <value>0x4425</value>
         <object_component_ref idref="oc-f6"/>
      </symbol>
      <symbol id="sm-684">
         <name>FPULazyStackingEnable</name>
         <value>0x7241</value>
         <object_component_ref idref="oc-20b"/>
      </symbol>
      <symbol id="sm-6d6">
         <name>GPIOPinConfigure</name>
         <value>0x6ead</value>
         <object_component_ref idref="oc-bd"/>
      </symbol>
      <symbol id="sm-6d7">
         <name>GPIOPinTypeGPIOInput</name>
         <value>0x7209</value>
         <object_component_ref idref="oc-339"/>
      </symbol>
      <symbol id="sm-6d8">
         <name>GPIOPinTypeUART</name>
         <value>0x721b</value>
         <object_component_ref idref="oc-c3"/>
      </symbol>
      <symbol id="sm-6d9">
         <name>GPIOPinTypeGPIOOutput</name>
         <value>0x7181</value>
         <object_component_ref idref="oc-217"/>
      </symbol>
      <symbol id="sm-6da">
         <name>GPIOPinRead</name>
         <value>0x7315</value>
         <object_component_ref idref="oc-22f"/>
      </symbol>
      <symbol id="sm-6db">
         <name>GPIODirModeSet</name>
         <value>0x70cf</value>
         <object_component_ref idref="oc-190"/>
      </symbol>
      <symbol id="sm-6dc">
         <name>GPIOPinWrite</name>
         <value>0x731b</value>
         <object_component_ref idref="oc-98"/>
      </symbol>
      <symbol id="sm-6dd">
         <name>GPIOPadConfigSet</name>
         <value>0x65db</value>
         <object_component_ref idref="oc-196"/>
      </symbol>
      <symbol id="sm-716">
         <name>IntEnable</name>
         <value>0x6c89</value>
         <object_component_ref idref="oc-cf"/>
      </symbol>
      <symbol id="sm-717">
         <name>IntMasterDisable</name>
         <value>0x7251</value>
         <object_component_ref idref="oc-121"/>
      </symbol>
      <symbol id="sm-718">
         <name>IntMasterEnable</name>
         <value>0x7261</value>
         <object_component_ref idref="oc-b7"/>
      </symbol>
      <symbol id="sm-776">
         <name>SysCtlPeripheralPresent</name>
         <value>0x6fc5</value>
         <object_component_ref idref="oc-1be"/>
      </symbol>
      <symbol id="sm-777">
         <name>SysCtlClockSet</name>
         <value>0x6919</value>
         <object_component_ref idref="oc-211"/>
      </symbol>
      <symbol id="sm-778">
         <name>SysCtlDelay</name>
         <value>0x7321</value>
         <object_component_ref idref="oc-a4"/>
      </symbol>
      <symbol id="sm-779">
         <name>SysCtlPeripheralEnable</name>
         <value>0x706d</value>
         <object_component_ref idref="oc-b1"/>
      </symbol>
      <symbol id="sm-77a">
         <name>SysCtlClockGet</name>
         <value>0x670d</value>
         <object_component_ref idref="oc-9e"/>
      </symbol>
      <symbol id="sm-7b8">
         <name>TimerLoadSet</name>
         <value>0x722d</value>
         <object_component_ref idref="oc-10f"/>
      </symbol>
      <symbol id="sm-7b9">
         <name>TimerDisable</name>
         <value>0x7199</value>
         <object_component_ref idref="oc-229"/>
      </symbol>
      <symbol id="sm-7ba">
         <name>TimerEnable</name>
         <value>0x7271</value>
         <object_component_ref idref="oc-e1"/>
      </symbol>
      <symbol id="sm-7bb">
         <name>TimerIntEnable</name>
         <value>0x7305</value>
         <object_component_ref idref="oc-115"/>
      </symbol>
      <symbol id="sm-7bc">
         <name>TimerConfigure</name>
         <value>0x6d59</value>
         <object_component_ref idref="oc-109"/>
      </symbol>
      <symbol id="sm-7bd">
         <name>TimerIntClear</name>
         <value>0x7327</value>
         <object_component_ref idref="oc-11b"/>
      </symbol>
      <symbol id="sm-820">
         <name>UARTCharPutNonBlocking</name>
         <value>0x728d</value>
         <object_component_ref idref="oc-ab"/>
      </symbol>
      <symbol id="sm-821">
         <name>UARTConfigSetExpClk</name>
         <value>0x6f3d</value>
         <object_component_ref idref="oc-c9"/>
      </symbol>
      <symbol id="sm-822">
         <name>UARTDisable</name>
         <value>0x7141</value>
         <object_component_ref idref="oc-19d"/>
      </symbol>
      <symbol id="sm-823">
         <name>UARTIntEnable</name>
         <value>0x730d</value>
         <object_component_ref idref="oc-d5"/>
      </symbol>
      <symbol id="sm-824">
         <name>UARTCharsAvail</name>
         <value>0x729b</value>
         <object_component_ref idref="oc-a5"/>
      </symbol>
      <symbol id="sm-825">
         <name>UARTCharGetNonBlocking</name>
         <value>0x727f</value>
         <object_component_ref idref="oc-92"/>
      </symbol>
      <symbol id="sm-826">
         <name>UARTCharPut</name>
         <value>0x72f1</value>
         <object_component_ref idref="oc-1c4"/>
      </symbol>
      <symbol id="sm-827">
         <name>UARTEnable</name>
         <value>0x71e1</value>
         <object_component_ref idref="oc-1a3"/>
      </symbol>
      <symbol id="sm-828">
         <name>UARTIntClear</name>
         <value>0x732b</value>
         <object_component_ref idref="oc-8c"/>
      </symbol>
      <symbol id="sm-829">
         <name>UARTIntStatus</name>
         <value>0x72fb</value>
         <object_component_ref idref="oc-86"/>
      </symbol>
      <symbol id="sm-82a">
         <name>UARTCharGet</name>
         <value>0x72e7</value>
         <object_component_ref idref="oc-1ca"/>
      </symbol>
      <symbol id="sm-83c">
         <name>CPUcpsie</name>
         <value>0x72c3</value>
         <object_component_ref idref="oc-185"/>
      </symbol>
      <symbol id="sm-83d">
         <name>CPUcpsid</name>
         <value>0x72b7</value>
         <object_component_ref idref="oc-1f0"/>
      </symbol>
      <symbol id="sm-84e">
         <name>_c_int00</name>
         <value>0x6db9</value>
         <object_component_ref idref="oc-24"/>
      </symbol>
      <symbol id="sm-84f">
         <name>__stack</name>
         <value>0x20000000</value>
         <object_component_ref idref="oc-2a"/>
      </symbol>
      <symbol id="sm-86d">
         <name>__TI_decompress_lzss</name>
         <value>0x6cf1</value>
         <object_component_ref idref="oc-12"/>
      </symbol>
      <symbol id="sm-884">
         <name>__TI_decompress_none</name>
         <value>0x72a9</value>
         <object_component_ref idref="oc-18"/>
      </symbol>
      <symbol id="sm-89b">
         <name>__TI_zero_init</name>
         <value>0x72cf</value>
         <object_component_ref idref="oc-1e"/>
      </symbol>
      <symbol id="sm-8cf">
         <name>asinl</name>
         <value>0x4bdd</value>
         <object_component_ref idref="oc-2d1"/>
      </symbol>
      <symbol id="sm-8d0">
         <name>asin</name>
         <value>0x4bdd</value>
         <object_component_ref idref="oc-2d1"/>
      </symbol>
      <symbol id="sm-90a">
         <name>atan2</name>
         <value>0x5cc5</value>
         <object_component_ref idref="oc-2dc"/>
      </symbol>
      <symbol id="sm-90b">
         <name>atan2l</name>
         <value>0x5cc5</value>
         <object_component_ref idref="oc-2dc"/>
      </symbol>
      <symbol id="sm-92f">
         <name>sqrtl</name>
         <value>0x61fd</value>
         <object_component_ref idref="oc-340"/>
      </symbol>
      <symbol id="sm-930">
         <name>sqrt</name>
         <value>0x61fd</value>
         <object_component_ref idref="oc-340"/>
      </symbol>
      <symbol id="sm-938">
         <name>errno</name>
         <value>0x20000294</value>
         <object_component_ref idref="oc-34b"/>
      </symbol>
      <symbol id="sm-959">
         <name>C$$EXIT</name>
         <value>0x6e0d</value>
         <object_component_ref idref="oc-7b"/>
      </symbol>
      <symbol id="sm-95a">
         <name>abort</name>
         <value>0x6e11</value>
         <object_component_ref idref="oc-7b"/>
      </symbol>
      <symbol id="sm-95b">
         <name>exit</name>
         <value>0x6e19</value>
         <object_component_ref idref="oc-7b"/>
      </symbol>
      <symbol id="sm-95c">
         <name>__TI_dtors_ptr</name>
         <value>0x20000264</value>
         <object_component_ref idref="oc-167"/>
      </symbol>
      <symbol id="sm-95d">
         <name>__TI_cleanup_ptr</name>
         <value>0x20000260</value>
         <object_component_ref idref="oc-167"/>
      </symbol>
      <symbol id="sm-95e">
         <name>__TI_enable_exit_profile_output</name>
         <value>0x20000268</value>
         <object_component_ref idref="oc-167"/>
      </symbol>
      <symbol id="sm-975">
         <name>__aeabi_dsub</name>
         <value>0x5eb1</value>
         <object_component_ref idref="oc-ec"/>
      </symbol>
      <symbol id="sm-976">
         <name>__aeabi_dadd</name>
         <value>0x5ebb</value>
         <object_component_ref idref="oc-ec"/>
      </symbol>
      <symbol id="sm-988">
         <name>__aeabi_cdrcmple</name>
         <value>0x6aa9</value>
         <object_component_ref idref="oc-346"/>
      </symbol>
      <symbol id="sm-99c">
         <name>__aeabi_ddiv</name>
         <value>0x64a5</value>
         <object_component_ref idref="oc-12c"/>
      </symbol>
      <symbol id="sm-9a7">
         <name>__aeabi_dmul</name>
         <value>0x681d</value>
         <object_component_ref idref="oc-2d7"/>
      </symbol>
      <symbol id="sm-9b1">
         <name>__aeabi_d2iz</name>
         <value>0x6ef5</value>
         <object_component_ref idref="oc-131"/>
      </symbol>
      <symbol id="sm-9bd">
         <name>__aeabi_d2f</name>
         <value>0x6c19</value>
         <object_component_ref idref="oc-f1"/>
      </symbol>
      <symbol id="sm-9c8">
         <name>__aeabi_f2d</name>
         <value>0x7035</value>
         <object_component_ref idref="oc-e7"/>
      </symbol>
      <symbol id="sm-9d2">
         <name>__aeabi_i2d</name>
         <value>0x70a1</value>
         <object_component_ref idref="oc-2e7"/>
      </symbol>
      <symbol id="sm-9f1">
         <name>__aeabi_ldivmod</name>
         <value>0x58a9</value>
         <object_component_ref idref="oc-2ba"/>
      </symbol>
      <symbol id="sm-9fa">
         <name>__aeabi_lmul</name>
         <value>0x71c9</value>
         <object_component_ref idref="oc-320"/>
      </symbol>
      <symbol id="sm-a0a">
         <name>memcmp</name>
         <value>0x711d</value>
         <object_component_ref idref="oc-2bf"/>
      </symbol>
      <symbol id="sm-a25">
         <name>memcpy</name>
         <value>0x6a0d</value>
         <object_component_ref idref="oc-4b"/>
      </symbol>
      <symbol id="sm-a26">
         <name>__aeabi_memcpy</name>
         <value>0x6a0d</value>
         <object_component_ref idref="oc-4b"/>
      </symbol>
      <symbol id="sm-a27">
         <name>__aeabi_memcpy8</name>
         <value>0x6a0d</value>
         <object_component_ref idref="oc-4b"/>
      </symbol>
      <symbol id="sm-a28">
         <name>__aeabi_memcpy4</name>
         <value>0x6a0d</value>
         <object_component_ref idref="oc-4b"/>
      </symbol>
      <symbol id="sm-a37">
         <name>__aeabi_memset</name>
         <value>0x6b31</value>
         <object_component_ref idref="oc-57"/>
      </symbol>
      <symbol id="sm-a38">
         <name>memset</name>
         <value>0x6b37</value>
         <object_component_ref idref="oc-57"/>
      </symbol>
      <symbol id="sm-a39">
         <name>__aeabi_memset8</name>
         <value>0x6b31</value>
         <object_component_ref idref="oc-57"/>
      </symbol>
      <symbol id="sm-a3a">
         <name>__aeabi_memset4</name>
         <value>0x6b31</value>
         <object_component_ref idref="oc-57"/>
      </symbol>
      <symbol id="sm-a3b">
         <name>__aeabi_memclr8</name>
         <value>0x6b2f</value>
         <object_component_ref idref="oc-57"/>
      </symbol>
      <symbol id="sm-a3c">
         <name>__aeabi_memclr4</name>
         <value>0x6b2f</value>
         <object_component_ref idref="oc-57"/>
      </symbol>
      <symbol id="sm-a3d">
         <name>__aeabi_memclr</name>
         <value>0x6b2f</value>
         <object_component_ref idref="oc-57"/>
      </symbol>
      <symbol id="sm-a47">
         <name>__mpu_init</name>
         <value>0x6c87</value>
         <object_component_ref idref="oc-63"/>
      </symbol>
      <symbol id="sm-a51">
         <name>_system_pre_init</name>
         <value>0x732f</value>
         <object_component_ref idref="oc-69"/>
      </symbol>
      <symbol id="sm-a87">
         <name>atanl</name>
         <value>0x5301</value>
         <object_component_ref idref="oc-356"/>
      </symbol>
      <symbol id="sm-a88">
         <name>atan</name>
         <value>0x5301</value>
         <object_component_ref idref="oc-356"/>
      </symbol>
      <symbol id="sm-a90">
         <name>main_func_sp</name>
         <value>0x20000298</value>
         <object_component_ref idref="oc-81"/>
      </symbol>
      <symbol id="sm-a9f">
         <name>__aeabi_uidivmod</name>
         <value>0x6f83</value>
         <object_component_ref idref="oc-1d9"/>
      </symbol>
      <symbol id="sm-aa0">
         <name>__aeabi_uidiv</name>
         <value>0x6f83</value>
         <object_component_ref idref="oc-1d9"/>
      </symbol>
      <symbol id="sm-aaa">
         <name>__aeabi_ui2d</name>
         <value>0x7161</value>
         <object_component_ref idref="oc-127"/>
      </symbol>
      <symbol id="sm-ac3">
         <name>_nop</name>
         <value>0x7203</value>
         <object_component_ref idref="oc-25e"/>
      </symbol>
      <symbol id="sm-ac4">
         <name>_lock</name>
         <value>0x20000284</value>
         <object_component_ref idref="oc-16a"/>
      </symbol>
      <symbol id="sm-ac5">
         <name>_unlock</name>
         <value>0x20000288</value>
         <object_component_ref idref="oc-16a"/>
      </symbol>
      <symbol id="sm-ac6">
         <name>_register_lock</name>
         <value>0x71fb</value>
         <object_component_ref idref="oc-25e"/>
      </symbol>
      <symbol id="sm-ac7">
         <name>_register_unlock</name>
         <value>0x71f5</value>
         <object_component_ref idref="oc-25e"/>
      </symbol>
      <symbol id="sm-adb">
         <name>_args_main</name>
         <value>0x71b1</value>
         <object_component_ref idref="oc-75"/>
      </symbol>
      <symbol id="sm-b05">
         <name>__TI_auto_init</name>
         <value>0x6ba9</value>
         <object_component_ref idref="oc-6f"/>
      </symbol>
      <symbol id="sm-b1f">
         <name>copy_in</name>
         <value>0x6e61</value>
         <object_component_ref idref="oc-151"/>
      </symbol>
      <symbol id="sm-b29">
         <name>__aeabi_idiv0</name>
         <value>0x5ac7</value>
         <object_component_ref idref="oc-28d"/>
      </symbol>
      <symbol id="sm-b33">
         <name>__aeabi_ldiv0</name>
         <value>0x61fb</value>
         <object_component_ref idref="oc-305"/>
      </symbol>
      <symbol id="sm-b3d">
         <name>_system_post_cinit</name>
         <value>0x6fc3</value>
         <object_component_ref idref="oc-157"/>
      </symbol>
      <symbol id="sm-b3e">
         <name>__TI_static_base__</name>
         <value>0x0</value>
      </symbol>
      <symbol id="sm-b41">
         <name>SHT$$INIT_ARRAY$$Limit</name>
         <value>0x0</value>
      </symbol>
      <symbol id="sm-b42">
         <name>SHT$$INIT_ARRAY$$Base</name>
         <value>0x0</value>
      </symbol>
   </symbol_table>
   <title>Link successful</title>
</link_info>
