******************************************************************************
                  TI ARM Linker PC v16.9.6                     
******************************************************************************
>> Linked Mon Mar 26 07:32:26 2018

OUTPUT FILE NAME:   <PointRace_3_Car.out>
ENTRY POINT SYMBOL: "_c_int00"  address: 00000c3d


MEMORY CONFIGURATION

         name            origin    length      used     unused   attr    fill
----------------------  --------  ---------  --------  --------  ----  --------
  FLASH                 00000000   00040000  00000ede  0003f122  R  X
  SRAM                  20000000   00008000  0000021a  00007de6  RW X


SEGMENT ALLOCATION MAP

run origin  load origin   length   init length attrs members
----------  ----------- ---------- ----------- ----- -------
00000000    00000000    00000ee4   00000ee4    r-x
  00000000    00000000    0000026c   0000026c    r-- .intvecs
  0000026c    0000026c    00000be2   00000be2    r-x .text
  00000e50    00000e50    0000006c   0000006c    r-- .const
  00000ec0    00000ec0    00000024   00000024    r-- .cinit
20000000    20000000    0000021a   00000000    rw-
  20000000    20000000    00000200   00000000    rw- .stack
  20000200    20000200    0000001a   00000000    rw- .data


SECTION ALLOCATION MAP

 output                                  attributes/
section   page    origin      length       input sections
--------  ----  ----------  ----------   ----------------
.intvecs   0    00000000    0000026c     
                  00000000    0000026c     tm4c123gh6pm_startup_ccs.obj (.intvecs)

.text      0    0000026c    00000be2     
                  0000026c    00000524     motor.obj (.text)
                  00000790    00000132     driverlib.lib : gpio.obj (.text:GPIOPadConfigSet)
                  000008c2    00000002     rtsv7M4_T_le_v4SPD16_eabi.lib : mpu_init.obj (.text)
                  000008c4    00000110     driverlib.lib : sysctl.obj (.text:SysCtlClockGet)
                  000009d4    000000f4                   : sysctl.obj (.text:SysCtlClockSet)
                  00000ac8    0000009c     rtsv7M4_T_le_v4SPD16_eabi.lib : memcpy_t2.obj (.text)
                  00000b64    00000070                                   : autoinit.obj (.text)
                  00000bd4    00000068                                   : copy_decompress_lzss.obj (.text:decompress:lzss)
                  00000c3c    00000054                                   : boot.obj (.text)
                  00000c90    00000054                                   : exit.obj (.text)
                  00000ce4    00000050     main.obj (.text)
                  00000d34    0000004c     rtsv7M4_T_le_v4SPD16_eabi.lib : cpy_tbl.obj (.text)
                  00000d80    00000034     driverlib.lib : sysctl.obj (.text:SysCtlPeripheralEnable)
                  00000db4    0000002a                   : gpio.obj (.text:GPIODirModeSet)
                  00000dde    00000018                   : gpio.obj (.text:GPIOPinTypeGPIOOutput)
                  00000df6    00000002     rtsv7M4_T_le_v4SPD16_eabi.lib : startup.obj (.text)
                  00000df8    00000018                                   : args_main.obj (.text)
                  00000e10    00000014                                   : _lock.obj (.text)
                  00000e24    0000000e                                   : copy_decompress_none.obj (.text:decompress:none)
                  00000e32    0000000c     tm4c123gh6pm_startup_ccs.obj (.text)
                  00000e3e    00000006     driverlib.lib : gpio.obj (.text:GPIOPinWrite)
                  00000e44    00000006                   : sysctl.obj (.text:SysCtlDelay)
                  00000e4a    00000004     rtsv7M4_T_le_v4SPD16_eabi.lib : pre_init.obj (.text)

.const     0    00000e50    0000006c     
                  00000e50    0000006c     driverlib.lib : sysctl.obj (.const:g_pui32Xtals)

.cinit     0    00000ec0    00000024     
                  00000ec0    00000011     (.cinit..data.load) [load image, compression = lzss]
                  00000ed1    00000003     --HOLE-- [fill = 0]
                  00000ed4    00000008     (__TI_handler_table)
                  00000edc    00000008     (__TI_cinit_table)

.init_array 
*          0    00000000    00000000     UNINITIALIZED

.stack     0    20000000    00000200     UNINITIALIZED
                  20000000    00000200     --HOLE--

.data      0    20000200    0000001a     UNINITIALIZED
                  20000200    0000000c     rtsv7M4_T_le_v4SPD16_eabi.lib : exit.obj (.data:$O1$$)
                  2000020c    00000008                                   : _lock.obj (.data:$O1$$)
                  20000214    00000004                                   : stkdepth_vars.obj (.data)
                  20000218    00000002     motor.obj (.data)

MODULE SUMMARY

       Module                         code   ro data   rw data
       ------                         ----   -------   -------
    .\
       tm4c123gh6pm_startup_ccs.obj   12     620       0      
       main.obj                       80     0         0      
    +--+------------------------------+------+---------+---------+
       Total:                         92     620       0      
                                                              
    .\Motor\
       motor.obj                      1316   0         2      
    +--+------------------------------+------+---------+---------+
       Total:                         1316   0         2      
                                                              
    D:/ti/TivaWare_C_Series-2.1.4.178/driverlib/ccs/Debug/driverlib.lib
       sysctl.obj                     574    108       0      
       gpio.obj                       378    0         0      
    +--+------------------------------+------+---------+---------+
       Total:                         952    108       0      
                                                              
    D:\Project_Program\Ccs_V7\ccsv7\tools\compiler\ti-cgt-arm_16.9.6.LTS\lib\rtsv7M4_T_le_v4SPD16_eabi.lib
       memcpy_t2.obj                  156    0         0      
       autoinit.obj                   112    0         0      
       copy_decompress_lzss.obj       104    0         0      
       exit.obj                       84     0         12     
       boot.obj                       84     0         0      
       cpy_tbl.obj                    76     0         0      
       _lock.obj                      20     0         8      
       args_main.obj                  24     0         0      
       copy_decompress_none.obj       14     0         0      
       pre_init.obj                   4      0         0      
       stkdepth_vars.obj              0      0         4      
       mpu_init.obj                   2      0         0      
       startup.obj                    2      0         0      
    +--+------------------------------+------+---------+---------+
       Total:                         682    0         24     
                                                              
       Stack:                         0      0         512    
       Linker Generated:              0      33        0      
    +--+------------------------------+------+---------+---------+
       Grand Total:                   3042   761       538    


LINKER GENERATED COPY TABLES

__TI_cinit_table @ 00000edc records: 1, size/record: 8, table size: 8
	.data: load addr=00000ec0, load size=00000011 bytes, run addr=20000200, run size=0000001a bytes, compression=lzss


LINKER GENERATED HANDLER TABLE

__TI_handler_table @ 00000ed4 records: 2, size/record: 4, table size: 8
	index: 0, handler: __TI_decompress_lzss
	index: 1, handler: __TI_decompress_none


GLOBAL SYMBOLS: SORTED ALPHABETICALLY BY Name 

address   name                           
-------   ----                           
00000c91  C$$EXIT                        
00000db5  GPIODirModeSet                 
00000791  GPIOPadConfigSet               
00000ddf  GPIOPinTypeGPIOOutput          
00000e3f  GPIOPinWrite                   
0000026d  Motor_Configure                
00000e33  ResetISR                       
UNDEFED   SHT$$INIT_ARRAY$$Base          
UNDEFED   SHT$$INIT_ARRAY$$Limit         
00000455  SetMotor_Eight                 
000002a7  SetMotor_Four                  
000008c5  SysCtlClockGet                 
000009d5  SysCtlClockSet                 
00000e45  SysCtlDelay                    
00000d81  SysCtlPeripheralEnable         
20000200  __STACK_END                    
00000200  __STACK_SIZE                   
20000200  __STACK_TOP                    
00000edc  __TI_CINIT_Base                
00000ee4  __TI_CINIT_Limit               
00000ed4  __TI_Handler_Table_Base        
00000edc  __TI_Handler_Table_Limit       
00000b65  __TI_auto_init                 
20000200  __TI_cleanup_ptr               
00000bd5  __TI_decompress_lzss           
00000e25  __TI_decompress_none           
20000204  __TI_dtors_ptr                 
20000208  __TI_enable_exit_profile_output
ffffffff  __TI_pprof_out_hndl            
ffffffff  __TI_prof_data_size            
ffffffff  __TI_prof_data_start           
00000000  __TI_static_base__             
00000ac9  __aeabi_memcpy                 
00000ac9  __aeabi_memcpy4                
00000ac9  __aeabi_memcpy8                
ffffffff  __binit__                      
ffffffff  __c_args__                     
000008c3  __mpu_init                     
20000000  __stack                        
00000df9  _args_main                     
00000c3d  _c_int00                       
2000020c  _lock                          
00000e1f  _nop                           
00000e17  _register_lock                 
00000e11  _register_unlock               
00000df7  _system_post_cinit             
00000e4b  _system_pre_init               
20000210  _unlock                        
00000c95  abort                          
ffffffff  binit                          
00000d35  copy_in                        
00000c9d  exit                           
00000000  g_pfnVectors                   
00000ce5  main                           
20000214  main_func_sp                   
00000ac9  memcpy                         


GLOBAL SYMBOLS: SORTED BY Symbol Address 

address   name                           
-------   ----                           
00000000  __TI_static_base__             
00000000  g_pfnVectors                   
00000200  __STACK_SIZE                   
0000026d  Motor_Configure                
000002a7  SetMotor_Four                  
00000455  SetMotor_Eight                 
00000791  GPIOPadConfigSet               
000008c3  __mpu_init                     
000008c5  SysCtlClockGet                 
000009d5  SysCtlClockSet                 
00000ac9  __aeabi_memcpy                 
00000ac9  __aeabi_memcpy4                
00000ac9  __aeabi_memcpy8                
00000ac9  memcpy                         
00000b65  __TI_auto_init                 
00000bd5  __TI_decompress_lzss           
00000c3d  _c_int00                       
00000c91  C$$EXIT                        
00000c95  abort                          
00000c9d  exit                           
00000ce5  main                           
00000d35  copy_in                        
00000d81  SysCtlPeripheralEnable         
00000db5  GPIODirModeSet                 
00000ddf  GPIOPinTypeGPIOOutput          
00000df7  _system_post_cinit             
00000df9  _args_main                     
00000e11  _register_unlock               
00000e17  _register_lock                 
00000e1f  _nop                           
00000e25  __TI_decompress_none           
00000e33  ResetISR                       
00000e3f  GPIOPinWrite                   
00000e45  SysCtlDelay                    
00000e4b  _system_pre_init               
00000ed4  __TI_Handler_Table_Base        
00000edc  __TI_CINIT_Base                
00000edc  __TI_Handler_Table_Limit       
00000ee4  __TI_CINIT_Limit               
20000000  __stack                        
20000200  __STACK_END                    
20000200  __STACK_TOP                    
20000200  __TI_cleanup_ptr               
20000204  __TI_dtors_ptr                 
20000208  __TI_enable_exit_profile_output
2000020c  _lock                          
20000210  _unlock                        
20000214  main_func_sp                   
ffffffff  __TI_pprof_out_hndl            
ffffffff  __TI_prof_data_size            
ffffffff  __TI_prof_data_start           
ffffffff  __binit__                      
ffffffff  __c_args__                     
ffffffff  binit                          
UNDEFED   SHT$$INIT_ARRAY$$Base          
UNDEFED   SHT$$INIT_ARRAY$$Limit         

[56 symbols]
